Archive member included to satisfy reference by file (symbol)

app/libapp.a(main.c.obj)      (--whole-archive)
app/libapp.a(flash_map_extended.c.obj)
                              (--whole-archive)
app/libapp.a(os.c.obj)        (--whole-archive)
app/libapp.a(keys.c.obj)      (--whole-archive)
app/libapp.a(image_validate.c.obj)
                              (--whole-archive)
app/libapp.a(tlv.c.obj)       (--whole-archive)
app/libapp.a(encrypted.c.obj)
                              (--whole-archive)
app/libapp.a(image_rsa.c.obj)
                              (--whole-archive)
app/libapp.a(image_ec256.c.obj)
                              (--whole-archive)
app/libapp.a(image_ed25519.c.obj)
                              (--whole-archive)
app/libapp.a(bootutil_misc.c.obj)
                              (--whole-archive)
app/libapp.a(fault_injection_hardening.c.obj)
                              (--whole-archive)
app/libapp.a(loader.c.obj)    (--whole-archive)
app/libapp.a(swap_misc.c.obj)
                              (--whole-archive)
app/libapp.a(swap_scratch.c.obj)
                              (--whole-archive)
app/libapp.a(swap_move.c.obj)
                              (--whole-archive)
app/libapp.a(caps.c.obj)      (--whole-archive)
app/libapp.a(autogen-pubkey.c.obj)
                              (--whole-archive)
app/libapp.a(nrf_cleanup.c.obj)
                              (--whole-archive)
zephyr/libzephyr.a(cbprintf.c.obj)
                              (--whole-archive)
zephyr/libzephyr.a(crc32_sw.c.obj)
                              (--whole-archive)
zephyr/libzephyr.a(crc16_sw.c.obj)
                              (--whole-archive)
zephyr/libzephyr.a(crc8_sw.c.obj)
                              (--whole-archive)
zephyr/libzephyr.a(crc7_sw.c.obj)
                              (--whole-archive)
zephyr/libzephyr.a(dec.c.obj)
                              (--whole-archive)
zephyr/libzephyr.a(fdtable.c.obj)
                              (--whole-archive)
zephyr/libzephyr.a(hex.c.obj)
                              (--whole-archive)
zephyr/libzephyr.a(mempool.c.obj)
                              (--whole-archive)
zephyr/libzephyr.a(notify.c.obj)
                              (--whole-archive)
zephyr/libzephyr.a(printk.c.obj)
                              (--whole-archive)
zephyr/libzephyr.a(onoff.c.obj)
                              (--whole-archive)
zephyr/libzephyr.a(rb.c.obj)  (--whole-archive)
zephyr/libzephyr.a(sem.c.obj)
                              (--whole-archive)
zephyr/libzephyr.a(thread_entry.c.obj)
                              (--whole-archive)
zephyr/libzephyr.a(timeutil.c.obj)
                              (--whole-archive)
zephyr/libzephyr.a(work_q.c.obj)
                              (--whole-archive)
zephyr/libzephyr.a(heap.c.obj)
                              (--whole-archive)
zephyr/libzephyr.a(heap-validate.c.obj)
                              (--whole-archive)
zephyr/libzephyr.a(cbprintf_complete.c.obj)
                              (--whole-archive)
zephyr/libzephyr.a(configs.c.obj)
                              (--whole-archive)
zephyr/libzephyr.a(soc.c.obj)
                              (--whole-archive)
zephyr/libzephyr.a(validate_base_addresses.c.obj)
                              (--whole-archive)
zephyr/libzephyr.a(validate_enabled_instances.c.obj)
                              (--whole-archive)
zephyr/libzephyr.a(log_list.c.obj)
                              (--whole-archive)
zephyr/libzephyr.a(log_core.c.obj)
                              (--whole-archive)
zephyr/libzephyr.a(log_msg.c.obj)
                              (--whole-archive)
zephyr/libzephyr.a(log_output.c.obj)
                              (--whole-archive)
zephyr/libzephyr.a(log_backend_rtt.c.obj)
                              (--whole-archive)
zephyr/libzephyr.a(flash_map.c.obj)
                              (--whole-archive)
zephyr/libzephyr.a(flash_map_default.c.obj)
                              (--whole-archive)
zephyr/libzephyr.a(rtt_console.c.obj)
                              (--whole-archive)
zephyr/libzephyr.a(clock_control_nrf.c.obj)
                              (--whole-archive)
zephyr/libzephyr.a(sys_clock_init.c.obj)
                              (--whole-archive)
zephyr/libzephyr.a(nrf_rtc_timer.c.obj)
                              (--whole-archive)
zephyr/libzephyr.a(nrf_cc3xx_platform_abort_zephyr.c.obj)
                              (--whole-archive)
zephyr/libzephyr.a(nrf_cc3xx_platform_mutex_zephyr.c.obj)
                              (--whole-archive)
zephyr/libzephyr.a(SEGGER_RTT.c.obj)
                              (--whole-archive)
zephyr/libzephyr.a(SEGGER_RTT_zephyr.c.obj)
                              (--whole-archive)
zephyr/arch/common/libarch__common.a(sw_isr_common.c.obj)
                              (--whole-archive)
zephyr/arch/arch/arm/core/aarch32/libarch__arm__core__aarch32.a(swap.c.obj)
                              (--whole-archive)
[...]
Memory Configuration

Name             Origin             Length             Attributes
FLASH            0x0000000000000000 0x000000000000c000 xr
SRAM             0x0000000020020000 0x0000000000020000 xw
IDT_LIST         0x0000000020040000 0x0000000000000800 xw
*default*        0x0000000000000000 0xffffffffffffffff

Linker script and memory map

LOAD zephyr/CMakeFiles/zephyr_final.dir/misc/empty_file.c.obj
LOAD zephyr/CMakeFiles/zephyr_final.dir/isr_tables.c.obj
                0x0000000000000020                _region_min_align = 0x20

.rel.plt        0x0000000000000000        0x0
 *(SORT_BY_ALIGNMENT(.rel.plt))
                [!provide]                        PROVIDE (__rel_iplt_start = .)
 *(SORT_BY_ALIGNMENT(.rel.iplt))
 .rel.iplt      0x0000000000000000        0x0 zephyr/CMakeFiles/zephyr_final.dir/isr_tables.c.obj
                [!provide]                        PROVIDE (__rel_iplt_end = .)

.rela.plt       0x0000000000000000        0x0
 *(SORT_BY_ALIGNMENT(.rela.plt))
                [!provide]                        PROVIDE (__rela_iplt_start = .)
 *(SORT_BY_ALIGNMENT(.rela.iplt))
                [!provide]                        PROVIDE (__rela_iplt_end = .)

.rel.dyn
 *(SORT_BY_ALIGNMENT(.rel.*))

.rela.dyn
 *(SORT_BY_ALIGNMENT(.rela.*))

/DISCARD/
 *(SORT_BY_ALIGNMENT(.plt))
 *(SORT_BY_ALIGNMENT(.iplt))
 *(SORT_BY_ALIGNMENT(.got.plt))
 *(SORT_BY_ALIGNMENT(.igot.plt))
 *(SORT_BY_ALIGNMENT(.got))
 *(SORT_BY_ALIGNMENT(.igot))
 *(SORT_BY_ALIGNMENT(.irq_info*))
 *(SORT_BY_ALIGNMENT(.intList*))
 *(SORT_BY_ALIGNMENT(.note.GNU-stack))
                0x0000000000000000                _image_rom_start = 0x0

rom_start       0x0000000000000000      0x144
                0x0000000000000000                . = 0x0
                0x0000000000000000                . = ALIGN (0x4)
                0x0000000000000000                . = ALIGN (0x80)
                0x0000000000000000                . = ALIGN (0x200)
                0x0000000000000000                _vector_start = .
 *(SORT_BY_ALIGNMENT(.exc_vector_table))
 *(SORT_BY_ALIGNMENT(.exc_vector_table.*))
 .exc_vector_table._vector_table_section
                0x0000000000000000       0x40 zephyr/arch/arch/arm/core/aarch32/cortex_m/libarch__arm__core__aarch32__cortex_m.a(vector_table.S.obj)
                0x0000000000000000                _vector_table
 *(SORT_BY_ALIGNMENT(.gnu.linkonce.irq_vector_table*))
 .gnu.linkonce.irq_vector_table*
                0x0000000000000040      0x104 zephyr/CMakeFiles/zephyr_final.dir/isr_tables.c.obj
                0x0000000000000040                _irq_vector_table
 *(SORT_BY_ALIGNMENT(.vectors))
                0x0000000000000144                _vector_end = .
 *(SORT_BY_ALIGNMENT(.openocd_dbg))
 *(SORT_BY_ALIGNMENT(.openocd_dbg.*))

text            0x0000000000000144     0x9d48
                0x0000000000000144                _image_text_start = .
 *(SORT_BY_ALIGNMENT(.text))
 .text          0x0000000000000144       0x30 /opt/nordic/ncs/v1.4.99-dev1/toolchain/bin/../lib/gcc/arm-none-eabi/9.2.1/thumb/v8-m.main/nofp/libgcc.a(_aeabi_uldivmod.o)
                0x0000000000000144                __aeabi_uldivmod
 .text          0x0000000000000174      0x2c8 /opt/nordic/ncs/v1.4.99-dev1/toolchain/bin/../lib/gcc/arm-none-eabi/9.2.1/thumb/v8-m.main/nofp/libgcc.a(_udivmoddi4.o)
                0x0000000000000174                __udivmoddi4
 .text          0x000000000000043c        0x4 /opt/nordic/ncs/v1.4.99-dev1/toolchain/bin/../lib/gcc/arm-none-eabi/9.2.1/thumb/v8-m.main/nofp/libgcc.a(_dvmd_tls.o)
                0x000000000000043c                __aeabi_ldiv0
                0x000000000000043c                __aeabi_idiv0
 *(SORT_BY_ALIGNMENT(.text.*))
 .text.main     0x0000000000000440      0x15c app/libapp.a(main.c.obj)
                0x0000000000000440                main
 .text.flash_device_get_binding
                0x000000000000059c       0x1c app/libapp.a(flash_map_extended.c.obj)
                0x000000000000059c                flash_device_get_binding
 .text.flash_device_base
                0x00000000000005b8       0x44 app/libapp.a(flash_map_extended.c.obj)
                0x00000000000005b8                flash_device_base
 .text.os_heap_init
                0x00000000000005fc       0x14 app/libapp.a(os.c.obj)
                0x00000000000005fc                os_heap_init
 .text.bootutil_find_key
                0x0000000000000610       0x68 app/libapp.a(image_validate.c.obj)
 .text.bootutil_img_validate
                0x0000000000000678      0x180 app/libapp.a(image_validate.c.obj)
                0x0000000000000678                bootutil_img_validate
 .text.bootutil_cmp_rsasig
                0x00000000000007f8       0xe0 app/libapp.a(image_rsa.c.obj)
 .text.bootutil_verify_sig
                0x00000000000008d8       0x70 app/libapp.a(image_rsa.c.obj)
                0x00000000000008d8                bootutil_verify_sig
 .text.boot_magic_decode
                0x0000000000000948       0x18 app/libapp.a(bootutil_misc.c.obj)
 .text.boot_find_status
                0x0000000000000960       0x6c app/libapp.a(bootutil_misc.c.obj)
 .text.boot_write_magic
                0x00000000000009cc       0x1c app/libapp.a(bootutil_misc.c.obj)
                0x00000000000009cc                boot_write_magic
 .text.boot_swap_type_multi
                0x00000000000009e8      0x11c app/libapp.a(bootutil_misc.c.obj)
                0x00000000000009e8                boot_swap_type_multi
 .text.boot_is_header_valid
                0x0000000000000b04       0x40 app/libapp.a(loader.c.obj)
 .text.boot_image_check
                0x0000000000000b44       0x2c app/libapp.a(loader.c.obj)
 .text.boot_validate_slot
                0x0000000000000b70       0xd4 app/libapp.a(loader.c.obj)
 .text.boot_validated_swap_type
                0x0000000000000c44       0x40 app/libapp.a(loader.c.obj)
 .text.boot_swap_image
                0x0000000000000c84       0xac app/libapp.a(loader.c.obj)
 .text.boot_complete_partial_swap
                0x0000000000000d30       0x8c app/libapp.a(loader.c.obj)
 .text.boot_prepare_image_for_update
                0x0000000000000dbc      0x170 app/libapp.a(loader.c.obj)
 .text.boot_copy_region
                0x0000000000000f2c       0x78 app/libapp.a(loader.c.obj)
                0x0000000000000f2c                boot_copy_region
 .text.context_boot_go
                0x0000000000000fa4      0x148 app/libapp.a(loader.c.obj)
                0x0000000000000fa4                context_boot_go
 .text.boot_go  0x00000000000010ec       0x10 app/libapp.a(loader.c.obj)
                0x00000000000010ec                boot_go
 .text.boot_move_sector_up
                0x00000000000010fc       0x8c app/libapp.a(swap_move.c.obj)
 .text.boot_swap_sectors
                0x0000000000001188       0xb4 app/libapp.a(swap_move.c.obj)
 .text.boot_read_image_header
                0x000000000000123c       0xb8 app/libapp.a(swap_move.c.obj)
                0x000000000000123c                boot_read_image_header
 .text.swap_read_status_bytes
                0x00000000000012f4      0x108 app/libapp.a(swap_move.c.obj)
                0x00000000000012f4                swap_read_status_bytes
 .text.boot_slots_compatible
                0x00000000000013fc       0xf8 app/libapp.a(swap_move.c.obj)
                0x00000000000013fc                boot_slots_compatible
 .text.swap_status_source
                0x00000000000014f4      0x13c app/libapp.a(swap_move.c.obj)
                0x00000000000014f4                swap_status_source
 .text.fixup_revert
                0x0000000000001630       0xbc app/libapp.a(swap_move.c.obj)
                0x0000000000001630                fixup_revert
 .text.swap_run
                0x00000000000016ec      0x114 app/libapp.a(swap_move.c.obj)
                0x00000000000016ec                swap_run
 .text.nrf_cleanup_peripheral
                0x0000000000001800       0x54 app/libapp.a(nrf_cleanup.c.obj)
                0x0000000000001800                nrf_cleanup_peripheral
 .text.__printk_hook_install
                0x0000000000001854        0xc zephyr/libzephyr.a(printk.c.obj)
                0x0000000000001854                __printk_hook_install
 .text.process_event
                0x0000000000001860      0x158 zephyr/libzephyr.a(onoff.c.obj)
 .text.cbvprintf
                0x00000000000019b8      0x950 zephyr/libzephyr.a(cbprintf_complete.c.obj)
                0x00000000000019b8                cbvprintf
 .text.nordicsemi_nrf91_init
                0x0000000000002308       0x28 zephyr/libzephyr.a(soc.c.obj)
 .text.arch_busy_wait
                0x0000000000002330       0x18 zephyr/libzephyr.a(soc.c.obj)
                0x0000000000002330                arch_busy_wait
 .text.log_generic
                0x0000000000002348       0x64 zephyr/libzephyr.a(log_core.c.obj)
                0x0000000000002348                log_generic
 .text.log_core_init
                0x00000000000023ac       0x1c zephyr/libzephyr.a(log_core.c.obj)
                0x00000000000023ac                log_core_init
 .text.log_source_name_get
                0x00000000000023c8       0x20 zephyr/libzephyr.a(log_core.c.obj)
                0x00000000000023c8                log_source_name_get
 .text.log_backend_enable
                0x00000000000023e8       0x3c zephyr/libzephyr.a(log_core.c.obj)
                0x00000000000023e8                log_backend_enable
 .text.log_init
                0x0000000000002424       0x5c zephyr/libzephyr.a(log_core.c.obj)
                0x0000000000002424                log_init
 .text.z_impl_log_panic
                0x0000000000002480       0x50 zephyr/libzephyr.a(log_core.c.obj)
                0x0000000000002480                z_impl_log_panic
 .text.print_formatted
                0x00000000000024d0       0x24 zephyr/libzephyr.a(log_output.c.obj)
 .text.timestamp_print
                0x00000000000024f4       0x8c zephyr/libzephyr.a(log_output.c.obj)
 .text.color_print
                0x0000000000002580       0x2c zephyr/libzephyr.a(log_output.c.obj)
 .text.newline_print
                0x00000000000025ac       0x28 zephyr/libzephyr.a(log_output.c.obj)
 .text.hexdump_line_print
                0x00000000000025d4       0xbc zephyr/libzephyr.a(log_output.c.obj)
 .text.ids_print
                0x0000000000002690       0x5c zephyr/libzephyr.a(log_output.c.obj)
 .text.log_output_string
                0x00000000000026ec       0x68 zephyr/libzephyr.a(log_output.c.obj)
                0x00000000000026ec                log_output_string
 .text.log_output_hexdump
                0x0000000000002754       0x78 zephyr/libzephyr.a(log_output.c.obj)
                0x0000000000002754                log_output_hexdump
 .text.log_output_timestamp_freq_set
                0x00000000000027cc       0x2c zephyr/libzephyr.a(log_output.c.obj)
                0x00000000000027cc                log_output_timestamp_freq_set
 .text.log_backend_rtt_init
                0x00000000000027f8        0xc zephyr/libzephyr.a(log_backend_rtt.c.obj)
 .text.on_failed_write
                0x0000000000002804       0x1c zephyr/libzephyr.a(log_backend_rtt.c.obj)
 .text.on_write
                0x0000000000002820       0x38 zephyr/libzephyr.a(log_backend_rtt.c.obj)
 .text.data_out_block_mode
                0x0000000000002858       0x4c zephyr/libzephyr.a(log_backend_rtt.c.obj)
 .text.panic    0x00000000000028a4       0x18 zephyr/libzephyr.a(log_backend_rtt.c.obj)
 .text.sync_hexdump
                0x00000000000028bc       0x20 zephyr/libzephyr.a(log_backend_rtt.c.obj)
 .text.sync_string
                0x00000000000028dc       0x1c zephyr/libzephyr.a(log_backend_rtt.c.obj)
 .text.get_flash_area_from_id
                0x00000000000028f8       0x30 zephyr/libzephyr.a(flash_map.c.obj)
 .text.flash_area_open
                0x0000000000002928       0x28 zephyr/libzephyr.a(flash_map.c.obj)
                0x0000000000002928                flash_area_open
 .text.flash_area_get_sectors
                0x0000000000002950       0x18 zephyr/libzephyr.a(flash_map.c.obj)
                0x0000000000002950                flash_area_get_sectors
 .text.rtt_console_init
                0x0000000000002968       0x18 zephyr/libzephyr.a(rtt_console.c.obj)
 .text.rtt_console_out
                0x0000000000002980       0x64 zephyr/libzephyr.a(rtt_console.c.obj)
 .text.get_hf_flags
                0x00000000000029e4        0x8 zephyr/libzephyr.a(clock_control_nrf.c.obj)
 .text.get_subsys
                0x00000000000029ec       0x18 zephyr/libzephyr.a(clock_control_nrf.c.obj)
 .text.onoff_stop
                0x0000000000002a04       0x20 zephyr/libzephyr.a(clock_control_nrf.c.obj)
 .text.onoff_start
                0x0000000000002a24       0x34 zephyr/libzephyr.a(clock_control_nrf.c.obj)
 .text.clock_event_handler
                0x0000000000002a58       0x34 zephyr/libzephyr.a(clock_control_nrf.c.obj)
 .text.generic_hfclk_start
                0x0000000000002a8c       0x68 zephyr/libzephyr.a(clock_control_nrf.c.obj)
 .text.generic_hfclk_stop
                0x0000000000002af4       0x28 zephyr/libzephyr.a(clock_control_nrf.c.obj)
 .text.clk_init
                0x0000000000002b1c       0x68 zephyr/libzephyr.a(clock_control_nrf.c.obj)
 .text.lfclk_spinwait
                0x0000000000002b84       0xf0 zephyr/libzephyr.a(clock_control_nrf.c.obj)
 .text.z_nrf_clock_control_lf_on
                0x0000000000002c74       0x4c zephyr/libzephyr.a(clock_control_nrf.c.obj)
                0x0000000000002c74                z_nrf_clock_control_lf_on
 .text.set_comparator
                0x0000000000002cc0       0x10 zephyr/libzephyr.a(nrf_rtc_timer.c.obj)
 .text.get_comparator
                0x0000000000002cd0        0xc zephyr/libzephyr.a(nrf_rtc_timer.c.obj)
 .text.event_clear
                0x0000000000002cdc       0x10 zephyr/libzephyr.a(nrf_rtc_timer.c.obj)
 .text.event_enable
                0x0000000000002cec       0x10 zephyr/libzephyr.a(nrf_rtc_timer.c.obj)
 .text.int_disable
                0x0000000000002cfc       0x10 zephyr/libzephyr.a(nrf_rtc_timer.c.obj)
 .text.int_enable
                0x0000000000002d0c       0x10 zephyr/libzephyr.a(nrf_rtc_timer.c.obj)
 .text.counter  0x0000000000002d1c        0xc zephyr/libzephyr.a(nrf_rtc_timer.c.obj)
 .text.rtc_nrf_isr
                0x0000000000002d28       0x24 zephyr/libzephyr.a(nrf_rtc_timer.c.obj)
                0x0000000000002d28                rtc_nrf_isr
 .text.prevent_false_prev_evt
                0x0000000000002d4c       0x44 zephyr/libzephyr.a(nrf_rtc_timer.c.obj)
 .text.z_clock_driver_init
                0x0000000000002d90       0x4c zephyr/libzephyr.a(nrf_rtc_timer.c.obj)
                0x0000000000002d90                z_clock_driver_init
 .text.z_clock_set_timeout
                0x0000000000002ddc       0x58 zephyr/libzephyr.a(nrf_rtc_timer.c.obj)
                0x0000000000002ddc                z_clock_set_timeout
 .text.z_clock_elapsed
                0x0000000000002e34       0x2c zephyr/libzephyr.a(nrf_rtc_timer.c.obj)
                0x0000000000002e34                z_clock_elapsed
 .text.z_timer_cycle_get_32
                0x0000000000002e60       0x30 zephyr/libzephyr.a(nrf_rtc_timer.c.obj)
                0x0000000000002e60                z_timer_cycle_get_32
 .text.nrf_cc3xx_platform_abort_init
                0x0000000000002e90       0x10 zephyr/libzephyr.a(nrf_cc3xx_platform_abort_zephyr.c.obj)
                0x0000000000002e90                nrf_cc3xx_platform_abort_init
 .text.mutex_unlock_platform
                0x0000000000002ea0       0x20 zephyr/libzephyr.a(nrf_cc3xx_platform_mutex_zephyr.c.obj)
 .text.mutex_lock_platform
                0x0000000000002ec0       0x30 zephyr/libzephyr.a(nrf_cc3xx_platform_mutex_zephyr.c.obj)
 .text.mutex_free_platform
                0x0000000000002ef0       0x44 zephyr/libzephyr.a(nrf_cc3xx_platform_mutex_zephyr.c.obj)
 .text.mutex_init_platform
                0x0000000000002f34       0x6c zephyr/libzephyr.a(nrf_cc3xx_platform_mutex_zephyr.c.obj)
 .text.nrf_cc3xx_platform_mutex_init
                0x0000000000002fa0       0x28 zephyr/libzephyr.a(nrf_cc3xx_platform_mutex_zephyr.c.obj)
                0x0000000000002fa0                nrf_cc3xx_platform_mutex_init
 .text._DoInit  0x0000000000002fc8       0x60 zephyr/libzephyr.a(SEGGER_RTT.c.obj)
 .text.SEGGER_RTT_WriteSkipNoLock
                0x0000000000003028       0xc8 zephyr/libzephyr.a(SEGGER_RTT.c.obj)
                0x0000000000003028                SEGGER_RTT_WriteSkipNoLock
 .text.SEGGER_RTT_WriteNoLock
                0x00000000000030f0       0x6c zephyr/libzephyr.a(SEGGER_RTT.c.obj)
                0x00000000000030f0                SEGGER_RTT_WriteNoLock
 .text.SEGGER_RTT_HasDataUp
                0x000000000000315c       0x20 zephyr/libzephyr.a(SEGGER_RTT.c.obj)
                0x000000000000315c                SEGGER_RTT_HasDataUp
 .text.arch_swap
                0x000000000000317c       0x34 zephyr/arch/arch/arm/core/aarch32/libarch__arm__core__aarch32.a(swap.c.obj)
                0x000000000000317c                arch_swap
 .text.z_arm_pendsv
                0x00000000000031b0       0x48 zephyr/arch/arch/arm/core/aarch32/libarch__arm__core__aarch32.a(swap_helper.S.obj)
                0x00000000000031b0                z_arm_pendsv
 .text.z_arm_svc
                0x00000000000031f8       0x20 zephyr/arch/arch/arm/core/aarch32/libarch__arm__core__aarch32.a(swap_helper.S.obj)
                0x00000000000031f8                z_arm_svc
 .text.arch_irq_enable
                0x0000000000003218       0x20 zephyr/arch/arch/arm/core/aarch32/libarch__arm__core__aarch32.a(irq_manage.c.obj)
                0x0000000000003218                arch_irq_enable
 .text.arch_irq_is_enabled
                0x0000000000003238       0x1c zephyr/arch/arch/arm/core/aarch32/libarch__arm__core__aarch32.a(irq_manage.c.obj)
                0x0000000000003238                arch_irq_is_enabled
 .text.z_arm_irq_priority_set
                0x0000000000003254       0x2c zephyr/arch/arch/arm/core/aarch32/libarch__arm__core__aarch32.a(irq_manage.c.obj)
                0x0000000000003254                z_arm_irq_priority_set
 .text.z_arm_switch_to_main_no_multithreading
                0x0000000000003280       0x3c zephyr/arch/arch/arm/core/aarch32/libarch__arm__core__aarch32.a(thread.c.obj)
                0x0000000000003280                z_arm_switch_to_main_no_multithreading
 .text.z_arm_cpu_idle_init
                0x00000000000032bc        0xc zephyr/arch/arch/arm/core/aarch32/libarch__arm__core__aarch32.a(cpu_idle.S.obj)
                0x00000000000032bc                z_arm_cpu_idle_init
 .text.arch_cpu_atomic_idle
                0x00000000000032c8       0x14 zephyr/arch/arch/arm/core/aarch32/libarch__arm__core__aarch32.a(cpu_idle.S.obj)
                0x00000000000032c8                arch_cpu_atomic_idle
 .text.z_SysNmiOnReset
                0x00000000000032dc        0x8 zephyr/arch/arch/arm/core/aarch32/libarch__arm__core__aarch32.a(nmi_on_reset.S.obj)
                0x00000000000032dc                z_SysNmiOnReset
 .text.z_arm_prep_c
                0x00000000000032e4       0x44 zephyr/arch/arch/arm/core/aarch32/libarch__arm__core__aarch32.a(prep_c.c.obj)
                0x00000000000032e4                z_arm_prep_c
 .text._isr_wrapper
                0x0000000000003328       0x28 zephyr/arch/arch/arm/core/aarch32/libarch__arm__core__aarch32.a(isr_wrapper.S.obj)
                0x0000000000003328                _isr_wrapper
 .text._reset_section
                0x0000000000003350       0x30 zephyr/arch/arch/arm/core/aarch32/cortex_m/libarch__arm__core__aarch32__cortex_m.a(reset.S.obj)
                0x0000000000003350                z_arm_reset
                0x0000000000003350                __start
 .text.__fault  0x0000000000003380       0x14 zephyr/arch/arch/arm/core/aarch32/cortex_m/libarch__arm__core__aarch32__cortex_m.a(fault_s.S.obj)
                0x0000000000003380                z_arm_bus_fault
                0x0000000000003380                z_arm_usage_fault
                0x0000000000003380                z_arm_mpu_fault
                0x0000000000003380                z_arm_exc_spurious
                0x0000000000003380                z_arm_debug_monitor
                0x0000000000003380                z_arm_hard_fault
 .text.mem_manage_fault
                0x0000000000003394       0x48 zephyr/arch/arch/arm/core/aarch32/cortex_m/libarch__arm__core__aarch32__cortex_m.a(fault.c.obj)
 .text.bus_fault
                0x00000000000033dc       0x54 zephyr/arch/arch/arm/core/aarch32/cortex_m/libarch__arm__core__aarch32__cortex_m.a(fault.c.obj)
 .text.usage_fault
                0x0000000000003430       0x24 zephyr/arch/arch/arm/core/aarch32/cortex_m/libarch__arm__core__aarch32__cortex_m.a(fault.c.obj)
 .text.hard_fault
                0x0000000000003454       0x64 zephyr/arch/arch/arm/core/aarch32/cortex_m/libarch__arm__core__aarch32__cortex_m.a(fault.c.obj)
 .text.z_arm_fault
                0x00000000000034b8       0x94 zephyr/arch/arch/arm/core/aarch32/cortex_m/libarch__arm__core__aarch32__cortex_m.a(fault.c.obj)
                0x00000000000034b8                z_arm_fault
 .text.z_arm_fault_init
                0x000000000000354c       0x10 zephyr/arch/arch/arm/core/aarch32/cortex_m/libarch__arm__core__aarch32__cortex_m.a(fault.c.obj)
                0x000000000000354c                z_arm_fault_init
 .text._HandlerModeExit
                0x000000000000355c        0x4 zephyr/arch/arch/arm/core/aarch32/cortex_m/libarch__arm__core__aarch32__cortex_m.a(exc_exit.S.obj)
                0x000000000000355c                z_arm_exc_exit
                0x000000000000355c                z_arm_int_exit
 .text.z_arm_interrupt_init
                0x0000000000003560       0x34 zephyr/arch/arch/arm/core/aarch32/cortex_m/libarch__arm__core__aarch32__cortex_m.a(irq_init.c.obj)
                0x0000000000003560                z_arm_interrupt_init
 .text.z_impl_k_thread_abort
                0x0000000000003594       0x44 zephyr/arch/arch/arm/core/aarch32/cortex_m/libarch__arm__core__aarch32__cortex_m.a(thread_abort.c.obj)
                0x0000000000003594                z_impl_k_thread_abort
 .text.z_arm_configure_static_mpu_regions
                0x00000000000035d8       0x3c zephyr/arch/arch/arm/core/aarch32/cortex_m/mpu/libarch__arm__core__aarch32__cortex_m__mpu.a(arm_core_mpu.c.obj)
                0x00000000000035d8                z_arm_configure_static_mpu_regions
 .text.mpu_init
                0x0000000000003614       0x10 zephyr/arch/arch/arm/core/aarch32/cortex_m/mpu/libarch__arm__core__aarch32__cortex_m__mpu.a(arm_mpu.c.obj)
 .text.region_init
                0x0000000000003624       0x30 zephyr/arch/arch/arm/core/aarch32/cortex_m/mpu/libarch__arm__core__aarch32__cortex_m__mpu.a(arm_mpu.c.obj)
 .text.region_allocate_and_init
                0x0000000000003654       0x48 zephyr/arch/arch/arm/core/aarch32/cortex_m/mpu/libarch__arm__core__aarch32__cortex_m__mpu.a(arm_mpu.c.obj)
 .text.mpu_configure_regions_and_partition
                0x000000000000369c      0x1e0 zephyr/arch/arch/arm/core/aarch32/cortex_m/mpu/libarch__arm__core__aarch32__cortex_m__mpu.a(arm_mpu.c.obj)
 .text.mpu_configure_static_mpu_regions
                0x000000000000387c       0x14 zephyr/arch/arch/arm/core/aarch32/cortex_m/mpu/libarch__arm__core__aarch32__cortex_m__mpu.a(arm_mpu.c.obj)
 .text.arm_core_mpu_enable
                0x0000000000003890       0x14 zephyr/arch/arch/arm/core/aarch32/cortex_m/mpu/libarch__arm__core__aarch32__cortex_m__mpu.a(arm_mpu.c.obj)
                0x0000000000003890                arm_core_mpu_enable
 .text.arm_core_mpu_disable
                0x00000000000038a4       0x10 zephyr/arch/arch/arm/core/aarch32/cortex_m/mpu/libarch__arm__core__aarch32__cortex_m__mpu.a(arm_mpu.c.obj)
                0x00000000000038a4                arm_core_mpu_disable
 .text.arm_mpu_init
                0x00000000000038b4       0x44 zephyr/arch/arch/arm/core/aarch32/cortex_m/mpu/libarch__arm__core__aarch32__cortex_m__mpu.a(arm_mpu.c.obj)
 .text.__stdout_hook_install
                0x00000000000038f8        0xc zephyr/lib/libc/minimal/liblib__libc__minimal.a(stdout_console.c.obj)
                0x00000000000038f8                __stdout_hook_install
 .text.select_sim
                0x0000000000003904       0x7c zephyr/boards/boards/arm/actinius_icarus/libboards__arm__actinius_icarus.a(board.c.obj)
 .text.gpio_nrfx_config
                0x0000000000003980       0xd8 zephyr/drivers/gpio/libdrivers__gpio.a(gpio_nrfx.c.obj)
 .text.cfg_level_pins
                0x0000000000003a58       0x64 zephyr/drivers/gpio/libdrivers__gpio.a(gpio_nrfx.c.obj)
 .text.check_level_trigger_pins
                0x0000000000003abc       0x50 zephyr/drivers/gpio/libdrivers__gpio.a(gpio_nrfx.c.obj)
 .text.gpiote_event_handler
                0x0000000000003b0c       0xd0 zephyr/drivers/gpio/libdrivers__gpio.a(gpio_nrfx.c.obj)
 .text.gpiote_pin_cleanup
                0x0000000000003bdc       0x64 zephyr/drivers/gpio/libdrivers__gpio.a(gpio_nrfx.c.obj)
 .text.gpiote_channel_alloc
                0x0000000000003c40       0x98 zephyr/drivers/gpio/libdrivers__gpio.a(gpio_nrfx.c.obj)
 .text.gpiote_pin_int_cfg
                0x0000000000003cd8       0xa4 zephyr/drivers/gpio/libdrivers__gpio.a(gpio_nrfx.c.obj)
 .text.gpio_nrfx_pin_interrupt_configure
                0x0000000000003d7c       0xa8 zephyr/drivers/gpio/libdrivers__gpio.a(gpio_nrfx.c.obj)
 .text.gpio_nrfx_init
                0x0000000000003e24       0x38 zephyr/drivers/gpio/libdrivers__gpio.a(gpio_nrfx.c.obj)
 .text.nvmc_wait_ready
                0x0000000000003e5c       0x14 zephyr/drivers/flash/libdrivers__flash.a(soc_flash_nrf.c.obj)
 .text.flash_nrf_pages_layout
                0x0000000000003e70       0x10 zephyr/drivers/flash/libdrivers__flash.a(soc_flash_nrf.c.obj)
 .text.flash_nrf_get_parameters
                0x0000000000003e80        0x8 zephyr/drivers/flash/libdrivers__flash.a(soc_flash_nrf.c.obj)
 .text.flash_nrf_erase
                0x0000000000003e88       0xb0 zephyr/drivers/flash/libdrivers__flash.a(soc_flash_nrf.c.obj)
 .text.flash_nrf_write
                0x0000000000003f38       0xa4 zephyr/drivers/flash/libdrivers__flash.a(soc_flash_nrf.c.obj)
 .text.flash_nrf_read
                0x0000000000003fdc       0x6c zephyr/drivers/flash/libdrivers__flash.a(soc_flash_nrf.c.obj)
 .text.nrf_flash_init
                0x0000000000004048       0x18 zephyr/drivers/flash/libdrivers__flash.a(soc_flash_nrf.c.obj)
 .text.baudrate_set
                0x0000000000004060      0x150 zephyr/drivers/serial/libdrivers__serial.a(uart_nrfx_uarte.c.obj)
 .text.uarte_nrfx_poll_out
                0x00000000000041b0       0xb0 zephyr/drivers/serial/libdrivers__serial.a(uart_nrfx_uarte.c.obj)
 .text.endtx_stoptx_ppi_init
                0x0000000000004260       0x70 zephyr/drivers/serial/libdrivers__serial.a(uart_nrfx_uarte.c.obj)
 .text.uarte_instance_init
                0x00000000000042d0      0x110 zephyr/drivers/serial/libdrivers__serial.a(uart_nrfx_uarte.c.obj)
 .text.uarte_0_init
                0x00000000000043e0       0x34 zephyr/drivers/serial/libdrivers__serial.a(uart_nrfx_uarte.c.obj)
 .text.uarte_1_init
                0x0000000000004414       0x34 zephyr/drivers/serial/libdrivers__serial.a(uart_nrfx_uarte.c.obj)
 .text.fprotect_area
                0x0000000000004448       0x4c modules/nrf/lib/fprotect/lib..__nrf__lib__fprotect.a(fprotect_spu.c.obj)
                0x0000000000004448                fprotect_area
 .text.nrf91_errata_6
                0x0000000000004494       0x14 modules/nordic/lib..__modules__hal__nordic.a(system_nrf9160.c.obj)
 .text.nrf91_errata_14
                0x00000000000044a8       0x24 modules/nordic/lib..__modules__hal__nordic.a(system_nrf9160.c.obj)
 .text.nrf91_errata_15
                0x00000000000044cc       0x24 modules/nordic/lib..__modules__hal__nordic.a(system_nrf9160.c.obj)
 .text.nrf91_errata_20
                0x00000000000044f0       0x24 modules/nordic/lib..__modules__hal__nordic.a(system_nrf9160.c.obj)
 .text.nrf91_errata_31
                0x0000000000004514       0x14 modules/nordic/lib..__modules__hal__nordic.a(system_nrf9160.c.obj)
 .text.uicr_HFXOCNT_erased
                0x0000000000004528       0x18 modules/nordic/lib..__modules__hal__nordic.a(system_nrf9160.c.obj)
 .text.uicr_HFXOSRC_erased
                0x0000000000004540       0x18 modules/nordic/lib..__modules__hal__nordic.a(system_nrf9160.c.obj)
 .text.SystemCoreClockUpdate
                0x0000000000004558       0x10 modules/nordic/lib..__modules__hal__nordic.a(system_nrf9160.c.obj)
                0x0000000000004558                SystemCoreClockUpdate
 .text.SystemInit
                0x0000000000004568      0x148 modules/nordic/lib..__modules__hal__nordic.a(system_nrf9160.c.obj)
                0x0000000000004568                SystemInit
 .text.nrfx_clock_init
                0x00000000000046b0       0x24 modules/nordic/lib..__modules__hal__nordic.a(nrfx_clock.c.obj)
                0x00000000000046b0                nrfx_clock_init
 .text.nrfx_clock_start
                0x00000000000046d4       0x70 modules/nordic/lib..__modules__hal__nordic.a(nrfx_clock.c.obj)
                0x00000000000046d4                nrfx_clock_start
 .text.nrfx_clock_stop
                0x0000000000004744       0xf8 modules/nordic/lib..__modules__hal__nordic.a(nrfx_clock.c.obj)
                0x0000000000004744                nrfx_clock_stop
 .text.nrfx_power_clock_irq_handler
                0x000000000000483c       0x74 modules/nordic/lib..__modules__hal__nordic.a(nrfx_clock.c.obj)
                0x000000000000483c                nrfx_power_clock_irq_handler
 .text.nrfx_dppi_channel_alloc
                0x00000000000048b0       0x44 modules/nordic/lib..__modules__hal__nordic.a(nrfx_dppi.c.obj)
                0x00000000000048b0                nrfx_dppi_channel_alloc
 .text.nvmc_readonly_mode_set
                0x00000000000048f4       0x14 modules/nordic/lib..__modules__hal__nordic.a(nrfx_nvmc.c.obj)
 .text.nvmc_write_mode_set
                0x0000000000004908       0x14 modules/nordic/lib..__modules__hal__nordic.a(nrfx_nvmc.c.obj)
 .text.nvmc_erase_mode_set
                0x000000000000491c       0x14 modules/nordic/lib..__modules__hal__nordic.a(nrfx_nvmc.c.obj)
 .text.nvmc_word_write
                0x0000000000004930       0x18 modules/nordic/lib..__modules__hal__nordic.a(nrfx_nvmc.c.obj)
 .text.nrfx_nvmc_page_erase
                0x0000000000004948       0x38 modules/nordic/lib..__modules__hal__nordic.a(nrfx_nvmc.c.obj)
                0x0000000000004948                nrfx_nvmc_page_erase
 .text.verify_header
                0x0000000000004980       0x50 modules/mbedtls/lib..__modules__crypto__mbedtls.a(memory_buffer_alloc.c.obj)
 .text.verify_chain
                0x00000000000049d0       0x4c modules/mbedtls/lib..__modules__crypto__mbedtls.a(memory_buffer_alloc.c.obj)
 .text.buffer_alloc_free
                0x0000000000004a1c      0x134 modules/mbedtls/lib..__modules__crypto__mbedtls.a(memory_buffer_alloc.c.obj)
 .text.buffer_alloc_calloc
                0x0000000000004b50      0x150 modules/mbedtls/lib..__modules__crypto__mbedtls.a(memory_buffer_alloc.c.obj)
 .text.mbedtls_memory_buffer_alloc_init
                0x0000000000004ca0       0x68 modules/mbedtls/lib..__modules__crypto__mbedtls.a(memory_buffer_alloc.c.obj)
                0x0000000000004ca0                mbedtls_memory_buffer_alloc_init
 .text.mbedtls_calloc
                0x0000000000004d08       0x10 modules/mbedtls/lib..__modules__crypto__mbedtls.a(platform.c.obj)
                0x0000000000004d08                mbedtls_calloc
 .text.mbedtls_free
                0x0000000000004d18       0x10 modules/mbedtls/lib..__modules__crypto__mbedtls.a(platform.c.obj)
                0x0000000000004d18                mbedtls_free
 .text.mbedtls_platform_set_calloc_free
                0x0000000000004d28       0x14 modules/mbedtls/lib..__modules__crypto__mbedtls.a(platform.c.obj)
                0x0000000000004d28                mbedtls_platform_set_calloc_free
 .text.mbedtls_platform_zeroize
                0x0000000000004d3c       0x18 modules/mbedtls/lib..__modules__crypto__mbedtls.a(platform_util.c.obj)
                0x0000000000004d3c                mbedtls_platform_zeroize
 .text.rsa_check_context
                0x0000000000004d54       0xd0 modules/mbedtls/lib..__modules__crypto__mbedtls.a(rsa.c.obj)
 .text.mbedtls_rsa_check_pubkey
                0x0000000000004e24       0x54 modules/mbedtls/lib..__modules__crypto__mbedtls.a(rsa.c.obj)
                0x0000000000004e24                mbedtls_rsa_check_pubkey
 .text.mbedtls_rsa_public
                0x0000000000004e78       0x84 modules/mbedtls/lib..__modules__crypto__mbedtls.a(rsa.c.obj)
                0x0000000000004e78                mbedtls_rsa_public
 .text.mbedtls_sha256_starts_ret
                0x0000000000004efc       0xa4 modules/mbedtls/lib..__modules__crypto__mbedtls.a(sha256.c.obj)
                0x0000000000004efc                mbedtls_sha256_starts_ret
 .text.mbedtls_internal_sha256_process
                0x0000000000004fa0      0x7a8 modules/mbedtls/lib..__modules__crypto__mbedtls.a(sha256.c.obj)
                0x0000000000004fa0                mbedtls_internal_sha256_process
 .text.z_sys_init_run_level
                0x0000000000005748       0x58 zephyr/kernel/libkernel.a(device.c.obj)
                0x0000000000005748                z_sys_init_run_level
 .text.z_device_ready
                0x00000000000057a0       0x2c zephyr/kernel/libkernel.a(device.c.obj)
                0x00000000000057a0                z_device_ready
 .text.z_impl_device_get_binding
                0x00000000000057cc       0x54 zephyr/kernel/libkernel.a(device.c.obj)
                0x00000000000057cc                z_impl_device_get_binding
 .text.z_bss_zero
                0x0000000000005820       0x18 zephyr/kernel/libkernel.a(init.c.obj)
                0x0000000000005820                z_bss_zero
 .text.z_data_copy
                0x0000000000005838       0x34 zephyr/kernel/libkernel.a(init.c.obj)
                0x0000000000005838                z_data_copy
 .text.bg_thread_main
                0x000000000000586c       0x44 zephyr/kernel/libkernel.a(init.c.obj)
 .text.z_cstart
                0x00000000000058b0       0x5c zephyr/kernel/libkernel.a(init.c.obj)
                0x00000000000058b0                z_cstart
 .text.init_mem_slab_module
                0x000000000000590c       0x24 zephyr/kernel/libkernel.a(mem_slab.c.obj)
 .text.k_mem_slab_alloc
                0x0000000000005930       0x6c zephyr/kernel/libkernel.a(mem_slab.c.obj)
                0x0000000000005930                k_mem_slab_alloc
 .text.k_mem_slab_free
                0x000000000000599c       0x50 zephyr/kernel/libkernel.a(mem_slab.c.obj)
                0x000000000000599c                k_mem_slab_free
 .text.z_impl_k_mutex_lock
                0x00000000000059ec      0x114 zephyr/kernel/libkernel.a(mutex.c.obj)
                0x00000000000059ec                z_impl_k_mutex_lock
 .text.z_impl_k_mutex_unlock
                0x0000000000005b00       0x7c zephyr/kernel/libkernel.a(mutex.c.obj)
                0x0000000000005b00                z_impl_k_mutex_unlock
 .text.add_thread_timeout
                0x0000000000005b7c       0x20 zephyr/kernel/libkernel.a(sched.c.obj)
 .text.z_reschedule
                0x0000000000005b9c       0x34 zephyr/kernel/libkernel.a(sched.c.obj)
                0x0000000000005b9c                z_reschedule
 .text.z_priq_dumb_remove
                0x0000000000005bd0       0x30 zephyr/kernel/libkernel.a(sched.c.obj)
                0x0000000000005bd0                z_priq_dumb_remove
 .text.update_cache
                0x0000000000005c00       0x54 zephyr/kernel/libkernel.a(sched.c.obj)
 .text.ready_thread
                0x0000000000005c54       0x80 zephyr/kernel/libkernel.a(sched.c.obj)
 .text.z_impl_k_thread_suspend
                0x0000000000005cd4       0x84 zephyr/kernel/libkernel.a(sched.c.obj)
                0x0000000000005cd4                z_impl_k_thread_suspend
 .text.z_thread_single_abort
                0x0000000000005d58      0x110 zephyr/kernel/libkernel.a(sched.c.obj)
                0x0000000000005d58                z_thread_single_abort
 .text.unready_thread
                0x0000000000005e68       0x38 zephyr/kernel/libkernel.a(sched.c.obj)
 .text.z_pend_curr
                0x0000000000005ea0       0x20 zephyr/kernel/libkernel.a(sched.c.obj)
                0x0000000000005ea0                z_pend_curr
 .text.z_set_prio
                0x0000000000005ec0       0xb0 zephyr/kernel/libkernel.a(sched.c.obj)
                0x0000000000005ec0                z_set_prio
 .text.z_impl_k_sleep
                0x0000000000005f70       0x58 zephyr/kernel/libkernel.a(sched.c.obj)
                0x0000000000005f70                z_impl_k_sleep
 .text.z_impl_k_current_get
                0x0000000000005fc8        0xc zephyr/kernel/libkernel.a(sched.c.obj)
                0x0000000000005fc8                z_impl_k_current_get
 .text.z_impl_k_sem_give
                0x0000000000005fd4       0x44 zephyr/kernel/libkernel.a(sem.c.obj)
                0x0000000000005fd4                z_impl_k_sem_give
 .text.z_self_abort
                0x0000000000006018       0x28 zephyr/kernel/libkernel.a(thread_abort.c.obj)
                0x0000000000006018                z_self_abort
 .text.first    0x0000000000006040       0x14 zephyr/kernel/libkernel.a(timeout.c.obj)
 .text.next     0x0000000000006054       0x18 zephyr/kernel/libkernel.a(timeout.c.obj)
 .text.elapsed  0x000000000000606c       0x18 zephyr/kernel/libkernel.a(timeout.c.obj)
 .text.z_add_timeout
                0x0000000000006084      0x120 zephyr/kernel/libkernel.a(timeout.c.obj)
                0x0000000000006084                z_add_timeout
 .text.z_clock_announce
                0x00000000000061a4       0xbc zephyr/kernel/libkernel.a(timeout.c.obj)
                0x00000000000061a4                z_clock_announce
 .text.statics_init
                0x0000000000006260       0x24 zephyr/kernel/libkernel.a(kheap.c.obj)
 .text.nrf_cc3xx_platform_init_no_rng
                0x0000000000006284       0x38 /opt/nordic/ncs/v1.4.99-dev1/nrfxlib/crypto/nrf_cc310_platform/lib/cortex-m33/soft-float/no-interrupts/libnrf_cc310_platform_0.9.5.a(nrf_cc3xx_platform.c.obj)
                0x0000000000006284                nrf_cc3xx_platform_init_no_rng
 .text.nrf_cc3xx_platform_abort
                0x00000000000062bc       0x24 /opt/nordic/ncs/v1.4.99-dev1/nrfxlib/crypto/nrf_cc310_platform/lib/cortex-m33/soft-float/no-interrupts/libnrf_cc310_platform_0.9.5.a(nrf_cc3xx_platform_abort.c.obj)
 .text.CC_PalAbort
                0x00000000000062e0        0xc /opt/nordic/ncs/v1.4.99-dev1/nrfxlib/crypto/nrf_cc310_platform/lib/cortex-m33/soft-float/no-interrupts/libnrf_cc310_platform_0.9.5.a(nrf_cc3xx_platform_abort.c.obj)
                0x00000000000062e0                CC_PalAbort
 .text.nrf_cc3xx_platform_set_abort
                0x00000000000062ec       0x10 /opt/nordic/ncs/v1.4.99-dev1/nrfxlib/crypto/nrf_cc310_platform/lib/cortex-m33/soft-float/no-interrupts/libnrf_cc310_platform_0.9.5.a(nrf_cc3xx_platform_abort.c.obj)
                0x00000000000062ec                nrf_cc3xx_platform_set_abort
 .text.mutex_unlock
                0x00000000000062fc       0x20 /opt/nordic/ncs/v1.4.99-dev1/nrfxlib/crypto/nrf_cc310_platform/lib/cortex-m33/soft-float/no-interrupts/libnrf_cc310_platform_0.9.5.a(nrf_cc3xx_platform_mutex.c.obj)
 .text.mutex_free
                0x000000000000631c       0x24 /opt/nordic/ncs/v1.4.99-dev1/nrfxlib/crypto/nrf_cc310_platform/lib/cortex-m33/soft-float/no-interrupts/libnrf_cc310_platform_0.9.5.a(nrf_cc3xx_platform_mutex.c.obj)
 .text.mutex_init
                0x0000000000006340       0x20 /opt/nordic/ncs/v1.4.99-dev1/nrfxlib/crypto/nrf_cc310_platform/lib/cortex-m33/soft-float/no-interrupts/libnrf_cc310_platform_0.9.5.a(nrf_cc3xx_platform_mutex.c.obj)
 .text.mutex_lock
                0x0000000000006360       0x30 /opt/nordic/ncs/v1.4.99-dev1/nrfxlib/crypto/nrf_cc310_platform/lib/cortex-m33/soft-float/no-interrupts/libnrf_cc310_platform_0.9.5.a(nrf_cc3xx_platform_mutex.c.obj)
 .text.nrf_cc3xx_platform_set_mutexes
                0x0000000000006390       0x38 /opt/nordic/ncs/v1.4.99-dev1/nrfxlib/crypto/nrf_cc310_platform/lib/cortex-m33/soft-float/no-interrupts/libnrf_cc310_platform_0.9.5.a(nrf_cc3xx_platform_mutex.c.obj)
                0x0000000000006390                nrf_cc3xx_platform_set_mutexes
 .text.CC_LibInitNoRng
                0x00000000000063c8       0x6c /opt/nordic/ncs/v1.4.99-dev1/nrfxlib/crypto/nrf_cc310_platform/lib/cortex-m33/soft-float/no-interrupts/libnrf_cc310_platform_0.9.5.a(cc_lib.c.obj)
                0x00000000000063c8                CC_LibInitNoRng
 .text.CC_HalInit
                0x0000000000006434        0x4 /opt/nordic/ncs/v1.4.99-dev1/nrfxlib/crypto/nrf_cc310_platform/lib/cortex-m33/soft-float/no-interrupts/libnrf_cc310_platform_0.9.5.a(cc_hal.c.obj)
                0x0000000000006434                CC_HalInit
 .text.CC_HalTerminate
                0x0000000000006438        0x4 /opt/nordic/ncs/v1.4.99-dev1/nrfxlib/crypto/nrf_cc310_platform/lib/cortex-m33/soft-float/no-interrupts/libnrf_cc310_platform_0.9.5.a(cc_hal.c.obj)
                0x0000000000006438                CC_HalTerminate
 .text.CC_HalMaskInterrupt
                0x000000000000643c        0xc /opt/nordic/ncs/v1.4.99-dev1/nrfxlib/crypto/nrf_cc310_platform/lib/cortex-m33/soft-float/no-interrupts/libnrf_cc310_platform_0.9.5.a(cc_hal.c.obj)
                0x000000000000643c                CC_HalMaskInterrupt
 .text.CC_PalInit
                0x0000000000006448       0x5c /opt/nordic/ncs/v1.4.99-dev1/nrfxlib/crypto/nrf_cc310_platform/lib/cortex-m33/soft-float/no-interrupts/libnrf_cc310_platform_0.9.5.a(cc_pal.c.obj)
                0x0000000000006448                CC_PalInit
 .text.CC_PalTerminate
                0x00000000000064a4       0x34 /opt/nordic/ncs/v1.4.99-dev1/nrfxlib/crypto/nrf_cc310_platform/lib/cortex-m33/soft-float/no-interrupts/libnrf_cc310_platform_0.9.5.a(cc_pal.c.obj)
                0x00000000000064a4                CC_PalTerminate
 .text.CC_PalDmaInit
                0x00000000000064d8        0x4 /opt/nordic/ncs/v1.4.99-dev1/nrfxlib/crypto/nrf_cc310_platform/lib/cortex-m33/soft-float/no-interrupts/libnrf_cc310_platform_0.9.5.a(cc_pal_dma.c.obj)
                0x00000000000064d8                CC_PalDmaInit
 .text.CC_PalDmaTerminate
                0x00000000000064dc        0x4 /opt/nordic/ncs/v1.4.99-dev1/nrfxlib/crypto/nrf_cc310_platform/lib/cortex-m33/soft-float/no-interrupts/libnrf_cc310_platform_0.9.5.a(cc_pal_dma.c.obj)
                0x00000000000064dc                CC_PalDmaTerminate
 .text.CC_PalMutexCreate
                0x00000000000064e0       0x14 /opt/nordic/ncs/v1.4.99-dev1/nrfxlib/crypto/nrf_cc310_platform/lib/cortex-m33/soft-float/no-interrupts/libnrf_cc310_platform_0.9.5.a(cc_pal_mutex.c.obj)
                0x00000000000064e0                CC_PalMutexCreate
 .text.CC_PalMutexDestroy
                0x00000000000064f4       0x14 /opt/nordic/ncs/v1.4.99-dev1/nrfxlib/crypto/nrf_cc310_platform/lib/cortex-m33/soft-float/no-interrupts/libnrf_cc310_platform_0.9.5.a(cc_pal_mutex.c.obj)
                0x00000000000064f4                CC_PalMutexDestroy
 .text.CC_PalPowerSaveModeInit
                0x0000000000006508       0x3c /opt/nordic/ncs/v1.4.99-dev1/nrfxlib/crypto/nrf_cc310_platform/lib/cortex-m33/soft-float/no-interrupts/libnrf_cc310_platform_0.9.5.a(cc_pal_pm.c.obj)
                0x0000000000006508                CC_PalPowerSaveModeInit
 .text.CC_PalPowerSaveModeSelect
                0x0000000000006544       0x84 /opt/nordic/ncs/v1.4.99-dev1/nrfxlib/crypto/nrf_cc310_platform/lib/cortex-m33/soft-float/no-interrupts/libnrf_cc310_platform_0.9.5.a(cc_pal_pm.c.obj)
                0x0000000000006544                CC_PalPowerSaveModeSelect
 .text.do_boot  0x00000000000065c8       0x40 app/libapp.a(main.c.obj)
 .text.flash_area_id_from_multi_image_slot
                0x0000000000006608       0x14 app/libapp.a(flash_map_extended.c.obj)
                0x0000000000006608                flash_area_id_from_multi_image_slot
 .text.bootutil_img_hash
                0x000000000000661c       0x7e app/libapp.a(image_validate.c.obj)
 .text.bootutil_tlv_iter_begin
                0x000000000000669a       0xca app/libapp.a(tlv.c.obj)
                0x000000000000669a                bootutil_tlv_iter_begin
 .text.bootutil_tlv_iter_next
                0x0000000000006764       0xb8 app/libapp.a(tlv.c.obj)
                0x0000000000006764                bootutil_tlv_iter_next
 .text.bootutil_parse_rsakey
                0x000000000000681c       0xa4 app/libapp.a(image_rsa.c.obj)
 .text.pss_mgf1
                0x00000000000068c0       0x64 app/libapp.a(image_rsa.c.obj)
 .text.boot_flag_decode
                0x0000000000006924        0xa app/libapp.a(bootutil_misc.c.obj)
 .text.boot_write_trailer
                0x000000000000692e       0x62 app/libapp.a(bootutil_misc.c.obj)
 .text.boot_write_trailer_flag
                0x0000000000006990       0x16 app/libapp.a(bootutil_misc.c.obj)
 .text.boot_fih_memequal
                0x00000000000069a6        0x8 app/libapp.a(bootutil_misc.c.obj)
                0x00000000000069a6                boot_fih_memequal
 .text.boot_magic_compatible_check
                0x00000000000069ae       0x1e app/libapp.a(bootutil_misc.c.obj)
                0x00000000000069ae                boot_magic_compatible_check
 .text.boot_status_sz
                0x00000000000069cc        0x8 app/libapp.a(bootutil_misc.c.obj)
                0x00000000000069cc                boot_status_sz
 .text.boot_trailer_sz
                0x00000000000069d4        0xa app/libapp.a(bootutil_misc.c.obj)
                0x00000000000069d4                boot_trailer_sz
 .text.boot_status_entries
                0x00000000000069de       0x1c app/libapp.a(bootutil_misc.c.obj)
                0x00000000000069de                boot_status_entries
 .text.boot_status_off
                0x00000000000069fa       0x12 app/libapp.a(bootutil_misc.c.obj)
                0x00000000000069fa                boot_status_off
 .text.boot_swap_info_off
                0x0000000000006a0c        0x6 app/libapp.a(bootutil_misc.c.obj)
                0x0000000000006a0c                boot_swap_info_off
 .text.bootutil_buffer_is_erased
                0x0000000000006a12       0x2e app/libapp.a(bootutil_misc.c.obj)
                0x0000000000006a12                bootutil_buffer_is_erased
 .text.boot_read_swap_state
                0x0000000000006a40       0xea app/libapp.a(bootutil_misc.c.obj)
                0x0000000000006a40                boot_read_swap_state
 .text.boot_read_swap_state_by_id
                0x0000000000006b2a       0x2a app/libapp.a(bootutil_misc.c.obj)
                0x0000000000006b2a                boot_read_swap_state_by_id
 .text.boot_read_swap_size
                0x0000000000006b54       0x36 app/libapp.a(bootutil_misc.c.obj)
                0x0000000000006b54                boot_read_swap_size
 .text.boot_write_copy_done
                0x0000000000006b8a        0xe app/libapp.a(bootutil_misc.c.obj)
                0x0000000000006b8a                boot_write_copy_done
 .text.boot_write_image_ok
                0x0000000000006b98        0xe app/libapp.a(bootutil_misc.c.obj)
                0x0000000000006b98                boot_write_image_ok
 .text.boot_write_swap_info
                0x0000000000006ba6       0x24 app/libapp.a(bootutil_misc.c.obj)
                0x0000000000006ba6                boot_write_swap_info
 .text.boot_write_swap_size
                0x0000000000006bca       0x20 app/libapp.a(bootutil_misc.c.obj)
                0x0000000000006bca                boot_write_swap_size
 .text.boot_write_sz
                0x0000000000006bea        0xa app/libapp.a(loader.c.obj)
 .text.boot_read_image_size
                0x0000000000006bf4       0xae app/libapp.a(loader.c.obj)
 .text.boot_check_header_erased
                0x0000000000006ca2       0x5a app/libapp.a(loader.c.obj)
 .text.boot_initialize_area
                0x0000000000006cfc       0x36 app/libapp.a(loader.c.obj)
 .text.boot_read_sectors
                0x0000000000006d32       0x2c app/libapp.a(loader.c.obj)
 .text.boot_read_image_headers
                0x0000000000006d5e       0x36 app/libapp.a(loader.c.obj)
 .text.boot_status_reset
                0x0000000000006d94       0x14 app/libapp.a(loader.c.obj)
                0x0000000000006d94                boot_status_reset
 .text.boot_status_is_reset
                0x0000000000006da8       0x22 app/libapp.a(loader.c.obj)
                0x0000000000006da8                boot_status_is_reset
 .text.boot_perform_update
                0x0000000000006dca       0x42 app/libapp.a(loader.c.obj)
 .text.boot_write_status
                0x0000000000006e0c       0x66 app/libapp.a(loader.c.obj)
                0x0000000000006e0c                boot_write_status
 .text.boot_erase_region
                0x0000000000006e72        0x8 app/libapp.a(loader.c.obj)
                0x0000000000006e72                boot_erase_region
 .text.swap_erase_trailer_sectors
                0x0000000000006e7a       0x70 app/libapp.a(swap_misc.c.obj)
                0x0000000000006e7a                swap_erase_trailer_sectors
 .text.swap_status_init
                0x0000000000006eea       0x44 app/libapp.a(swap_misc.c.obj)
                0x0000000000006eea                swap_status_init
 .text.swap_read_status
                0x0000000000006f2e       0x7c app/libapp.a(swap_misc.c.obj)
                0x0000000000006f2e                swap_read_status
 .text.swap_set_copy_done
                0x0000000000006faa       0x26 app/libapp.a(swap_misc.c.obj)
                0x0000000000006faa                swap_set_copy_done
 .text.swap_set_image_ok
                0x0000000000006fd0       0x40 app/libapp.a(swap_misc.c.obj)
                0x0000000000006fd0                swap_set_image_ok
 .text.boot_status_internal_off
                0x0000000000007010       0x32 app/libapp.a(swap_move.c.obj)
                0x0000000000007010                boot_status_internal_off
 .text.nrf_cleanup_clock
                0x0000000000007042        0xe app/libapp.a(nrf_cleanup.c.obj)
 .text.sys_notify_validate
                0x0000000000007050       0x2e zephyr/libzephyr.a(notify.c.obj)
                0x0000000000007050                sys_notify_validate
 .text.sys_notify_finalize
                0x000000000000707e       0x1a zephyr/libzephyr.a(notify.c.obj)
                0x000000000000707e                sys_notify_finalize
 .text.arch_printk_char_out
                0x0000000000007098        0x4 zephyr/libzephyr.a(printk.c.obj)
                0x0000000000007098                arch_printk_char_out
 .text.printk   0x000000000000709c       0x1c zephyr/libzephyr.a(printk.c.obj)
                0x000000000000709c                printk
 .text.set_state
                0x00000000000070b8       0x10 zephyr/libzephyr.a(onoff.c.obj)
 .text.notify_monitors
                0x00000000000070c8       0x3e zephyr/libzephyr.a(onoff.c.obj)
 .text.process_recheck
                0x0000000000007106       0x32 zephyr/libzephyr.a(onoff.c.obj)
 .text.process_complete
                0x0000000000007138       0x9a zephyr/libzephyr.a(onoff.c.obj)
 .text.validate_args
                0x00000000000071d2       0x2c zephyr/libzephyr.a(onoff.c.obj)
 .text.notify_one
                0x00000000000071fe       0x26 zephyr/libzephyr.a(onoff.c.obj)
 .text.notify_all
                0x0000000000007224       0x2e zephyr/libzephyr.a(onoff.c.obj)
 .text.transition_complete
                0x0000000000007252       0x1c zephyr/libzephyr.a(onoff.c.obj)
 .text.onoff_manager_init
                0x000000000000726e       0x38 zephyr/libzephyr.a(onoff.c.obj)
                0x000000000000726e                onoff_manager_init
 .text.onoff_request
                0x00000000000072a6       0xb8 zephyr/libzephyr.a(onoff.c.obj)
                0x00000000000072a6                onoff_request
 .text.free_list_add_bidx
                0x000000000000735e       0x92 zephyr/libzephyr.a(heap.c.obj)
 .text.free_list_add
                0x00000000000073f0       0x52 zephyr/libzephyr.a(heap.c.obj)
 .text.sys_heap_init
                0x0000000000007442      0x100 zephyr/libzephyr.a(heap.c.obj)
                0x0000000000007442                sys_heap_init
 .text.extract_decimal
                0x0000000000007542       0x26 zephyr/libzephyr.a(cbprintf_complete.c.obj)
 .text.encode_uint
                0x0000000000007568       0xd4 zephyr/libzephyr.a(cbprintf_complete.c.obj)
 .text.outs     0x000000000000763c       0x34 zephyr/libzephyr.a(cbprintf_complete.c.obj)
 .text._ConfigAbsSyms
                0x0000000000007670        0x2 zephyr/libzephyr.a(configs.c.obj)
                0x0000000000007670                _ConfigAbsSyms
 .text.z_platform_init
                0x0000000000007672        0x8 zephyr/libzephyr.a(soc.c.obj)
                0x0000000000007672                z_platform_init
 .text.dummy_timestamp
                0x000000000000767a        0x4 zephyr/libzephyr.a(log_core.c.obj)
 .text.k_cycle_get_32_wrapper
                0x000000000000767e        0x8 zephyr/libzephyr.a(log_core.c.obj)
 .text.log_printk
                0x0000000000007686       0x10 zephyr/libzephyr.a(log_core.c.obj)
                0x0000000000007686                log_printk
 .text.log_string_sync
                0x0000000000007696       0x1e zephyr/libzephyr.a(log_core.c.obj)
                0x0000000000007696                log_string_sync
 .text.enable_logger
                0x00000000000076b4        0xa zephyr/libzephyr.a(log_core.c.obj)
 .text.out_func
                0x00000000000076be       0x1a zephyr/libzephyr.a(log_output.c.obj)
 .text.buffer_write
                0x00000000000076d8       0x1a zephyr/libzephyr.a(log_output.c.obj)
 .text.ends_with_newline
                0x00000000000076f2       0x16 zephyr/libzephyr.a(log_output.c.obj)
 .text.color_prefix
                0x0000000000007708        0xc zephyr/libzephyr.a(log_output.c.obj)
 .text.color_postfix
                0x0000000000007714        0xc zephyr/libzephyr.a(log_output.c.obj)
 .text.postfix_print
                0x0000000000007720       0x18 zephyr/libzephyr.a(log_output.c.obj)
 .text.prefix_print
                0x0000000000007738       0x4e zephyr/libzephyr.a(log_output.c.obj)
 .text.log_output_flush
                0x0000000000007786       0x1a zephyr/libzephyr.a(log_output.c.obj)
                0x0000000000007786                log_output_flush
 .text.should_bail
                0x00000000000077a0       0x3c zephyr/libzephyr.a(flash_map.c.obj)
 .text.get_sectors_cb
                0x00000000000077dc       0x3c zephyr/libzephyr.a(flash_map.c.obj)
 .text.flash_area_layout
                0x0000000000007818       0x4e zephyr/libzephyr.a(flash_map.c.obj)
 .text.flash_area_close
                0x0000000000007866        0x2 zephyr/libzephyr.a(flash_map.c.obj)
                0x0000000000007866                flash_area_close
 .text.flash_area_read
                0x0000000000007868       0x3e zephyr/libzephyr.a(flash_map.c.obj)
                0x0000000000007868                flash_area_read
 .text.flash_area_write
                0x00000000000078a6       0x60 zephyr/libzephyr.a(flash_map.c.obj)
                0x00000000000078a6                flash_area_write
 .text.flash_area_erase
                0x0000000000007906       0x5c zephyr/libzephyr.a(flash_map.c.obj)
                0x0000000000007906                flash_area_erase
 .text.flash_area_align
                0x0000000000007962       0x12 zephyr/libzephyr.a(flash_map.c.obj)
                0x0000000000007962                flash_area_align
 .text.flash_area_erased_val
                0x0000000000007974       0x12 zephyr/libzephyr.a(flash_map.c.obj)
                0x0000000000007974                flash_area_erased_val
 .text.wait     0x0000000000007986       0x14 zephyr/libzephyr.a(rtt_console.c.obj)
 .text.get_sub_data
                0x000000000000799a        0xe zephyr/libzephyr.a(clock_control_nrf.c.obj)
 .text.get_sub_config
                0x00000000000079a8        0xc zephyr/libzephyr.a(clock_control_nrf.c.obj)
 .text.get_onoff_manager
                0x00000000000079b4        0xc zephyr/libzephyr.a(clock_control_nrf.c.obj)
 .text.get_status
                0x00000000000079c0       0x10 zephyr/libzephyr.a(clock_control_nrf.c.obj)
 .text.set_off_state
                0x00000000000079d0       0x32 zephyr/libzephyr.a(clock_control_nrf.c.obj)
 .text.set_starting_state
                0x0000000000007a02       0x40 zephyr/libzephyr.a(clock_control_nrf.c.obj)
 .text.set_on_state
                0x0000000000007a42       0x26 zephyr/libzephyr.a(clock_control_nrf.c.obj)
 .text.clkstarted_handle
                0x0000000000007a68       0x24 zephyr/libzephyr.a(clock_control_nrf.c.obj)
 .text.stop     0x0000000000007a8c       0x2a zephyr/libzephyr.a(clock_control_nrf.c.obj)
 .text.api_stop
                0x0000000000007ab6        0xa zephyr/libzephyr.a(clock_control_nrf.c.obj)
 .text.async_start
                0x0000000000007ac0       0x38 zephyr/libzephyr.a(clock_control_nrf.c.obj)
 .text.api_start
                0x0000000000007af8       0x10 zephyr/libzephyr.a(clock_control_nrf.c.obj)
 .text.api_blocking_start
                0x0000000000007b08        0x6 zephyr/libzephyr.a(clock_control_nrf.c.obj)
 .text.onoff_started_callback
                0x0000000000007b0e       0x10 zephyr/libzephyr.a(clock_control_nrf.c.obj)
 .text.lfclk_stop
                0x0000000000007b1e        0xa zephyr/libzephyr.a(clock_control_nrf.c.obj)
 .text.hfclk_stop
                0x0000000000007b28        0xa zephyr/libzephyr.a(clock_control_nrf.c.obj)
 .text.lfclk_start
                0x0000000000007b32        0xa zephyr/libzephyr.a(clock_control_nrf.c.obj)
 .text.hfclk_start
                0x0000000000007b3c        0xa zephyr/libzephyr.a(clock_control_nrf.c.obj)
 .text.z_clock_isr
                0x0000000000007b46        0x2 zephyr/libzephyr.a(sys_clock_init.c.obj)
                0x0000000000007b46                z_clock_isr
 .text.sys_clock_disable
                0x0000000000007b48        0x2 zephyr/libzephyr.a(sys_clock_init.c.obj)
                0x0000000000007b48                sys_clock_disable
 .text.counter_sub
                0x0000000000007b4a        0x8 zephyr/libzephyr.a(nrf_rtc_timer.c.obj)
 .text.handle_next_cycle_case
                0x0000000000007b52       0x22 zephyr/libzephyr.a(nrf_rtc_timer.c.obj)
 .text.set_absolute_alarm
                0x0000000000007b74       0x42 zephyr/libzephyr.a(nrf_rtc_timer.c.obj)
 .text.set_protected_absolute_alarm
                0x0000000000007bb6       0x18 zephyr/libzephyr.a(nrf_rtc_timer.c.obj)
 .text.abort_function
                0x0000000000007bce        0x2 zephyr/libzephyr.a(nrf_cc3xx_platform_abort_zephyr.c.obj)
 .text._GetAvailWriteSpace
                0x0000000000007bd0       0x18 zephyr/libzephyr.a(SEGGER_RTT.c.obj)
 .text._WriteNoCheck
                0x0000000000007be8       0x44 zephyr/libzephyr.a(SEGGER_RTT.c.obj)
 .text._WriteBlocking
                0x0000000000007c2c       0x5e zephyr/libzephyr.a(SEGGER_RTT.c.obj)
 .text.SEGGER_RTT_Init
                0x0000000000007c8a        0x8 zephyr/libzephyr.a(SEGGER_RTT.c.obj)
                0x0000000000007c8a                SEGGER_RTT_Init
 .text.rtt_init
                0x0000000000007c92        0xa zephyr/libzephyr.a(SEGGER_RTT_zephyr.c.obj)
 .text.z_irq_spurious
                0x0000000000007c9c        0xc zephyr/arch/arch/arm/core/aarch32/libarch__arm__core__aarch32.a(irq_manage.c.obj)
                0x0000000000007c9c                z_irq_spurious
 .text.z_arm_prepare_switch_to_main
                0x0000000000007ca8        0x8 zephyr/arch/arch/arm/core/aarch32/libarch__arm__core__aarch32.a(thread.c.obj)
 .text.z_arm_fatal_error
                0x0000000000007cb0        0x8 zephyr/arch/arch/arm/core/aarch32/libarch__arm__core__aarch32.a(fatal.c.obj)
                0x0000000000007cb0                z_arm_fatal_error
 .text.z_do_kernel_oops
                0x0000000000007cb8        0xc zephyr/arch/arch/arm/core/aarch32/libarch__arm__core__aarch32.a(fatal.c.obj)
                0x0000000000007cb8                z_do_kernel_oops
 .text.z_arm_nmi
                0x0000000000007cc4        0xc zephyr/arch/arch/arm/core/aarch32/libarch__arm__core__aarch32.a(nmi.c.obj)
                0x0000000000007cc4                z_arm_nmi
 .text.memory_fault_recoverable
                0x0000000000007cd0        0x4 zephyr/arch/arch/arm/core/aarch32/cortex_m/libarch__arm__core__aarch32__cortex_m.a(fault.c.obj)
 .text.fault_handle
                0x0000000000007cd4       0x36 zephyr/arch/arch/arm/core/aarch32/cortex_m/libarch__arm__core__aarch32__cortex_m.a(fault.c.obj)
 .text.mpu_partition_is_valid
                0x0000000000007d0a       0x24 zephyr/arch/arch/arm/core/aarch32/cortex_m/mpu/libarch__arm__core__aarch32__cortex_m__mpu.a(arm_mpu.c.obj)
 .text.mpu_configure_region
                0x0000000000007d2e       0x36 zephyr/arch/arch/arm/core/aarch32/cortex_m/mpu/libarch__arm__core__aarch32__cortex_m__mpu.a(arm_mpu.c.obj)
 .text.arm_core_mpu_configure_static_mpu_regions
                0x0000000000007d64        0x8 zephyr/arch/arch/arm/core/aarch32/cortex_m/mpu/libarch__arm__core__aarch32__cortex_m__mpu.a(arm_mpu.c.obj)
                0x0000000000007d64                arm_core_mpu_configure_static_mpu_regions
 .text.arm_cmse_mpu_region_get
                0x0000000000007d6c       0x14 zephyr/arch/arch/arm/core/aarch32/cortex_m/cmse/libarch__arm__core__aarch32__cortex_m__cmse.a(arm_core_cmse.c.obj)
                0x0000000000007d6c                arm_cmse_mpu_region_get
 .text.strcpy   0x0000000000007d80       0x12 zephyr/lib/libc/minimal/liblib__libc__minimal.a(string.c.obj)
                0x0000000000007d80                strcpy
 .text.strlen   0x0000000000007d92       0x10 zephyr/lib/libc/minimal/liblib__libc__minimal.a(string.c.obj)
                0x0000000000007d92                strlen
 .text.strcmp   0x0000000000007da2       0x14 zephyr/lib/libc/minimal/liblib__libc__minimal.a(string.c.obj)
                0x0000000000007da2                strcmp
 .text.memcmp   0x0000000000007db6       0x2e zephyr/lib/libc/minimal/liblib__libc__minimal.a(string.c.obj)
                0x0000000000007db6                memcmp
 .text.memcpy   0x0000000000007de4       0x48 zephyr/lib/libc/minimal/liblib__libc__minimal.a(string.c.obj)
                0x0000000000007de4                memcpy
 .text.memset   0x0000000000007e2c       0x3a zephyr/lib/libc/minimal/liblib__libc__minimal.a(string.c.obj)
                0x0000000000007e2c                memset
 .text._stdout_hook_default
                0x0000000000007e66        0x6 zephyr/lib/libc/minimal/liblib__libc__minimal.a(stdout_console.c.obj)
 .text.board_actinius_icarus_init
                0x0000000000007e6c        0xa zephyr/boards/boards/arm/actinius_icarus/libboards__arm__actinius_icarus.a(board.c.obj)
 .text.gpio_nrfx_port_get_raw
                0x0000000000007e76        0xc zephyr/drivers/gpio/libdrivers__gpio.a(gpio_nrfx.c.obj)
 .text.gpio_nrfx_port_set_masked_raw
                0x0000000000007e82       0x12 zephyr/drivers/gpio/libdrivers__gpio.a(gpio_nrfx.c.obj)
 .text.gpio_nrfx_port_set_bits_raw
                0x0000000000007e94        0xa zephyr/drivers/gpio/libdrivers__gpio.a(gpio_nrfx.c.obj)
 .text.gpio_nrfx_port_clear_bits_raw
                0x0000000000007e9e        0xa zephyr/drivers/gpio/libdrivers__gpio.a(gpio_nrfx.c.obj)
 .text.gpio_nrfx_port_toggle_bits
                0x0000000000007ea8        0xe zephyr/drivers/gpio/libdrivers__gpio.a(gpio_nrfx.c.obj)
 .text.gpio_nrfx_manage_callback
                0x0000000000007eb6       0x64 zephyr/drivers/gpio/libdrivers__gpio.a(gpio_nrfx.c.obj)
 .text.flash_nrf_write_protection
                0x0000000000007f1a        0x4 zephyr/drivers/flash/libdrivers__flash.a(soc_flash_nrf.c.obj)
 .text.shift_write_context
                0x0000000000007f1e       0x14 zephyr/drivers/flash/libdrivers__flash.a(soc_flash_nrf.c.obj)
 .text.erase_op
                0x0000000000007f32       0x24 zephyr/drivers/flash/libdrivers__flash.a(soc_flash_nrf.c.obj)
 .text.erase    0x0000000000007f56       0x18 zephyr/drivers/flash/libdrivers__flash.a(soc_flash_nrf.c.obj)
 .text.write_op
                0x0000000000007f6e       0x26 zephyr/drivers/flash/libdrivers__flash.a(soc_flash_nrf.c.obj)
 .text.write    0x0000000000007f94       0x16 zephyr/drivers/flash/libdrivers__flash.a(soc_flash_nrf.c.obj)
 .text.flash_page_foreach
                0x0000000000007faa       0x54 zephyr/drivers/flash/libdrivers__flash.a(flash_page_layout.c.obj)
                0x0000000000007faa                flash_page_foreach
 .text.endtx_isr
                0x0000000000007ffe       0x32 zephyr/drivers/serial/libdrivers__serial.a(uart_nrfx_uarte.c.obj)
 .text.uarte_nrfx_isr_int
                0x0000000000008030       0x1e zephyr/drivers/serial/libdrivers__serial.a(uart_nrfx_uarte.c.obj)
 .text.uarte_nrfx_configure
                0x000000000000804e       0xb2 zephyr/drivers/serial/libdrivers__serial.a(uart_nrfx_uarte.c.obj)
 .text.uarte_nrfx_config_get
                0x0000000000008100       0x10 zephyr/drivers/serial/libdrivers__serial.a(uart_nrfx_uarte.c.obj)
 .text.uarte_nrfx_err_check
                0x0000000000008110        0xe zephyr/drivers/serial/libdrivers__serial.a(uart_nrfx_uarte.c.obj)
 .text.is_tx_ready
                0x000000000000811e       0x24 zephyr/drivers/serial/libdrivers__serial.a(uart_nrfx_uarte.c.obj)
 .text.tx_start
                0x0000000000008142       0x20 zephyr/drivers/serial/libdrivers__serial.a(uart_nrfx_uarte.c.obj)
 .text.uarte_nrfx_poll_in
                0x0000000000008162       0x2a zephyr/drivers/serial/libdrivers__serial.a(uart_nrfx_uarte.c.obj)
 .text.hw_cc3xx_init
                0x000000000000818c       0x10 modules/nrf/drivers/hw_cc310/lib..__nrf__drivers__hw_cc310.a(hw_cc310.c.obj)
 .text.nrfx_isr
                0x000000000000819c        0x6 modules/nordic/lib..__modules__hal__nordic.a(nrfx_glue.c.obj)
                0x000000000000819c                nrfx_isr
 .text.nrfx_busy_wait
                0x00000000000081a2        0x8 modules/nordic/lib..__modules__hal__nordic.a(nrfx_glue.c.obj)
                0x00000000000081a2                nrfx_busy_wait
 .text.nrfx_clock_enable
                0x00000000000081aa       0x14 modules/nordic/lib..__modules__hal__nordic.a(nrfx_clock.c.obj)
                0x00000000000081aa                nrfx_clock_enable
 .text.flash_page_size_get
                0x00000000000081be        0x6 modules/nordic/lib..__modules__hal__nordic.a(nrfx_nvmc.c.obj)
 .text.flash_page_count_get
                0x00000000000081c4        0x6 modules/nordic/lib..__modules__hal__nordic.a(nrfx_nvmc.c.obj)
 .text.flash_total_size_get
                0x00000000000081ca       0x12 modules/nordic/lib..__modules__hal__nordic.a(nrfx_nvmc.c.obj)
 .text.is_page_aligned_check
                0x00000000000081dc       0x18 modules/nordic/lib..__modules__hal__nordic.a(nrfx_nvmc.c.obj)
 .text.nrfx_nvmc_word_write
                0x00000000000081f4       0x18 modules/nordic/lib..__modules__hal__nordic.a(nrfx_nvmc.c.obj)
                0x00000000000081f4                nrfx_nvmc_word_write
 .text.nrfx_nvmc_flash_size_get
                0x000000000000820c        0x8 modules/nordic/lib..__modules__hal__nordic.a(nrfx_nvmc.c.obj)
                0x000000000000820c                nrfx_nvmc_flash_size_get
 .text.nrfx_nvmc_flash_page_size_get
                0x0000000000008214        0x8 modules/nordic/lib..__modules__hal__nordic.a(nrfx_nvmc.c.obj)
                0x0000000000008214                nrfx_nvmc_flash_page_size_get
 .text.nrfx_nvmc_flash_page_count_get
                0x000000000000821c        0x8 modules/nordic/lib..__modules__hal__nordic.a(nrfx_nvmc.c.obj)
                0x000000000000821c                nrfx_nvmc_flash_page_count_get
 .text._mbedtls_init
                0x0000000000008224        0x4 modules/mbedtls/lib..__modules__crypto__mbedtls.a(zephyr_init.c.obj)
 .text.mbedtls_asn1_get_len
                0x0000000000008228       0xcc modules/mbedtls/lib..__modules__crypto__mbedtls.a(asn1parse.c.obj)
                0x0000000000008228                mbedtls_asn1_get_len
 .text.mbedtls_asn1_get_tag
                0x00000000000082f4       0x26 modules/mbedtls/lib..__modules__crypto__mbedtls.a(asn1parse.c.obj)
                0x00000000000082f4                mbedtls_asn1_get_tag
 .text.mbedtls_asn1_get_mpi
                0x000000000000831a       0x2a modules/mbedtls/lib..__modules__crypto__mbedtls.a(asn1parse.c.obj)
                0x000000000000831a                mbedtls_asn1_get_mpi
 .text.mpi_safe_cond_assign
                0x0000000000008344       0x28 modules/mbedtls/lib..__modules__crypto__mbedtls.a(bignum.c.obj)
 .text.mbedtls_clz
                0x000000000000836c       0x18 modules/mbedtls/lib..__modules__crypto__mbedtls.a(bignum.c.obj)
 .text.mpi_uint_bigendian_to_host_c
                0x0000000000008384       0x20 modules/mbedtls/lib..__modules__crypto__mbedtls.a(bignum.c.obj)
 .text.mpi_uint_bigendian_to_host
                0x00000000000083a4        0x8 modules/mbedtls/lib..__modules__crypto__mbedtls.a(bignum.c.obj)
 .text.mpi_bigendian_to_host
                0x00000000000083ac       0x30 modules/mbedtls/lib..__modules__crypto__mbedtls.a(bignum.c.obj)
 .text.mpi_sub_hlp
                0x00000000000083dc       0x34 modules/mbedtls/lib..__modules__crypto__mbedtls.a(bignum.c.obj)
 .text.mpi_mul_hlp
                0x0000000000008410      0x33a modules/mbedtls/lib..__modules__crypto__mbedtls.a(bignum.c.obj)
 .text.mbedtls_int_div_int
                0x000000000000874a       0x46 modules/mbedtls/lib..__modules__crypto__mbedtls.a(bignum.c.obj)
 .text.mpi_montg_init
                0x0000000000008790       0x2e modules/mbedtls/lib..__modules__crypto__mbedtls.a(bignum.c.obj)
 .text.mbedtls_mpi_zeroize
                0x00000000000087be        0xa modules/mbedtls/lib..__modules__crypto__mbedtls.a(bignum.c.obj)
 .text.mpi_montmul
                0x00000000000087c8       0xbc modules/mbedtls/lib..__modules__crypto__mbedtls.a(bignum.c.obj)
 .text.mpi_montred
                0x0000000000008884       0x20 modules/mbedtls/lib..__modules__crypto__mbedtls.a(bignum.c.obj)
 .text.mbedtls_mpi_init
                0x00000000000088a4        0xc modules/mbedtls/lib..__modules__crypto__mbedtls.a(bignum.c.obj)
                0x00000000000088a4                mbedtls_mpi_init
 .text.mbedtls_mpi_free
                0x00000000000088b0       0x24 modules/mbedtls/lib..__modules__crypto__mbedtls.a(bignum.c.obj)
                0x00000000000088b0                mbedtls_mpi_free
 .text.mbedtls_mpi_grow
                0x00000000000088d4       0x52 modules/mbedtls/lib..__modules__crypto__mbedtls.a(bignum.c.obj)
                0x00000000000088d4                mbedtls_mpi_grow
 .text.mbedtls_mpi_copy
                0x0000000000008926       0x64 modules/mbedtls/lib..__modules__crypto__mbedtls.a(bignum.c.obj)
                0x0000000000008926                mbedtls_mpi_copy
 .text.mbedtls_mpi_lset
                0x000000000000898a       0x3c modules/mbedtls/lib..__modules__crypto__mbedtls.a(bignum.c.obj)
                0x000000000000898a                mbedtls_mpi_lset
 .text.mbedtls_mpi_get_bit
                0x00000000000089c6       0x22 modules/mbedtls/lib..__modules__crypto__mbedtls.a(bignum.c.obj)
                0x00000000000089c6                mbedtls_mpi_get_bit
 .text.mbedtls_mpi_bitlen
                0x00000000000089e8       0x2e modules/mbedtls/lib..__modules__crypto__mbedtls.a(bignum.c.obj)
                0x00000000000089e8                mbedtls_mpi_bitlen
 .text.mbedtls_mpi_size
                0x0000000000008a16        0xc modules/mbedtls/lib..__modules__crypto__mbedtls.a(bignum.c.obj)
                0x0000000000008a16                mbedtls_mpi_size
 .text.mbedtls_mpi_read_binary
                0x0000000000008a22       0x5e modules/mbedtls/lib..__modules__crypto__mbedtls.a(bignum.c.obj)
                0x0000000000008a22                mbedtls_mpi_read_binary
 .text.mbedtls_mpi_write_binary
                0x0000000000008a80       0x68 modules/mbedtls/lib..__modules__crypto__mbedtls.a(bignum.c.obj)
                0x0000000000008a80                mbedtls_mpi_write_binary
 .text.mbedtls_mpi_shift_l
                0x0000000000008ae8       0xa0 modules/mbedtls/lib..__modules__crypto__mbedtls.a(bignum.c.obj)
                0x0000000000008ae8                mbedtls_mpi_shift_l
 .text.mbedtls_mpi_shift_r
                0x0000000000008b88       0x92 modules/mbedtls/lib..__modules__crypto__mbedtls.a(bignum.c.obj)
                0x0000000000008b88                mbedtls_mpi_shift_r
 .text.mbedtls_mpi_cmp_abs
                0x0000000000008c1a       0x72 modules/mbedtls/lib..__modules__crypto__mbedtls.a(bignum.c.obj)
                0x0000000000008c1a                mbedtls_mpi_cmp_abs
 .text.mbedtls_mpi_cmp_mpi
                0x0000000000008c8c       0x90 modules/mbedtls/lib..__modules__crypto__mbedtls.a(bignum.c.obj)
                0x0000000000008c8c                mbedtls_mpi_cmp_mpi
 .text.mbedtls_mpi_cmp_int
                0x0000000000008d1c       0x30 modules/mbedtls/lib..__modules__crypto__mbedtls.a(bignum.c.obj)
                0x0000000000008d1c                mbedtls_mpi_cmp_int
 .text.mbedtls_mpi_add_abs
                0x0000000000008d4c       0xa6 modules/mbedtls/lib..__modules__crypto__mbedtls.a(bignum.c.obj)
                0x0000000000008d4c                mbedtls_mpi_add_abs
 .text.mbedtls_mpi_sub_abs
                0x0000000000008df2       0x9a modules/mbedtls/lib..__modules__crypto__mbedtls.a(bignum.c.obj)
                0x0000000000008df2                mbedtls_mpi_sub_abs
 .text.mbedtls_mpi_add_mpi
                0x0000000000008e8c       0x4c modules/mbedtls/lib..__modules__crypto__mbedtls.a(bignum.c.obj)
                0x0000000000008e8c                mbedtls_mpi_add_mpi
 .text.mbedtls_mpi_sub_mpi
                0x0000000000008ed8       0x50 modules/mbedtls/lib..__modules__crypto__mbedtls.a(bignum.c.obj)
                0x0000000000008ed8                mbedtls_mpi_sub_mpi
 .text.mbedtls_mpi_mul_mpi
                0x0000000000008f28       0xca modules/mbedtls/lib..__modules__crypto__mbedtls.a(bignum.c.obj)
                0x0000000000008f28                mbedtls_mpi_mul_mpi
 .text.mbedtls_mpi_mul_int
                0x0000000000008ff2       0x1c modules/mbedtls/lib..__modules__crypto__mbedtls.a(bignum.c.obj)
                0x0000000000008ff2                mbedtls_mpi_mul_int
 .text.mbedtls_mpi_div_mpi
                0x000000000000900e      0x390 modules/mbedtls/lib..__modules__crypto__mbedtls.a(bignum.c.obj)
                0x000000000000900e                mbedtls_mpi_div_mpi
 .text.mbedtls_mpi_mod_mpi
                0x000000000000939e       0x68 modules/mbedtls/lib..__modules__crypto__mbedtls.a(bignum.c.obj)
                0x000000000000939e                mbedtls_mpi_mod_mpi
 .text.mbedtls_mpi_exp_mod
                0x0000000000009406      0x41e modules/mbedtls/lib..__modules__crypto__mbedtls.a(bignum.c.obj)
                0x0000000000009406                mbedtls_mpi_exp_mod
 .text.platform_calloc_uninit
                0x0000000000009824        0x4 modules/mbedtls/lib..__modules__crypto__mbedtls.a(platform.c.obj)
 .text.platform_free_uninit
                0x0000000000009828        0x2 modules/mbedtls/lib..__modules__crypto__mbedtls.a(platform.c.obj)
 .text.platform_exit_uninit
                0x000000000000982a        0x2 modules/mbedtls/lib..__modules__crypto__mbedtls.a(platform.c.obj)
 .text.mbedtls_rsa_import
                0x000000000000982c       0x74 modules/mbedtls/lib..__modules__crypto__mbedtls.a(rsa.c.obj)
                0x000000000000982c                mbedtls_rsa_import
 .text.mbedtls_rsa_set_padding
                0x00000000000098a0        0xa modules/mbedtls/lib..__modules__crypto__mbedtls.a(rsa.c.obj)
                0x00000000000098a0                mbedtls_rsa_set_padding
 .text.mbedtls_rsa_init
                0x00000000000098aa       0x1c modules/mbedtls/lib..__modules__crypto__mbedtls.a(rsa.c.obj)
                0x00000000000098aa                mbedtls_rsa_init
 .text.mbedtls_rsa_free
                0x00000000000098c6       0x70 modules/mbedtls/lib..__modules__crypto__mbedtls.a(rsa.c.obj)
                0x00000000000098c6                mbedtls_rsa_free
 .text.mbedtls_sha256_init
                0x0000000000009936        0xc modules/mbedtls/lib..__modules__crypto__mbedtls.a(sha256.c.obj)
                0x0000000000009936                mbedtls_sha256_init
 .text.mbedtls_sha256_update_ret
                0x0000000000009942       0x86 modules/mbedtls/lib..__modules__crypto__mbedtls.a(sha256.c.obj)
                0x0000000000009942                mbedtls_sha256_update_ret
 .text.mbedtls_sha256_finish_ret
                0x00000000000099c8      0x140 modules/mbedtls/lib..__modules__crypto__mbedtls.a(sha256.c.obj)
                0x00000000000099c8                mbedtls_sha256_finish_ret
 .text.arch_system_halt
                0x0000000000009b08       0x12 zephyr/kernel/libkernel.a(fatal.c.obj)
                0x0000000000009b08                arch_system_halt
 .text.k_sys_fatal_error_handler
                0x0000000000009b1a        0xe zephyr/kernel/libkernel.a(fatal.c.obj)
                0x0000000000009b1a                k_sys_fatal_error_handler
 .text.z_fatal_error
                0x0000000000009b28       0x34 zephyr/kernel/libkernel.a(fatal.c.obj)
                0x0000000000009b28                z_fatal_error
 .text.create_free_list
                0x0000000000009b5c       0x2e zephyr/kernel/libkernel.a(mem_slab.c.obj)
 .text.k_mem_slab_init
                0x0000000000009b8a       0x1c zephyr/kernel/libkernel.a(mem_slab.c.obj)
                0x0000000000009b8a                k_mem_slab_init
 .text.new_prio_for_inheritance
                0x0000000000009ba6       0x12 zephyr/kernel/libkernel.a(mutex.c.obj)
 .text.adjust_owner_prio
                0x0000000000009bb8       0x16 zephyr/kernel/libkernel.a(mutex.c.obj)
 .text.z_impl_k_mutex_init
                0x0000000000009bce        0xe zephyr/kernel/libkernel.a(mutex.c.obj)
                0x0000000000009bce                z_impl_k_mutex_init
 .text.pended_on
                0x0000000000009bdc        0x4 zephyr/kernel/libkernel.a(sched.c.obj)
 .text.z_tick_sleep
                0x0000000000009be0        0x4 zephyr/kernel/libkernel.a(sched.c.obj)
 .text.z_is_t1_higher_prio_than_t2
                0x0000000000009be4       0x14 zephyr/kernel/libkernel.a(sched.c.obj)
                0x0000000000009be4                z_is_t1_higher_prio_than_t2
 .text.z_reschedule_irqlock
                0x0000000000009bf8       0x1c zephyr/kernel/libkernel.a(sched.c.obj)
                0x0000000000009bf8                z_reschedule_irqlock
 .text.k_sched_unlock
                0x0000000000009c14        0x2 zephyr/kernel/libkernel.a(sched.c.obj)
                0x0000000000009c14                k_sched_unlock
 .text.z_priq_dumb_best
                0x0000000000009c16        0xe zephyr/kernel/libkernel.a(sched.c.obj)
                0x0000000000009c16                z_priq_dumb_best
 .text.z_ready_thread
                0x0000000000009c24       0x2c zephyr/kernel/libkernel.a(sched.c.obj)
                0x0000000000009c24                z_ready_thread
 .text.z_thread_timeout
                0x0000000000009c50       0x5e zephyr/kernel/libkernel.a(sched.c.obj)
                0x0000000000009c50                z_thread_timeout
 .text.add_to_waitq_locked
                0x0000000000009cae       0x54 zephyr/kernel/libkernel.a(sched.c.obj)
 .text.pend     0x0000000000009d02       0x42 zephyr/kernel/libkernel.a(sched.c.obj)
 .text.z_unpend_first_thread
                0x0000000000009d44       0x76 zephyr/kernel/libkernel.a(sched.c.obj)
                0x0000000000009d44                z_unpend_first_thread
 .text.k_is_in_isr
                0x0000000000009dba        0xc zephyr/kernel/libkernel.a(thread.c.obj)
                0x0000000000009dba                k_is_in_isr
 .text.z_impl_k_busy_wait
                0x0000000000009dc6        0xc zephyr/kernel/libkernel.a(thread.c.obj)
                0x0000000000009dc6                z_impl_k_busy_wait
 .text.remove_timeout
                0x0000000000009dd2       0x30 zephyr/kernel/libkernel.a(timeout.c.obj)
 .text.next_timeout
                0x0000000000009e02       0x3c zephyr/kernel/libkernel.a(timeout.c.obj)
 .text.z_abort_timeout
                0x0000000000009e3e       0x3c zephyr/kernel/libkernel.a(timeout.c.obj)
                0x0000000000009e3e                z_abort_timeout
 .text.k_heap_init
                0x0000000000009e7a       0x10 zephyr/kernel/libkernel.a(kheap.c.obj)
                0x0000000000009e7a                k_heap_init
 .text._OffsetAbsSyms
                0x0000000000009e8a        0x2 zephyr/CMakeFiles/offsets.dir/arch/arm/core/offsets/offsets.c.obj
                0x0000000000009e8a                _OffsetAbsSyms
 *(SORT_BY_ALIGNMENT(.TEXT.*))
 *(SORT_BY_ALIGNMENT(.gnu.linkonce.t.*))
 *(SORT_BY_ALIGNMENT(.glue_7t))
 .glue_7t       0x0000000000009e8c        0x0 linker stubs
 *(SORT_BY_ALIGNMENT(.glue_7))
 .glue_7        0x0000000000009e8c        0x0 linker stubs
 *(SORT_BY_ALIGNMENT(.vfp11_veneer))
 .vfp11_veneer  0x0000000000009e8c        0x0 linker stubs
 *(SORT_BY_ALIGNMENT(.v4_bx))
 .v4_bx         0x0000000000009e8c        0x0 linker stubs
                0x0000000000009e8c                _image_text_end = .

.ARM.exidx      0x0000000000009e8c        0x8
                0x0000000000009e8c                __exidx_start = .
 *(SORT_BY_ALIGNMENT(.ARM.exidx*) SORT_BY_ALIGNMENT(gnu.linkonce.armexidx.*))
 .ARM.exidx     0x0000000000009e8c        0x8 /opt/nordic/ncs/v1.4.99-dev1/toolchain/bin/../lib/gcc/arm-none-eabi/9.2.1/thumb/v8-m.main/nofp/libgcc.a(_udivmoddi4.o)
                0x0000000000009e94                __exidx_end = .
                0x0000000000009e94                _image_rodata_start = .

initlevel       0x0000000000009e94       0x80
                0x0000000000009e94                __init_start = .
                0x0000000000009e94                __init_PRE_KERNEL_1_start = .
 *(SORT_BY_NAME(SORT_BY_ALIGNMENT(.init_PRE_KERNEL_1[0-9]*)))
 .init_PRE_KERNEL_10
                0x0000000000009e94        0x8 zephyr/libzephyr.a(soc.c.obj)
 .init_PRE_KERNEL_130
                0x0000000000009e9c        0x8 zephyr/libzephyr.a(SEGGER_RTT_zephyr.c.obj)
 .init_PRE_KERNEL_130
                0x0000000000009ea4        0x8 zephyr/kernel/libkernel.a(mem_slab.c.obj)
 .init_PRE_KERNEL_130
                0x0000000000009eac        0x8 zephyr/kernel/libkernel.a(kheap.c.obj)
 .init_PRE_KERNEL_140
                0x0000000000009eb4        0x8 zephyr/libzephyr.a(rtt_console.c.obj)
 .init_PRE_KERNEL_140
                0x0000000000009ebc        0x8 zephyr/arch/arch/arm/core/aarch32/cortex_m/mpu/libarch__arm__core__aarch32__cortex_m__mpu.a(arm_mpu.c.obj)
 .init_PRE_KERNEL_150
                0x0000000000009ec4        0x8 zephyr/libzephyr.a(clock_control_nrf.c.obj)
 .init_PRE_KERNEL_150
                0x0000000000009ecc       0x10 zephyr/drivers/serial/libdrivers__serial.a(uart_nrfx_uarte.c.obj)
 *(SORT_BY_NAME(SORT_BY_ALIGNMENT(.init_PRE_KERNEL_1[1-9][0-9]*)))
                0x0000000000009edc                __init_PRE_KERNEL_2_start = .
 *(SORT_BY_NAME(SORT_BY_ALIGNMENT(.init_PRE_KERNEL_2[0-9]*)))
 .init_PRE_KERNEL_20
                0x0000000000009edc        0x8 zephyr/libzephyr.a(sys_clock_init.c.obj)
 *(SORT_BY_NAME(SORT_BY_ALIGNMENT(.init_PRE_KERNEL_2[1-9][0-9]*)))
                0x0000000000009ee4                __init_POST_KERNEL_start = .
 *(SORT_BY_NAME(SORT_BY_ALIGNMENT(.init_POST_KERNEL[0-9]*)))
 .init_POST_KERNEL0
                0x0000000000009ee4        0x8 zephyr/libzephyr.a(log_core.c.obj)
 .init_POST_KERNEL0
                0x0000000000009eec        0x8 modules/mbedtls/lib..__modules__crypto__mbedtls.a(zephyr_init.c.obj)
 .init_POST_KERNEL40
                0x0000000000009ef4        0x8 zephyr/boards/boards/arm/actinius_icarus/libboards__arm__actinius_icarus.a(board.c.obj)
 .init_POST_KERNEL40
                0x0000000000009efc        0x8 zephyr/drivers/gpio/libdrivers__gpio.a(gpio_nrfx.c.obj)
 .init_POST_KERNEL40
                0x0000000000009f04        0x8 modules/nrf/drivers/hw_cc310/lib..__nrf__drivers__hw_cc310.a(hw_cc310.c.obj)
 .init_POST_KERNEL50
                0x0000000000009f0c        0x8 zephyr/drivers/flash/libdrivers__flash.a(soc_flash_nrf.c.obj)
 *(SORT_BY_NAME(SORT_BY_ALIGNMENT(.init_POST_KERNEL[1-9][0-9]*)))
                0x0000000000009f14                __init_APPLICATION_start = .
 *(SORT_BY_NAME(SORT_BY_ALIGNMENT(.init_APPLICATION[0-9]*)))
 *(SORT_BY_NAME(SORT_BY_ALIGNMENT(.init_APPLICATION[1-9][0-9]*)))
                0x0000000000009f14                __init_SMP_start = .
 *(SORT_BY_NAME(SORT_BY_ALIGNMENT(.init_SMP[0-9]*)))
 *(SORT_BY_NAME(SORT_BY_ALIGNMENT(.init_SMP[1-9][0-9]*)))
                0x0000000000009f14                __init_end = .

sw_isr_table    0x0000000000009f14      0x208
                0x0000000000009f14                . = ALIGN (0x0)
 *(SORT_BY_ALIGNMENT(.gnu.linkonce.sw_isr_table*))
 .gnu.linkonce.sw_isr_table*
                0x0000000000009f14      0x208 zephyr/CMakeFiles/zephyr_final.dir/isr_tables.c.obj
                0x0000000000009f14                _sw_isr_table

initlevel_error
                0x0000000000009e94        0x0
 *(SORT_BY_NAME(SORT_BY_ALIGNMENT(.init_[_A-Z0-9]*)))
                0x0000000000000001                ASSERT ((SIZEOF (initlevel_error) == 0x0), Undefined initialization levels used.)

app_shmem_regions
                0x000000000000a11c        0x0
                0x000000000000a11c                __app_shmem_regions_start = .
 *(SORT_BY_NAME(SORT_BY_ALIGNMENT(.app_regions.*)))
                0x000000000000a11c                __app_shmem_regions_end = .

bt_l2cap_fixed_chan_area
                0x000000000000a11c        0x0
                0x000000000000a11c                _bt_l2cap_fixed_chan_list_start = .
 *(SORT_BY_NAME(SORT_BY_ALIGNMENT(._bt_l2cap_fixed_chan.static.*)))
                0x000000000000a11c                _bt_l2cap_fixed_chan_list_end = .

bt_gatt_service_static_area
                0x000000000000a11c        0x0
                0x000000000000a11c                _bt_gatt_service_static_list_start = .
 *(SORT_BY_NAME(SORT_BY_ALIGNMENT(._bt_gatt_service_static.static.*)))
                0x000000000000a11c                _bt_gatt_service_static_list_end = .

log_const_sections
                0x000000000000a11c       0x40
                0x000000000000a11c                __log_const_start = .
 *(SORT_BY_NAME(SORT_BY_ALIGNMENT(.log_const_*)))
 .log_const_board_control
                0x000000000000a11c        0x8 zephyr/boards/boards/arm/actinius_icarus/libboards__arm__actinius_icarus.a(board.c.obj)
                0x000000000000a11c                log_const_board_control
 .log_const_clock_control
                0x000000000000a124        0x8 zephyr/libzephyr.a(clock_control_nrf.c.obj)
                0x000000000000a124                log_const_clock_control
 .log_const_flash_nrf
                0x000000000000a12c        0x8 zephyr/drivers/flash/libdrivers__flash.a(soc_flash_nrf.c.obj)
                0x000000000000a12c                log_const_flash_nrf
 .log_const_mcuboot
                0x000000000000a134        0x8 app/libapp.a(main.c.obj)
                0x000000000000a134                log_const_mcuboot
 .log_const_mpu
                0x000000000000a13c        0x8 zephyr/arch/arch/arm/core/aarch32/cortex_m/mpu/libarch__arm__core__aarch32__cortex_m__mpu.a(arm_core_mpu.c.obj)
                0x000000000000a13c                log_const_mpu
 .log_const_os  0x000000000000a144        0x8 zephyr/kernel/libkernel.a(init.c.obj)
                0x000000000000a144                log_const_os
 .log_const_soc
                0x000000000000a14c        0x8 zephyr/libzephyr.a(soc.c.obj)
                0x000000000000a14c                log_const_soc
 .log_const_uart_nrfx_uarte
                0x000000000000a154        0x8 zephyr/drivers/serial/libdrivers__serial.a(uart_nrfx_uarte.c.obj)
                0x000000000000a154                log_const_uart_nrfx_uarte
                0x000000000000a15c                __log_const_end = .

log_backends_sections
                0x000000000000a15c       0x10
                0x000000000000a15c                __log_backends_start = .
 *(SORT_BY_ALIGNMENT(._log_backend.*))
 ._log_backend.static.log_backend_rtt
                0x000000000000a15c       0x10 zephyr/libzephyr.a(log_backend_rtt.c.obj)
                0x000000000000a16c                __log_backends_end = .

shell_area      0x000000000000a16c        0x0
                0x000000000000a16c                _shell_list_start = .
 *(SORT_BY_NAME(SORT_BY_ALIGNMENT(._shell.static.*)))
                0x000000000000a16c                _shell_list_end = .

shell_root_cmds_sections
                0x000000000000a16c        0x0
                0x000000000000a16c                __shell_root_cmds_start = .
 *(SORT_BY_NAME(SORT_BY_ALIGNMENT(.shell_root_cmd_*)))
                0x000000000000a16c                __shell_root_cmds_end = .

font_entry_sections
                0x000000000000a16c        0x0
                0x000000000000a16c                __font_entry_start = .
 *(SORT_BY_NAME(SORT_BY_ALIGNMENT(._cfb_font.*)))
                0x000000000000a16c                __font_entry_end = .

tracing_backend_area
                0x000000000000a16c        0x0
                0x000000000000a16c                _tracing_backend_list_start = .
 *(SORT_BY_NAME(SORT_BY_ALIGNMENT(._tracing_backend.static.*)))
                0x000000000000a16c                _tracing_backend_list_end = .

tdata           0x000000000000a16c        0x0
 *(SORT_BY_ALIGNMENT(.tdata) SORT_BY_ALIGNMENT(.tdata.*) SORT_BY_ALIGNMENT(.gnu.linkonce.td.*))

tbss            0x000000000000a16c        0x0
 *(SORT_BY_ALIGNMENT(.tbss) SORT_BY_ALIGNMENT(.tbss.*) SORT_BY_ALIGNMENT(.gnu.linkonce.tb.*) SORT_BY_ALIGNMENT(.tcommon))
                [!provide]                        PROVIDE (__tdata_start = LOADADDR (tdata))
                [!provide]                        PROVIDE (__tdata_size = SIZEOF (tdata))
                [!provide]                        PROVIDE (__tdata_end = (__tdata_start + __tdata_size))
                [!provide]                        PROVIDE (__tbss_start = LOADADDR (tbss))
                [!provide]                        PROVIDE (__tbss_size = SIZEOF (tbss))
                [!provide]                        PROVIDE (__tbss_end = (__tbss_start + __tbss_size))
                [!provide]                        PROVIDE (__tls_start = __tdata_start)
                [!provide]                        PROVIDE (__tls_end = __tbss_end)
                [!provide]                        PROVIDE (__tls_size = (__tbss_end - __tdata_start))

rodata          0x000000000000a170      0xc00
 *(SORT_BY_ALIGNMENT(.rodata))
 .rodata        0x000000000000a170       0x20 zephyr/drivers/serial/libdrivers__serial.a(uart_nrfx_uarte.c.obj)
 *(SORT_BY_ALIGNMENT(.rodata.*))
 .rodata.delay_machine_code.8493
                0x000000000000a190        0x6 zephyr/libzephyr.a(soc.c.obj)
 *fill*         0x000000000000a196        0x2 
 .rodata.main.str1.4
                0x000000000000a198       0xf6 app/libapp.a(main.c.obj)
 *fill*         0x000000000000a28e        0x2 
 .rodata.str1.4
                0x000000000000a290        0x8 app/libapp.a(main.c.obj)
 .rodata.flash_device_base.str1.4
                0x000000000000a298       0x21 app/libapp.a(flash_map_extended.c.obj)
 *fill*         0x000000000000a2b9        0x3 
 .rodata.bootutil_key_cnt
                0x000000000000a2bc        0x4 app/libapp.a(keys.c.obj)
                0x000000000000a2bc                bootutil_key_cnt
 .rodata.bootutil_keys
                0x000000000000a2c0        0x8 app/libapp.a(keys.c.obj)
                0x000000000000a2c0                bootutil_keys
 .rodata.pss_zeros
                0x000000000000a2c8        0x8 app/libapp.a(image_rsa.c.obj)
 .rodata.boot_swap_type_multi.str1.4
                0x000000000000a2d0       0x4c app/libapp.a(bootutil_misc.c.obj)
 .rodata.boot_img_magic
                0x000000000000a31c       0x10 app/libapp.a(bootutil_misc.c.obj)
                0x000000000000a31c                boot_img_magic
 .rodata.boot_swap_tables
                0x000000000000a32c       0x12 app/libapp.a(bootutil_misc.c.obj)
 *fill*         0x000000000000a33e        0x2 
 .rodata.boot_validate_slot.str1.4
                0x000000000000a340       0x37 app/libapp.a(loader.c.obj)
 *fill*         0x000000000000a377        0x1 
 .rodata.boot_swap_image.str1.4
                0x000000000000a378       0x2a app/libapp.a(loader.c.obj)
 *fill*         0x000000000000a3a2        0x2 
 .rodata.boot_complete_partial_swap.str1.4
                0x000000000000a3a4        0x7 app/libapp.a(loader.c.obj)
 *fill*         0x000000000000a3ab        0x1 
 .rodata.boot_prepare_image_for_update.str1.4
                0x000000000000a3ac       0x8d app/libapp.a(loader.c.obj)
 *fill*         0x000000000000a439        0x3 
 .rodata.swap_read_status_bytes.str1.4
                0x000000000000a43c       0x1e app/libapp.a(swap_move.c.obj)
 *fill*         0x000000000000a45a        0x2 
 .rodata.boot_slots_compatible.str1.4
                0x000000000000a45c       0x87 app/libapp.a(swap_move.c.obj)
 *fill*         0x000000000000a4e3        0x1 
 .rodata.swap_status_source.str1.4
                0x000000000000a4e4       0x9e app/libapp.a(swap_move.c.obj)
 *fill*         0x000000000000a582        0x2 
 .rodata.swap_run.str1.4
                0x000000000000a584       0x2a app/libapp.a(swap_move.c.obj)
 *fill*         0x000000000000a5ae        0x2 
 .rodata.rsa_pub_key
                0x000000000000a5b0      0x10e app/libapp.a(autogen-pubkey.c.obj)
                0x000000000000a5b0                rsa_pub_key
 *fill*         0x000000000000a6be        0x2 
 .rodata.rsa_pub_key_len
                0x000000000000a6c0        0x4 app/libapp.a(autogen-pubkey.c.obj)