Archive member included to satisfy reference by file (symbol)

app/libapp.a(main.c.obj)      (--whole-archive)
zephyr/libzephyr.a(cbprintf.c.obj)
                              (--whole-archive)
zephyr/libzephyr.a(crc32_sw.c.obj)
                              (--whole-archive)
zephyr/libzephyr.a(crc16_sw.c.obj)
                              (--whole-archive)
zephyr/libzephyr.a(crc8_sw.c.obj)
                              (--whole-archive)
zephyr/libzephyr.a(crc7_sw.c.obj)
                              (--whole-archive)
zephyr/libzephyr.a(dec.c.obj)
                              (--whole-archive)
zephyr/libzephyr.a(fdtable.c.obj)
                              (--whole-archive)
zephyr/libzephyr.a(hex.c.obj)
                              (--whole-archive)
zephyr/libzephyr.a(mempool.c.obj)
                              (--whole-archive)
zephyr/libzephyr.a(notify.c.obj)
                              (--whole-archive)
zephyr/libzephyr.a(printk.c.obj)
                              (--whole-archive)
zephyr/libzephyr.a(onoff.c.obj)
                              (--whole-archive)
zephyr/libzephyr.a(rb.c.obj)  (--whole-archive)
zephyr/libzephyr.a(sem.c.obj)
                              (--whole-archive)
zephyr/libzephyr.a(thread_entry.c.obj)
                              (--whole-archive)
zephyr/libzephyr.a(timeutil.c.obj)
                              (--whole-archive)
zephyr/libzephyr.a(work_q.c.obj)
                              (--whole-archive)
zephyr/libzephyr.a(heap.c.obj)
                              (--whole-archive)
zephyr/libzephyr.a(heap-validate.c.obj)
                              (--whole-archive)
zephyr/libzephyr.a(cbprintf_complete.c.obj)
                              (--whole-archive)
zephyr/libzephyr.a(configs.c.obj)
                              (--whole-archive)
zephyr/libzephyr.a(soc.c.obj)
                              (--whole-archive)
zephyr/libzephyr.a(power.c.obj)
                              (--whole-archive)
zephyr/libzephyr.a(validate_base_addresses.c.obj)
                              (--whole-archive)
zephyr/libzephyr.a(validate_enabled_instances.c.obj)
                              (--whole-archive)
zephyr/libzephyr.a(power.c.obj)
                              (--whole-archive)
zephyr/libzephyr.a(reboot.c.obj)
                              (--whole-archive)
zephyr/libzephyr.a(policy_residency.c.obj)
                              (--whole-archive)
zephyr/libzephyr.a(clock_control_nrf.c.obj)
                              (--whole-archive)
zephyr/libzephyr.a(sys_clock_init.c.obj)
                              (--whole-archive)
zephyr/libzephyr.a(nrf_rtc_timer.c.obj)
                              (--whole-archive)
zephyr/libzephyr.a(spm.c.obj)
                              (--whole-archive)
zephyr/libzephyr.a(secure_services.c.obj)
                              (--whole-archive)
zephyr/libzephyr.a(nrf_cc3xx_platform_abort_zephyr.c.obj)
                              (--whole-archive)
zephyr/libzephyr.a(nrf_cc3xx_platform_mutex_zephyr.c.obj)
                              (--whole-archive)
zephyr/arch/common/libarch__common.a(sw_isr_common.c.obj)
                              (--whole-archive)
zephyr/arch/arch/arm/core/aarch32/libarch__arm__core__aarch32.a(swap.c.obj)
                              (--whole-archive)
zephyr/arch/arch/arm/core/aarch32/libarch__arm__core__aarch32.a(swap_helper.S.obj)
                              (--whole-archive)
zephyr/arch/arch/arm/core/aarch32/libarch__arm__core__aarch32.a(irq_manage.c.obj)
                              (--whole-archive)
zephyr/arch/arch/arm/core/aarch32/libarch__arm__core__aarch32.a(thread.c.obj)
                              (--whole-archive)
zephyr/arch/arch/arm/core/aarch32/libarch__arm__core__aarch32.a(cpu_idle.S.obj)
                              (--whole-archive)
zephyr/arch/arch/arm/core/aarch32/libarch__arm__core__aarch32.a(fatal.c.obj)
                              (--whole-archive)
zephyr/arch/arch/arm/core/aarch32/libarch__arm__core__aarch32.a(nmi.c.obj)
                              (--whole-archive)
zephyr/arch/arch/arm/core/aarch32/libarch__arm__core__aarch32.a(nmi_on_reset.S.obj)
                              (--whole-archive)
zephyr/arch/arch/arm/core/aarch32/libarch__arm__core__aarch32.a(prep_c.c.obj)
                              (--whole-archive)
zephyr/arch/arch/arm/core/aarch32/libarch__arm__core__aarch32.a(isr_wrapper.S.obj)
                              (--whole-archive)
zephyr/arch/arch/arm/core/aarch32/cortex_m/libarch__arm__core__aarch32__cortex_m.a(vector_table.S.obj)
                              (--whole-archive)
zephyr/arch/arch/arm/core/aarch32/cortex_m/libarch__arm__core__aarch32__cortex_m.a(reset.S.obj)
                              (--whole-archive)
zephyr/arch/arch/arm/core/aarch32/cortex_m/libarch__arm__core__aarch32__cortex_m.a(fault_s.S.obj)
                              (--whole-archive)
zephyr/arch/arch/arm/core/aarch32/cortex_m/libarch__arm__core__aarch32__cortex_m.a(fault.c.obj)
[...]
Memory Configuration

Name             Origin             Length             Attributes
FLASH            0x000000000000c200 0x000000000000c000 xr
SRAM             0x0000000020000000 0x0000000000010000 xw
IDT_LIST         0x0000000020010000 0x0000000000000800 xw
*default*        0x0000000000000000 0xffffffffffffffff

Linker script and memory map

LOAD zephyr/CMakeFiles/zephyr_final.dir/misc/empty_file.c.obj
LOAD zephyr/CMakeFiles/zephyr_final.dir/isr_tables.c.obj
                0x0000000000000020                _region_min_align = 0x20

.rel.plt        0x000000000000c200        0x0
 *(SORT_BY_ALIGNMENT(.rel.plt))
                [!provide]                        PROVIDE (__rel_iplt_start = .)
 *(SORT_BY_ALIGNMENT(.rel.iplt))
 .rel.iplt      0x000000000000c200        0x0 zephyr/CMakeFiles/zephyr_final.dir/isr_tables.c.obj
                [!provide]                        PROVIDE (__rel_iplt_end = .)

.rela.plt       0x0000000000000000        0x0
 *(SORT_BY_ALIGNMENT(.rela.plt))
                [!provide]                        PROVIDE (__rela_iplt_start = .)
 *(SORT_BY_ALIGNMENT(.rela.iplt))
                [!provide]                        PROVIDE (__rela_iplt_end = .)

.rel.dyn
 *(SORT_BY_ALIGNMENT(.rel.*))

.rela.dyn
 *(SORT_BY_ALIGNMENT(.rela.*))

/DISCARD/
 *(SORT_BY_ALIGNMENT(.plt))
 *(SORT_BY_ALIGNMENT(.iplt))
 *(SORT_BY_ALIGNMENT(.got.plt))
 *(SORT_BY_ALIGNMENT(.igot.plt))
 *(SORT_BY_ALIGNMENT(.got))
 *(SORT_BY_ALIGNMENT(.igot))
 *(SORT_BY_ALIGNMENT(.irq_info*))
 *(SORT_BY_ALIGNMENT(.intList*))
 *(SORT_BY_ALIGNMENT(.note.GNU-stack))
                0x000000000000c200                _image_rom_start = 0xc200

rom_start       0x000000000000c200      0x23c
                0x0000000000000000                . = 0x0
                0x0000000000000000                . = ALIGN (0x4)
                0x0000000000000000                . = ALIGN (0x80)
                0x0000000000000000                . = ALIGN (0x200)
                0x000000000000c200                _vector_start = .
 *(SORT_BY_ALIGNMENT(.exc_vector_table))
 *(SORT_BY_ALIGNMENT(.exc_vector_table.*))
 .exc_vector_table._vector_table_section
                0x000000000000c200       0x40 zephyr/arch/arch/arm/core/aarch32/cortex_m/libarch__arm__core__aarch32__cortex_m.a(vector_table.S.obj)
                0x000000000000c200                _vector_table
 *(SORT_BY_ALIGNMENT(.gnu.linkonce.irq_vector_table*))
 .gnu.linkonce.irq_vector_table*
                0x000000000000c240      0x104 zephyr/CMakeFiles/zephyr_final.dir/isr_tables.c.obj
                0x000000000000c240                _irq_vector_table
 *(SORT_BY_ALIGNMENT(.vectors))
                0x000000000000c344                _vector_end = .
 *(SORT_BY_ALIGNMENT(.openocd_dbg))
 *(SORT_BY_ALIGNMENT(.openocd_dbg.*))
                0x0000000000000200                . = 0x200
 *fill*         0x000000000000c344       0xbc 
                0x000000000000c400                _fw_info_start = .
 *(SORT_BY_NAME(SORT_BY_ALIGNMENT(.firmware_info*)))
 .firmware_info
                0x000000000000c400       0x3c modules/nrf/subsys/fw_info/lib..__nrf__subsys__fw_info.a(fw_info.c.obj)
                0x000000000000c400                m_firmware_info
                0x000000000000003c                _fw_info_size = ABSOLUTE ((. - _fw_info_start))

text            0x000000000000c43c     0x54da
                0x000000000000c43c                _image_text_start = .
 *(SORT_BY_ALIGNMENT(.text))
 .text          0x000000000000c43c       0x30 /opt/nordic/ncs/v1.4.99-dev1/toolchain/bin/../lib/gcc/arm-none-eabi/9.2.1/thumb/v8-m.main+fp/hard/libgcc.a(_aeabi_uldivmod.o)
                0x000000000000c43c                __aeabi_uldivmod
 .text          0x000000000000c46c      0x2c0 /opt/nordic/ncs/v1.4.99-dev1/toolchain/bin/../lib/gcc/arm-none-eabi/9.2.1/thumb/v8-m.main+fp/hard/libgcc.a(_udivmoddi4.o)
                0x000000000000c46c                __udivmoddi4
 .text          0x000000000000c72c        0x4 /opt/nordic/ncs/v1.4.99-dev1/toolchain/bin/../lib/gcc/arm-none-eabi/9.2.1/thumb/v8-m.main+fp/hard/libgcc.a(_dvmd_tls.o)
                0x000000000000c72c                __aeabi_ldiv0
                0x000000000000c72c                __aeabi_idiv0
 .text          0x000000000000c730       0x5c /opt/nordic/ncs/v1.4.99-dev1/toolchain/bin/../lib/gcc/arm-none-eabi/9.2.1/thumb/v8-m.main+fp/hard/libgcc.a(cmse_nonsecure_call.o)
                0x000000000000c730                __gnu_cmse_nonsecure_call
 *(SORT_BY_ALIGNMENT(.text.*))
 .text.char_out
                0x000000000000c78c       0x10 zephyr/libzephyr.a(printk.c.obj)
 .text.vprintk  0x000000000000c79c       0x1c zephyr/libzephyr.a(printk.c.obj)
                0x000000000000c79c                vprintk
 .text.process_event
                0x000000000000c7b8      0x1d0 zephyr/libzephyr.a(onoff.c.obj)
 .text.extract_conversion
                0x000000000000c988      0x2f0 zephyr/libzephyr.a(cbprintf_complete.c.obj)
 .text.cbvprintf
                0x000000000000cc78      0x94c zephyr/libzephyr.a(cbprintf_complete.c.obj)
                0x000000000000cc78                cbvprintf
 .text.nordicsemi_nrf91_init
                0x000000000000d5c4       0x28 zephyr/libzephyr.a(soc.c.obj)
 .text.arch_busy_wait
                0x000000000000d5ec       0x14 zephyr/libzephyr.a(soc.c.obj)
                0x000000000000d5ec                arch_busy_wait
 .text.sys_reboot
                0x000000000000d600       0x30 zephyr/libzephyr.a(reboot.c.obj)
                0x000000000000d600                sys_reboot
 .text.onoff_stop
                0x000000000000d630       0x48 zephyr/libzephyr.a(clock_control_nrf.c.obj)
 .text.onoff_start
                0x000000000000d678       0x58 zephyr/libzephyr.a(clock_control_nrf.c.obj)
 .text.clk_init
                0x000000000000d6d0       0x60 zephyr/libzephyr.a(clock_control_nrf.c.obj)
 .text.clkstarted_handle.constprop.0
                0x000000000000d730       0x3c zephyr/libzephyr.a(clock_control_nrf.c.obj)
 .text.clock_event_handler
                0x000000000000d76c       0x1c zephyr/libzephyr.a(clock_control_nrf.c.obj)
 .text.generic_hfclk_start
                0x000000000000d788       0x64 zephyr/libzephyr.a(clock_control_nrf.c.obj)
 .text.generic_hfclk_stop
                0x000000000000d7ec       0x24 zephyr/libzephyr.a(clock_control_nrf.c.obj)
 .text.api_blocking_start
                0x000000000000d810       0x34 zephyr/libzephyr.a(clock_control_nrf.c.obj)
 .text.z_nrf_clock_control_lf_on
                0x000000000000d844      0x10c zephyr/libzephyr.a(clock_control_nrf.c.obj)
                0x000000000000d844                z_nrf_clock_control_lf_on
 .text.handle_next_cycle_case
                0x000000000000d950       0x28 zephyr/libzephyr.a(nrf_rtc_timer.c.obj)
 .text.rtc_nrf_isr
                0x000000000000d978       0x2c zephyr/libzephyr.a(nrf_rtc_timer.c.obj)
                0x000000000000d978                rtc_nrf_isr
 .text.z_clock_driver_init
                0x000000000000d9a4       0x54 zephyr/libzephyr.a(nrf_rtc_timer.c.obj)
                0x000000000000d9a4                z_clock_driver_init
 .text.z_clock_set_timeout
                0x000000000000d9f8       0xd0 zephyr/libzephyr.a(nrf_rtc_timer.c.obj)
                0x000000000000d9f8                z_clock_set_timeout
 .text.z_clock_elapsed
                0x000000000000dac8       0x34 zephyr/libzephyr.a(nrf_rtc_timer.c.obj)
                0x000000000000dac8                z_clock_elapsed
 .text.config_regions
                0x000000000000dafc       0xb0 zephyr/libzephyr.a(spm.c.obj)
 .text.spm_config_peripheral.constprop.0
                0x000000000000dbac       0x5c zephyr/libzephyr.a(spm.c.obj)
 .text.spm_jump
                0x000000000000dc08       0xd8 zephyr/libzephyr.a(spm.c.obj)
                0x000000000000dc08                spm_jump
 .text.spm_config
                0x000000000000dce0      0x130 zephyr/libzephyr.a(spm.c.obj)
                0x000000000000dce0                spm_config
 .text.spm_request_read_nse
                0x000000000000de10       0xbc zephyr/libzephyr.a(secure_services.c.obj)
                0x000000000000de10                __acle_se_spm_request_read_nse
 .text.spm_firmware_info_nse
                0x000000000000decc       0xd4 zephyr/libzephyr.a(secure_services.c.obj)
                0x000000000000decc                __acle_se_spm_firmware_info_nse
 .text.nrf_cc3xx_platform_abort_init
                0x000000000000dfa0        0xc zephyr/libzephyr.a(nrf_cc3xx_platform_abort_zephyr.c.obj)
                0x000000000000dfa0                nrf_cc3xx_platform_abort_init
 .text.mutex_unlock_platform
                0x000000000000dfac       0x20 zephyr/libzephyr.a(nrf_cc3xx_platform_mutex_zephyr.c.obj)
 .text.mutex_free_platform
                0x000000000000dfcc       0x40 zephyr/libzephyr.a(nrf_cc3xx_platform_mutex_zephyr.c.obj)
 .text.mutex_init_platform
                0x000000000000e00c       0x68 zephyr/libzephyr.a(nrf_cc3xx_platform_mutex_zephyr.c.obj)
 .text.mutex_lock_platform
                0x000000000000e074       0x34 zephyr/libzephyr.a(nrf_cc3xx_platform_mutex_zephyr.c.obj)
 .text.nrf_cc3xx_platform_mutex_init
                0x000000000000e0a8       0x2c zephyr/libzephyr.a(nrf_cc3xx_platform_mutex_zephyr.c.obj)
                0x000000000000e0a8                nrf_cc3xx_platform_mutex_init
 .text.arch_swap
                0x000000000000e0d4       0x34 zephyr/arch/arch/arm/core/aarch32/libarch__arm__core__aarch32.a(swap.c.obj)
                0x000000000000e0d4                arch_swap
 .text.z_arm_pendsv
                0x000000000000e108       0x58 zephyr/arch/arch/arm/core/aarch32/libarch__arm__core__aarch32.a(swap_helper.S.obj)
                0x000000000000e108                z_arm_pendsv
 .text.z_arm_svc
                0x000000000000e160       0x20 zephyr/arch/arch/arm/core/aarch32/libarch__arm__core__aarch32.a(swap_helper.S.obj)
                0x000000000000e160                z_arm_svc
 .text.arch_irq_enable
                0x000000000000e180       0x20 zephyr/arch/arch/arm/core/aarch32/libarch__arm__core__aarch32.a(irq_manage.c.obj)
                0x000000000000e180                arch_irq_enable
 .text.arch_irq_is_enabled
                0x000000000000e1a0       0x1c zephyr/arch/arch/arm/core/aarch32/libarch__arm__core__aarch32.a(irq_manage.c.obj)
                0x000000000000e1a0                arch_irq_is_enabled
 .text.z_arm_irq_priority_set
                0x000000000000e1bc       0x2c zephyr/arch/arch/arm/core/aarch32/libarch__arm__core__aarch32.a(irq_manage.c.obj)
                0x000000000000e1bc                z_arm_irq_priority_set
 .text.arch_new_thread
                0x000000000000e1e8       0x38 zephyr/arch/arch/arm/core/aarch32/libarch__arm__core__aarch32.a(thread.c.obj)
                0x000000000000e1e8                arch_new_thread
 .text.arch_switch_to_main_thread
                0x000000000000e220       0x3c zephyr/arch/arch/arm/core/aarch32/libarch__arm__core__aarch32.a(thread.c.obj)
                0x000000000000e220                arch_switch_to_main_thread
 .text.z_arm_cpu_idle_init
                0x000000000000e25c        0xc zephyr/arch/arch/arm/core/aarch32/libarch__arm__core__aarch32.a(cpu_idle.S.obj)
                0x000000000000e25c                z_arm_cpu_idle_init
 .text.arch_cpu_idle
                0x000000000000e268       0x1c zephyr/arch/arch/arm/core/aarch32/libarch__arm__core__aarch32.a(cpu_idle.S.obj)
                0x000000000000e268                arch_cpu_idle
 .text.arch_cpu_atomic_idle
                0x000000000000e284       0x14 zephyr/arch/arch/arm/core/aarch32/libarch__arm__core__aarch32.a(cpu_idle.S.obj)
                0x000000000000e284                arch_cpu_atomic_idle
 .text.z_SysNmiOnReset
                0x000000000000e298        0x8 zephyr/arch/arch/arm/core/aarch32/libarch__arm__core__aarch32.a(nmi_on_reset.S.obj)
                0x000000000000e298                z_SysNmiOnReset
 .text.z_arm_prep_c
                0x000000000000e2a0       0x6c zephyr/arch/arch/arm/core/aarch32/libarch__arm__core__aarch32.a(prep_c.c.obj)
                0x000000000000e2a0                z_arm_prep_c
 .text._isr_wrapper
                0x000000000000e30c       0x40 zephyr/arch/arch/arm/core/aarch32/libarch__arm__core__aarch32.a(isr_wrapper.S.obj)
                0x000000000000e30c                _isr_wrapper
 .text._reset_section
                0x000000000000e34c       0x60 zephyr/arch/arch/arm/core/aarch32/cortex_m/libarch__arm__core__aarch32__cortex_m.a(reset.S.obj)
                0x000000000000e34c                z_arm_reset
                0x000000000000e34c                __start
 .text.__fault  0x000000000000e3ac       0x14 zephyr/arch/arch/arm/core/aarch32/cortex_m/libarch__arm__core__aarch32__cortex_m.a(fault_s.S.obj)
                0x000000000000e3ac                z_arm_secure_fault
                0x000000000000e3ac                z_arm_bus_fault
                0x000000000000e3ac                z_arm_usage_fault
                0x000000000000e3ac                z_arm_mpu_fault
                0x000000000000e3ac                z_arm_exc_spurious
                0x000000000000e3ac                z_arm_debug_monitor
                0x000000000000e3ac                z_arm_hard_fault
 .text.mem_manage_fault.isra.0
                0x000000000000e3c0       0x38 zephyr/arch/arch/arm/core/aarch32/cortex_m/libarch__arm__core__aarch32__cortex_m.a(fault.c.obj)
 .text.bus_fault.isra.0
                0x000000000000e3f8       0x3c zephyr/arch/arch/arm/core/aarch32/cortex_m/libarch__arm__core__aarch32__cortex_m.a(fault.c.obj)
 .text.usage_fault.isra.0
                0x000000000000e434       0x2c zephyr/arch/arch/arm/core/aarch32/cortex_m/libarch__arm__core__aarch32__cortex_m.a(fault.c.obj)
 .text.secure_fault.isra.0
                0x000000000000e460       0x3c zephyr/arch/arch/arm/core/aarch32/cortex_m/libarch__arm__core__aarch32__cortex_m.a(fault.c.obj)
 .text.z_arm_fault
                0x000000000000e49c      0x118 zephyr/arch/arch/arm/core/aarch32/cortex_m/libarch__arm__core__aarch32__cortex_m.a(fault.c.obj)
                0x000000000000e49c                z_arm_fault
 .text.z_arm_fault_init
                0x000000000000e5b4       0x18 zephyr/arch/arch/arm/core/aarch32/cortex_m/libarch__arm__core__aarch32__cortex_m.a(fault.c.obj)
                0x000000000000e5b4                z_arm_fault_init
 .text._HandlerModeExit
                0x000000000000e5cc       0x1c zephyr/arch/arch/arm/core/aarch32/cortex_m/libarch__arm__core__aarch32__cortex_m.a(exc_exit.S.obj)
                0x000000000000e5cc                z_arm_exc_exit
                0x000000000000e5cc                z_arm_int_exit
 .text.sys_arch_reboot
                0x000000000000e5e8       0x24 zephyr/arch/arch/arm/core/aarch32/cortex_m/libarch__arm__core__aarch32__cortex_m.a(scb.c.obj)
                0x000000000000e5e8                sys_arch_reboot
 .text.z_arm_clear_arm_mpu_config
                0x000000000000e60c       0x20 zephyr/arch/arch/arm/core/aarch32/cortex_m/libarch__arm__core__aarch32__cortex_m.a(scb.c.obj)
                0x000000000000e60c                z_arm_clear_arm_mpu_config
 .text.z_arm_init_arch_hw_at_boot
                0x000000000000e62c       0x4c zephyr/arch/arch/arm/core/aarch32/cortex_m/libarch__arm__core__aarch32__cortex_m.a(scb.c.obj)
                0x000000000000e62c                z_arm_init_arch_hw_at_boot
 .text.z_arm_interrupt_init
                0x000000000000e678       0x18 zephyr/arch/arch/arm/core/aarch32/cortex_m/libarch__arm__core__aarch32__cortex_m.a(irq_init.c.obj)
                0x000000000000e678                z_arm_interrupt_init
 .text.z_impl_k_thread_abort
                0x000000000000e690       0x44 zephyr/arch/arch/arm/core/aarch32/cortex_m/libarch__arm__core__aarch32__cortex_m.a(thread_abort.c.obj)
                0x000000000000e690                z_impl_k_thread_abort
 .text.z_arm_configure_static_mpu_regions
                0x000000000000e6d4       0x54 zephyr/arch/arch/arm/core/aarch32/cortex_m/mpu/libarch__arm__core__aarch32__cortex_m__mpu.a(arm_core_mpu.c.obj)
                0x000000000000e6d4                z_arm_configure_static_mpu_regions
 .text.region_init
                0x000000000000e728       0x30 zephyr/arch/arch/arm/core/aarch32/cortex_m/mpu/libarch__arm__core__aarch32__cortex_m__mpu.a(arm_mpu.c.obj)
 .text.mpu_configure_regions_and_partition.constprop.0
                0x000000000000e758      0x13c zephyr/arch/arch/arm/core/aarch32/cortex_m/mpu/libarch__arm__core__aarch32__cortex_m__mpu.a(arm_mpu.c.obj)
 .text.arm_core_mpu_enable
                0x000000000000e894       0x14 zephyr/arch/arch/arm/core/aarch32/cortex_m/mpu/libarch__arm__core__aarch32__cortex_m__mpu.a(arm_mpu.c.obj)
                0x000000000000e894                arm_core_mpu_enable
 .text.arm_core_mpu_disable
                0x000000000000e8a8       0x10 zephyr/arch/arch/arm/core/aarch32/cortex_m/mpu/libarch__arm__core__aarch32__cortex_m__mpu.a(arm_mpu.c.obj)
                0x000000000000e8a8                arm_core_mpu_disable
 .text.arm_mpu_init
                0x000000000000e8b8       0x4c zephyr/arch/arch/arm/core/aarch32/cortex_m/mpu/libarch__arm__core__aarch32__cortex_m__mpu.a(arm_mpu.c.obj)
 .text.arm_core_mpu_configure_static_mpu_regions
                0x000000000000e904       0x14 zephyr/arch/arch/arm/core/aarch32/cortex_m/mpu/libarch__arm__core__aarch32__cortex_m__mpu.a(arm_mpu.c.obj)
                0x000000000000e904                arm_core_mpu_configure_static_mpu_regions
 .text.arm_core_mpu_mark_areas_for_dynamic_regions
                0x000000000000e918       0xac zephyr/arch/arch/arm/core/aarch32/cortex_m/mpu/libarch__arm__core__aarch32__cortex_m__mpu.a(arm_mpu.c.obj)
                0x000000000000e918                arm_core_mpu_mark_areas_for_dynamic_regions
 .text.tz_nonsecure_state_setup
                0x000000000000e9c4       0x38 zephyr/arch/arch/arm/core/aarch32/cortex_m/tz/libarch__arm__core__aarch32__cortex_m__tz.a(arm_core_tz.c.obj)
                0x000000000000e9c4                tz_nonsecure_state_setup
 .text.tz_nbanked_exception_target_state_set
                0x000000000000e9fc       0x28 zephyr/arch/arch/arm/core/aarch32/cortex_m/tz/libarch__arm__core__aarch32__cortex_m__tz.a(arm_core_tz.c.obj)
                0x000000000000e9fc                tz_nbanked_exception_target_state_set
 .text.tz_nonsecure_exception_prio_config
                0x000000000000ea24       0x28 zephyr/arch/arch/arm/core/aarch32/cortex_m/tz/libarch__arm__core__aarch32__cortex_m__tz.a(arm_core_tz.c.obj)
                0x000000000000ea24                tz_nonsecure_exception_prio_config
 .text.tz_nonsecure_system_reset_req_block
                0x000000000000ea4c       0x28 zephyr/arch/arch/arm/core/aarch32/cortex_m/tz/libarch__arm__core__aarch32__cortex_m__tz.a(arm_core_tz.c.obj)
                0x000000000000ea4c                tz_nonsecure_system_reset_req_block
 .text.tz_nonsecure_fpu_access_enable
                0x000000000000ea74       0x14 zephyr/arch/arch/arm/core/aarch32/cortex_m/tz/libarch__arm__core__aarch32__cortex_m__tz.a(arm_core_tz.c.obj)
                0x000000000000ea74                tz_nonsecure_fpu_access_enable
 .text.tz_sau_configure
                0x000000000000ea88       0x28 zephyr/arch/arch/arm/core/aarch32/cortex_m/tz/libarch__arm__core__aarch32__cortex_m__tz.a(arm_core_tz.c.obj)
                0x000000000000ea88                tz_sau_configure
 .text.board_actinius_icarus_init
                0x000000000000eab0       0x2c zephyr/boards/boards/arm/actinius_icarus/libboards__arm__actinius_icarus.a(board.c.obj)
 .text.check_ext_api_requests
                0x000000000000eadc       0x9c modules/nrf/subsys/fw_info/lib..__nrf__subsys__fw_info.a(fw_info.c.obj)
 .text.nrf91_errata_14
                0x000000000000eb78       0x1c modules/nordic/lib..__modules__hal__nordic.a(system_nrf9160.c.obj)
 .text.SystemInit
                0x000000000000eb94      0x174 modules/nordic/lib..__modules__hal__nordic.a(system_nrf9160.c.obj)
                0x000000000000eb94                SystemInit
 .text.nrfx_clock_init
                0x000000000000ed08       0x20 modules/nordic/lib..__modules__hal__nordic.a(nrfx_clock.c.obj)
                0x000000000000ed08                nrfx_clock_init
 .text.nrfx_clock_start
                0x000000000000ed28       0x64 modules/nordic/lib..__modules__hal__nordic.a(nrfx_clock.c.obj)
                0x000000000000ed28                nrfx_clock_start
 .text.nrfx_clock_stop
                0x000000000000ed8c       0x84 modules/nordic/lib..__modules__hal__nordic.a(nrfx_clock.c.obj)
                0x000000000000ed8c                nrfx_clock_stop
 .text.nrfx_power_clock_irq_handler
                0x000000000000ee10       0x68 modules/nordic/lib..__modules__hal__nordic.a(nrfx_clock.c.obj)
                0x000000000000ee10                nrfx_power_clock_irq_handler
 .text.z_sys_init_run_level
                0x000000000000ee78       0x50 zephyr/kernel/libkernel.a(device.c.obj)
                0x000000000000ee78                z_sys_init_run_level
 .text.z_device_ready
                0x000000000000eec8       0x2c zephyr/kernel/libkernel.a(device.c.obj)
                0x000000000000eec8                z_device_ready
 .text.z_impl_device_get_binding
                0x000000000000eef4       0x50 zephyr/kernel/libkernel.a(device.c.obj)
                0x000000000000eef4                z_impl_device_get_binding
 .text.idle     0x000000000000ef44       0x78 zephyr/kernel/libkernel.a(idle.c.obj)
                0x000000000000ef44                idle
 .text.z_bss_zero
                0x000000000000efbc       0x14 zephyr/kernel/libkernel.a(init.c.obj)
                0x000000000000efbc                z_bss_zero
 .text.z_data_copy
                0x000000000000efd0       0x34 zephyr/kernel/libkernel.a(init.c.obj)
                0x000000000000efd0                z_data_copy
 .text.bg_thread_main
                0x000000000000f004       0x30 zephyr/kernel/libkernel.a(init.c.obj)
 .text.z_cstart
                0x000000000000f034      0x10c zephyr/kernel/libkernel.a(init.c.obj)
                0x000000000000f034                z_cstart
 .text.init_mem_slab_module
                0x000000000000f140       0x44 zephyr/kernel/libkernel.a(mem_slab.c.obj)
 .text.k_mem_slab_alloc
                0x000000000000f184       0x64 zephyr/kernel/libkernel.a(mem_slab.c.obj)
                0x000000000000f184                k_mem_slab_alloc
 .text.k_mem_slab_free
                0x000000000000f1e8       0x54 zephyr/kernel/libkernel.a(mem_slab.c.obj)
                0x000000000000f1e8                k_mem_slab_free
 .text.z_impl_k_mutex_lock
                0x000000000000f23c       0xf0 zephyr/kernel/libkernel.a(mutex.c.obj)
                0x000000000000f23c                z_impl_k_mutex_lock
 .text.z_impl_k_mutex_unlock
                0x000000000000f32c       0x8c zephyr/kernel/libkernel.a(mutex.c.obj)
                0x000000000000f32c                z_impl_k_mutex_unlock
 .text.z_reset_time_slice
                0x000000000000f3b8       0x2c zephyr/kernel/libkernel.a(sched.c.obj)
                0x000000000000f3b8                z_reset_time_slice
 .text.k_sched_time_slice_set
                0x000000000000f3e4       0x58 zephyr/kernel/libkernel.a(sched.c.obj)
                0x000000000000f3e4                k_sched_time_slice_set
 .text.z_reschedule
                0x000000000000f43c       0x24 zephyr/kernel/libkernel.a(sched.c.obj)
                0x000000000000f43c                z_reschedule
 .text.k_sched_lock
                0x000000000000f460       0x28 zephyr/kernel/libkernel.a(sched.c.obj)
                0x000000000000f460                k_sched_lock
 .text.z_priq_dumb_remove
                0x000000000000f488       0x2c zephyr/kernel/libkernel.a(sched.c.obj)
                0x000000000000f488                z_priq_dumb_remove
 .text.update_cache
                0x000000000000f4b4       0x50 zephyr/kernel/libkernel.a(sched.c.obj)
 .text.k_sched_unlock
                0x000000000000f504       0x38 zephyr/kernel/libkernel.a(sched.c.obj)
                0x000000000000f504                k_sched_unlock
 .text.ready_thread
                0x000000000000f53c       0x70 zephyr/kernel/libkernel.a(sched.c.obj)
 .text.z_sched_start
                0x000000000000f5ac       0x3c zephyr/kernel/libkernel.a(sched.c.obj)
                0x000000000000f5ac                z_sched_start
 .text.move_thread_to_end_of_prio_q
                0x000000000000f5e8       0x74 zephyr/kernel/libkernel.a(sched.c.obj)
 .text.z_time_slice
                0x000000000000f65c       0x84 zephyr/kernel/libkernel.a(sched.c.obj)
                0x000000000000f65c                z_time_slice
 .text.z_impl_k_thread_suspend
                0x000000000000f6e0       0x68 zephyr/kernel/libkernel.a(sched.c.obj)
                0x000000000000f6e0                z_impl_k_thread_suspend
 .text.z_thread_single_abort
                0x000000000000f748      0x104 zephyr/kernel/libkernel.a(sched.c.obj)
                0x000000000000f748                z_thread_single_abort
 .text.unready_thread
                0x000000000000f84c       0x34 zephyr/kernel/libkernel.a(sched.c.obj)
 .text.pend     0x000000000000f880       0x4c zephyr/kernel/libkernel.a(sched.c.obj)
 .text.z_pend_curr
                0x000000000000f8cc       0x28 zephyr/kernel/libkernel.a(sched.c.obj)
                0x000000000000f8cc                z_pend_curr
 .text.z_tick_sleep.part.0
                0x000000000000f8f4       0x5c zephyr/kernel/libkernel.a(sched.c.obj)
 .text.z_set_prio
                0x000000000000f950       0x88 zephyr/kernel/libkernel.a(sched.c.obj)
                0x000000000000f950                z_set_prio
 .text.z_sched_init
                0x000000000000f9d8       0x18 zephyr/kernel/libkernel.a(sched.c.obj)
                0x000000000000f9d8                z_sched_init
 .text.z_impl_k_yield
                0x000000000000f9f0       0x9c zephyr/kernel/libkernel.a(sched.c.obj)
                0x000000000000f9f0                z_impl_k_yield
 .text.z_impl_k_sleep
                0x000000000000fa8c       0x40 zephyr/kernel/libkernel.a(sched.c.obj)
                0x000000000000fa8c                z_impl_k_sleep
 .text.z_impl_k_current_get
                0x000000000000facc        0xc zephyr/kernel/libkernel.a(sched.c.obj)
                0x000000000000facc                z_impl_k_current_get
 .text.z_impl_k_sem_give
                0x000000000000fad8       0x40 zephyr/kernel/libkernel.a(sem.c.obj)
                0x000000000000fad8                z_impl_k_sem_give
 .text.z_impl_k_sem_take
                0x000000000000fb18       0x54 zephyr/kernel/libkernel.a(sem.c.obj)
                0x000000000000fb18                z_impl_k_sem_take
 .text.z_setup_new_thread
                0x000000000000fb6c       0x60 zephyr/kernel/libkernel.a(thread.c.obj)
                0x000000000000fb6c                z_setup_new_thread
 .text.z_init_static_threads
                0x000000000000fbcc       0xbc zephyr/kernel/libkernel.a(thread.c.obj)
                0x000000000000fbcc                z_init_static_threads
 .text.z_self_abort
                0x000000000000fc88       0x28 zephyr/kernel/libkernel.a(thread_abort.c.obj)
                0x000000000000fc88                z_self_abort
 .text.elapsed  0x000000000000fcb0       0x14 zephyr/kernel/libkernel.a(timeout.c.obj)
 .text.remove_timeout
                0x000000000000fcc4       0x34 zephyr/kernel/libkernel.a(timeout.c.obj)
 .text.next_timeout
                0x000000000000fcf8       0x58 zephyr/kernel/libkernel.a(timeout.c.obj)
 .text.z_add_timeout
                0x000000000000fd50      0x110 zephyr/kernel/libkernel.a(timeout.c.obj)
                0x000000000000fd50                z_add_timeout
 .text.z_clock_announce
                0x000000000000fe60       0xd4 zephyr/kernel/libkernel.a(timeout.c.obj)
                0x000000000000fe60                z_clock_announce
 .text.z_tick_get
                0x000000000000ff34       0x34 zephyr/kernel/libkernel.a(timeout.c.obj)
                0x000000000000ff34                z_tick_get
 .text.statics_init
                0x000000000000ff68       0x24 zephyr/kernel/libkernel.a(kheap.c.obj)
 .text.CC_PalMemCopyPlat
                0x000000000000ff8c        0x4 modules/nrfxlib/nrf_security/src/mbedtls/cc310/libmbedcrypto_cc3xx.a(cc_pal_mem.c.obj)
                0x000000000000ff8c                CC_PalMemCopyPlat
 .text.CC_PalMemSetZeroPlat
                0x000000000000ff90        0x8 modules/nrfxlib/nrf_security/src/mbedtls/cc310/libmbedcrypto_cc3xx.a(cc_pal_mem.c.obj)
                0x000000000000ff90                CC_PalMemSetZeroPlat
 .text.CC_PalInit
                0x000000000000ff98       0x5c modules/nrfxlib/nrf_security/src/mbedtls/cc310/libmbedcrypto_cc3xx.a(cc_pal.c.obj)
                0x000000000000ff98                CC_PalInit
 .text.CC_PalTerminate
                0x000000000000fff4       0x34 modules/nrfxlib/nrf_security/src/mbedtls/cc310/libmbedcrypto_cc3xx.a(cc_pal.c.obj)
                0x000000000000fff4                CC_PalTerminate
 .text.CC_PalDmaInit
                0x0000000000010028        0x4 modules/nrfxlib/nrf_security/src/mbedtls/cc310/libmbedcrypto_cc3xx.a(cc_pal_dma.c.obj)
                0x0000000000010028                CC_PalDmaInit
 .text.CC_PalDmaTerminate
                0x000000000001002c        0x4 modules/nrfxlib/nrf_security/src/mbedtls/cc310/libmbedcrypto_cc3xx.a(cc_pal_dma.c.obj)
                0x000000000001002c                CC_PalDmaTerminate
 .text.CC_PalMutexCreate
                0x0000000000010030       0x14 modules/nrfxlib/nrf_security/src/mbedtls/cc310/libmbedcrypto_cc3xx.a(cc_pal_mutex.c.obj)
                0x0000000000010030                CC_PalMutexCreate
 .text.CC_PalMutexDestroy
                0x0000000000010044       0x14 modules/nrfxlib/nrf_security/src/mbedtls/cc310/libmbedcrypto_cc3xx.a(cc_pal_mutex.c.obj)
                0x0000000000010044                CC_PalMutexDestroy
 .text.CC_PalMutexLock
                0x0000000000010058       0x10 modules/nrfxlib/nrf_security/src/mbedtls/cc310/libmbedcrypto_cc3xx.a(cc_pal_mutex.c.obj)
                0x0000000000010058                CC_PalMutexLock
 .text.CC_PalMutexUnlock
                0x0000000000010068       0x14 modules/nrfxlib/nrf_security/src/mbedtls/cc310/libmbedcrypto_cc3xx.a(cc_pal_mutex.c.obj)
                0x0000000000010068                CC_PalMutexUnlock
 .text.CC_PalPowerSaveModeInit
                0x000000000001007c       0x3c modules/nrfxlib/nrf_security/src/mbedtls/cc310/libmbedcrypto_cc3xx.a(cc_pal_pm.c.obj)
                0x000000000001007c                CC_PalPowerSaveModeInit
 .text.CC_PalPowerSaveModeSelect
                0x00000000000100b8       0x84 modules/nrfxlib/nrf_security/src/mbedtls/cc310/libmbedcrypto_cc3xx.a(cc_pal_pm.c.obj)
                0x00000000000100b8                CC_PalPowerSaveModeSelect
 .text.CC_HalInit
                0x000000000001013c        0x4 modules/nrfxlib/nrf_security/src/mbedtls/cc310/libmbedcrypto_cc3xx.a(cc_hal.c.obj)
                0x000000000001013c                CC_HalInit
 .text.CC_HalTerminate
                0x0000000000010140        0x4 modules/nrfxlib/nrf_security/src/mbedtls/cc310/libmbedcrypto_cc3xx.a(cc_hal.c.obj)
                0x0000000000010140                CC_HalTerminate
 .text.CC_HalClearInterruptBit
                0x0000000000010144       0x1c modules/nrfxlib/nrf_security/src/mbedtls/cc310/libmbedcrypto_cc3xx.a(cc_hal.c.obj)
                0x0000000000010144                CC_HalClearInterruptBit
 .text.CC_HalMaskInterrupt
                0x0000000000010160        0xc modules/nrfxlib/nrf_security/src/mbedtls/cc310/libmbedcrypto_cc3xx.a(cc_hal.c.obj)
                0x0000000000010160                CC_HalMaskInterrupt
 .text.CC_HalWaitInterruptRND
                0x000000000001016c        0xc modules/nrfxlib/nrf_security/src/mbedtls/cc310/libmbedcrypto_cc3xx.a(cc_hal.c.obj)
                0x000000000001016c                CC_HalWaitInterruptRND
 .text.CC_PalWaitInterruptRND
                0x0000000000010178       0x30 modules/nrfxlib/nrf_security/src/mbedtls/cc310/libmbedcrypto_cc3xx.a(cc_pal_interrupt_ctrl.c.obj)
                0x0000000000010178                CC_PalWaitInterruptRND
 .text.mbedtls_platform_setup
                0x00000000000101a8        0x4 /opt/nordic/ncs/v1.4.99-dev1/nrfxlib/crypto/nrf_cc310_platform/lib/cortex-m33/hard-float/no-interrupts/libnrf_cc310_platform_0.9.5.a(platform_alt.c.obj)
                0x00000000000101a8                mbedtls_platform_setup
 .text.mbedtls_platform_zeroize
                0x00000000000101ac       0x14 /opt/nordic/ncs/v1.4.99-dev1/nrfxlib/crypto/nrf_cc310_platform/lib/cortex-m33/hard-float/no-interrupts/libnrf_cc310_platform_0.9.5.a(mbedtls_common.c.obj)
                0x00000000000101ac                mbedtls_platform_zeroize
 .text.mbedtls_hardware_poll
                0x00000000000101c0       0xac /opt/nordic/ncs/v1.4.99-dev1/nrfxlib/crypto/nrf_cc310_platform/lib/cortex-m33/hard-float/no-interrupts/libnrf_cc310_platform_0.9.5.a(trng_api.c.obj)
                0x00000000000101c0                mbedtls_hardware_poll
 .text.RNG_PLAT_SetUserRngParameters
                0x000000000001026c       0x7c /opt/nordic/ncs/v1.4.99-dev1/nrfxlib/crypto/nrf_cc310_platform/lib/cortex-m33/hard-float/no-interrupts/libnrf_cc310_platform_0.9.5.a(cc_rng_plat.c.obj)
                0x000000000001026c                RNG_PLAT_SetUserRngParameters
 .text.nrf_cc3xx_platform_init
                0x00000000000102e8       0x44 /opt/nordic/ncs/v1.4.99-dev1/nrfxlib/crypto/nrf_cc310_platform/lib/cortex-m33/hard-float/no-interrupts/libnrf_cc310_platform_0.9.5.a(nrf_cc3xx_platform.c.obj)
                0x00000000000102e8                nrf_cc3xx_platform_init
 .text.nrf_cc3xx_platform_init_no_rng
                0x000000000001032c       0x38 /opt/nordic/ncs/v1.4.99-dev1/nrfxlib/crypto/nrf_cc310_platform/lib/cortex-m33/hard-float/no-interrupts/libnrf_cc310_platform_0.9.5.a(nrf_cc3xx_platform.c.obj)
                0x000000000001032c                nrf_cc3xx_platform_init_no_rng
 .text.nrf_cc3xx_platform_abort
                0x0000000000010364       0x24 /opt/nordic/ncs/v1.4.99-dev1/nrfxlib/crypto/nrf_cc310_platform/lib/cortex-m33/hard-float/no-interrupts/libnrf_cc310_platform_0.9.5.a(nrf_cc3xx_platform_abort.c.obj)
 .text.CC_PalAbort
                0x0000000000010388        0xc /opt/nordic/ncs/v1.4.99-dev1/nrfxlib/crypto/nrf_cc310_platform/lib/cortex-m33/hard-float/no-interrupts/libnrf_cc310_platform_0.9.5.a(nrf_cc3xx_platform_abort.c.obj)
                0x0000000000010388                CC_PalAbort
 .text.nrf_cc3xx_platform_set_abort
                0x0000000000010394       0x10 /opt/nordic/ncs/v1.4.99-dev1/nrfxlib/crypto/nrf_cc310_platform/lib/cortex-m33/hard-float/no-interrupts/libnrf_cc310_platform_0.9.5.a(nrf_cc3xx_platform_abort.c.obj)
                0x0000000000010394                nrf_cc3xx_platform_set_abort
 .text.mutex_unlock
                0x00000000000103a4       0x20 /opt/nordic/ncs/v1.4.99-dev1/nrfxlib/crypto/nrf_cc310_platform/lib/cortex-m33/hard-float/no-interrupts/libnrf_cc310_platform_0.9.5.a(nrf_cc3xx_platform_mutex.c.obj)
 .text.mutex_free
                0x00000000000103c4       0x24 /opt/nordic/ncs/v1.4.99-dev1/nrfxlib/crypto/nrf_cc310_platform/lib/cortex-m33/hard-float/no-interrupts/libnrf_cc310_platform_0.9.5.a(nrf_cc3xx_platform_mutex.c.obj)
 .text.mutex_init
                0x00000000000103e8       0x20 /opt/nordic/ncs/v1.4.99-dev1/nrfxlib/crypto/nrf_cc310_platform/lib/cortex-m33/hard-float/no-interrupts/libnrf_cc310_platform_0.9.5.a(nrf_cc3xx_platform_mutex.c.obj)
 .text.mutex_lock
                0x0000000000010408       0x30 /opt/nordic/ncs/v1.4.99-dev1/nrfxlib/crypto/nrf_cc310_platform/lib/cortex-m33/hard-float/no-interrupts/libnrf_cc310_platform_0.9.5.a(nrf_cc3xx_platform_mutex.c.obj)
 .text.nrf_cc3xx_platform_set_mutexes
                0x0000000000010438       0x38 /opt/nordic/ncs/v1.4.99-dev1/nrfxlib/crypto/nrf_cc310_platform/lib/cortex-m33/hard-float/no-interrupts/libnrf_cc310_platform_0.9.5.a(nrf_cc3xx_platform_mutex.c.obj)
                0x0000000000010438                nrf_cc3xx_platform_set_mutexes
 .text.CC_LibInitNoRng
                0x0000000000010470       0x6c /opt/nordic/ncs/v1.4.99-dev1/nrfxlib/crypto/nrf_cc310_platform/lib/cortex-m33/hard-float/no-interrupts/libnrf_cc310_platform_0.9.5.a(cc_lib.c.obj)
                0x0000000000010470                CC_LibInitNoRng
 .text.CC_LibInitRngModule
                0x00000000000104dc       0xbc /opt/nordic/ncs/v1.4.99-dev1/nrfxlib/crypto/nrf_cc310_platform/lib/cortex-m33/hard-float/no-interrupts/libnrf_cc310_platform_0.9.5.a(cc_lib.c.obj)
                0x00000000000104dc                CC_LibInitRngModule
 .text.CC_LibInit
                0x0000000000010598       0x80 /opt/nordic/ncs/v1.4.99-dev1/nrfxlib/crypto/nrf_cc310_platform/lib/cortex-m33/hard-float/no-interrupts/libnrf_cc310_platform_0.9.5.a(cc_lib.c.obj)
                0x0000000000010598                CC_LibInit
 .text.CC_PalTrngParamGet
                0x0000000000010618      0x110 /opt/nordic/ncs/v1.4.99-dev1/nrfxlib/crypto/nrf_cc310_platform/lib/cortex-m33/hard-float/no-interrupts/libnrf_cc310_platform_0.9.5.a(cc_pal_trng.c.obj)
                0x0000000000010618                CC_PalTrngParamGet
 .text.startTrngHW
                0x0000000000010728      0x154 /opt/nordic/ncs/v1.4.99-dev1/nrfxlib/crypto/nrf_cc310_platform/lib/cortex-m33/hard-float/no-interrupts/libnrf_cc310_platform_0.9.5.a(llf_rnd_trng90b.c.obj)
 .text.LLF_RND_RepetitionCounterTest.part.0
                0x000000000001087c       0x58 /opt/nordic/ncs/v1.4.99-dev1/nrfxlib/crypto/nrf_cc310_platform/lib/cortex-m33/hard-float/no-interrupts/libnrf_cc310_platform_0.9.5.a(llf_rnd_trng90b.c.obj)
 .text.LLF_RND_AdaptiveProportionTest
                0x00000000000108d4       0xcc /opt/nordic/ncs/v1.4.99-dev1/nrfxlib/crypto/nrf_cc310_platform/lib/cortex-m33/hard-float/no-interrupts/libnrf_cc310_platform_0.9.5.a(llf_rnd_trng90b.c.obj)
                0x00000000000108d4                LLF_RND_AdaptiveProportionTest
 .text.getTrngSource
                0x00000000000109a0      0x2d0 /opt/nordic/ncs/v1.4.99-dev1/nrfxlib/crypto/nrf_cc310_platform/lib/cortex-m33/hard-float/no-interrupts/libnrf_cc310_platform_0.9.5.a(llf_rnd_trng90b.c.obj)
 .text.LLF_RND_GetTrngSource
                0x0000000000010c70       0x98 /opt/nordic/ncs/v1.4.99-dev1/nrfxlib/crypto/nrf_cc310_platform/lib/cortex-m33/hard-float/no-interrupts/libnrf_cc310_platform_0.9.5.a(llf_rnd_trng90b.c.obj)
                0x0000000000010c70                LLF_RND_GetTrngSource
 .text.LLF_RND_RunTrngStartupTest
                0x0000000000010d08       0x1c /opt/nordic/ncs/v1.4.99-dev1/nrfxlib/crypto/nrf_cc310_platform/lib/cortex-m33/hard-float/no-interrupts/libnrf_cc310_platform_0.9.5.a(llf_rnd_trng90b.c.obj)
                0x0000000000010d08                LLF_RND_RunTrngStartupTest
 .text.LLF_RND_WaitRngInterrupt
                0x0000000000010d24       0x20 /opt/nordic/ncs/v1.4.99-dev1/nrfxlib/crypto/nrf_cc310_platform/lib/cortex-m33/hard-float/no-interrupts/libnrf_cc310_platform_0.9.5.a(llf_rnd.c.obj)
                0x0000000000010d24                LLF_RND_WaitRngInterrupt
 .text.LLF_RND_GetRoscSampleCnt
                0x0000000000010d44       0x3c /opt/nordic/ncs/v1.4.99-dev1/nrfxlib/crypto/nrf_cc310_platform/lib/cortex-m33/hard-float/no-interrupts/libnrf_cc310_platform_0.9.5.a(llf_rnd.c.obj)
                0x0000000000010d44                LLF_RND_GetRoscSampleCnt
 .text.LLF_RND_GetFastestRosc
                0x0000000000010d80       0x20 /opt/nordic/ncs/v1.4.99-dev1/nrfxlib/crypto/nrf_cc310_platform/lib/cortex-m33/hard-float/no-interrupts/libnrf_cc310_platform_0.9.5.a(llf_rnd.c.obj)
                0x0000000000010d80                LLF_RND_GetFastestRosc
 .text.LLF_RND_TurnOffTrng
                0x0000000000010da0       0x1c /opt/nordic/ncs/v1.4.99-dev1/nrfxlib/crypto/nrf_cc310_platform/lib/cortex-m33/hard-float/no-interrupts/libnrf_cc310_platform_0.9.5.a(llf_rnd.c.obj)
                0x0000000000010da0                LLF_RND_TurnOffTrng
 .text.main     0x0000000000010dbc        0xe app/libapp.a(main.c.obj)
                0x0000000000010dbc                main
 .text.sys_notify_validate
                0x0000000000010dca       0x22 zephyr/libzephyr.a(notify.c.obj)
                0x0000000000010dca                sys_notify_validate
 .text.sys_notify_finalize
                0x0000000000010dec       0x18 zephyr/libzephyr.a(notify.c.obj)
                0x0000000000010dec                sys_notify_finalize
 .text.arch_printk_char_out
                0x0000000000010e04        0x4 zephyr/libzephyr.a(printk.c.obj)
                0x0000000000010e04                arch_printk_char_out
 .text.printk   0x0000000000010e08       0x1a zephyr/libzephyr.a(printk.c.obj)
                0x0000000000010e08                printk
 .text.process_recheck
                0x0000000000010e22       0x38 zephyr/libzephyr.a(onoff.c.obj)
 .text.notify_one
                0x0000000000010e5a       0x2c zephyr/libzephyr.a(onoff.c.obj)
 .text.transition_complete
                0x0000000000010e86       0x1e zephyr/libzephyr.a(onoff.c.obj)
 .text.validate_args
                0x0000000000010ea4       0x1e zephyr/libzephyr.a(onoff.c.obj)
 .text.onoff_manager_init
                0x0000000000010ec2       0x26 zephyr/libzephyr.a(onoff.c.obj)
                0x0000000000010ec2                onoff_manager_init
 .text.onoff_request
                0x0000000000010ee8       0x92 zephyr/libzephyr.a(onoff.c.obj)
                0x0000000000010ee8                onoff_request
 .text.z_thread_entry
                0x0000000000010f7a       0x14 zephyr/libzephyr.a(thread_entry.c.obj)
                0x0000000000010f7a                z_thread_entry
 .text.chunk_field
                0x0000000000010f8e       0x16 zephyr/libzephyr.a(heap.c.obj)
 .text.chunk_set
                0x0000000000010fa4       0x16 zephyr/libzephyr.a(heap.c.obj)
 .text.chunk_size
                0x0000000000010fba        0xc zephyr/libzephyr.a(heap.c.obj)
 .text.set_chunk_used
                0x0000000000010fc6       0x30 zephyr/libzephyr.a(heap.c.obj)
 .text.set_chunk_size
                0x0000000000010ff6        0x8 zephyr/libzephyr.a(heap.c.obj)
 .text.bucket_idx
                0x0000000000010ffe       0x1a zephyr/libzephyr.a(heap.c.obj)
 .text.free_list_add
                0x0000000000011018       0x8a zephyr/libzephyr.a(heap.c.obj)
 .text.sys_heap_init
                0x00000000000110a2       0xa4 zephyr/libzephyr.a(heap.c.obj)
                0x00000000000110a2                sys_heap_init
 .text._rlrshift
                0x0000000000011146       0x22 zephyr/libzephyr.a(cbprintf_complete.c.obj)
 .text._ldiv5   0x0000000000011168       0x42 zephyr/libzephyr.a(cbprintf_complete.c.obj)
 .text._get_digit
                0x00000000000111aa       0x2e zephyr/libzephyr.a(cbprintf_complete.c.obj)
 .text.encode_uint
                0x00000000000111d8       0x96 zephyr/libzephyr.a(cbprintf_complete.c.obj)
 .text.outs     0x000000000001126e       0x32 zephyr/libzephyr.a(cbprintf_complete.c.obj)
 .text._ConfigAbsSyms
                0x00000000000112a0        0x2 zephyr/libzephyr.a(configs.c.obj)
                0x00000000000112a0                _ConfigAbsSyms
 .text.z_platform_init
                0x00000000000112a2        0x4 zephyr/libzephyr.a(soc.c.obj)
                0x00000000000112a2                z_platform_init
 .text.get_status
                0x00000000000112a6       0x12 zephyr/libzephyr.a(clock_control_nrf.c.obj)
 .text.set_off_state
                0x00000000000112b8       0x32 zephyr/libzephyr.a(clock_control_nrf.c.obj)
 .text.set_starting_state
                0x00000000000112ea       0x3c zephyr/libzephyr.a(clock_control_nrf.c.obj)
 .text.set_on_state
                0x0000000000011326       0x26 zephyr/libzephyr.a(clock_control_nrf.c.obj)
 .text.onoff_started_callback
                0x000000000001134c       0x14 zephyr/libzephyr.a(clock_control_nrf.c.obj)
 .text.blocking_start_callback
                0x0000000000011360        0x6 zephyr/libzephyr.a(clock_control_nrf.c.obj)
 .text.lfclk_stop
                0x0000000000011366        0x6 zephyr/libzephyr.a(clock_control_nrf.c.obj)
 .text.lfclk_start
                0x000000000001136c        0x6 zephyr/libzephyr.a(clock_control_nrf.c.obj)
 .text.api_stop
                0x0000000000011372       0x28 zephyr/libzephyr.a(clock_control_nrf.c.obj)
 .text.api_start
                0x000000000001139a       0x36 zephyr/libzephyr.a(clock_control_nrf.c.obj)
 .text.z_clock_isr
                0x00000000000113d0        0x2 zephyr/libzephyr.a(sys_clock_init.c.obj)
                0x00000000000113d0                z_clock_isr
 .text.z_clock_idle_exit
                0x00000000000113d2        0x2 zephyr/libzephyr.a(sys_clock_init.c.obj)
                0x00000000000113d2                z_clock_idle_exit
 .text.sys_clock_disable
                0x00000000000113d4        0x2 zephyr/libzephyr.a(sys_clock_init.c.obj)
                0x00000000000113d4                sys_clock_disable
 .text.spm_secure_services_init
                0x00000000000113d6       0x14 zephyr/libzephyr.a(secure_services.c.obj)
                0x00000000000113d6                spm_secure_services_init
 .text.spm_request_random_number_nse
                0x00000000000113ea       0x82 zephyr/libzephyr.a(secure_services.c.obj)
                0x00000000000113ea                __acle_se_spm_request_random_number_nse
 .text.abort_function
                0x000000000001146c        0x6 zephyr/libzephyr.a(nrf_cc3xx_platform_abort_zephyr.c.obj)
 .text.z_irq_spurious
                0x0000000000011472        0x8 zephyr/arch/arch/arm/core/aarch32/libarch__arm__core__aarch32.a(irq_manage.c.obj)
                0x0000000000011472                z_irq_spurious
 .text.irq_target_state_set
                0x000000000001147a       0x5c zephyr/arch/arch/arm/core/aarch32/libarch__arm__core__aarch32.a(irq_manage.c.obj)
                0x000000000001147a                irq_target_state_set
 .text.configure_builtin_stack_guard
                0x00000000000114d6        0x8 zephyr/arch/arch/arm/core/aarch32/libarch__arm__core__aarch32.a(thread.c.obj)
                0x00000000000114d6                configure_builtin_stack_guard
 .text.z_arm_fatal_error
                0x00000000000114de        0x4 zephyr/arch/arch/arm/core/aarch32/libarch__arm__core__aarch32.a(fatal.c.obj)
                0x00000000000114de                z_arm_fatal_error
 .text.z_do_kernel_oops
                0x00000000000114e2        0x8 zephyr/arch/arch/arm/core/aarch32/libarch__arm__core__aarch32.a(fatal.c.obj)
                0x00000000000114e2                z_do_kernel_oops
 .text.z_arm_nmi
                0x00000000000114ea        0xe zephyr/arch/arch/arm/core/aarch32/libarch__arm__core__aarch32.a(nmi.c.obj)
                0x00000000000114ea                z_arm_nmi
 .text.mpu_configure_region
                0x00000000000114f8       0x3a zephyr/arch/arch/arm/core/aarch32/cortex_m/mpu/libarch__arm__core__aarch32__cortex_m__mpu.a(arm_mpu.c.obj)
 .text.arm_cmse_mpu_region_get
                0x0000000000011532       0x14 zephyr/arch/arch/arm/core/aarch32/cortex_m/cmse/libarch__arm__core__aarch32__cortex_m__cmse.a(arm_core_cmse.c.obj)
                0x0000000000011532                arm_cmse_mpu_region_get
 .text.strlen   0x0000000000011546        0xe zephyr/lib/libc/minimal/liblib__libc__minimal.a(string.c.obj)
                0x0000000000011546                strlen
 .text.strcmp   0x0000000000011554       0x18 zephyr/lib/libc/minimal/liblib__libc__minimal.a(string.c.obj)
                0x0000000000011554                strcmp
 .text.memcmp   0x000000000001156c       0x20 zephyr/lib/libc/minimal/liblib__libc__minimal.a(string.c.obj)
                0x000000000001156c                memcmp
 .text.memmove  0x000000000001158c       0x2e zephyr/lib/libc/minimal/liblib__libc__minimal.a(string.c.obj)
                0x000000000001158c                memmove
 .text.memcpy   0x00000000000115ba       0x56 zephyr/lib/libc/minimal/liblib__libc__minimal.a(string.c.obj)
                0x00000000000115ba                memcpy
 .text.memset   0x0000000000011610       0x46 zephyr/lib/libc/minimal/liblib__libc__minimal.a(string.c.obj)
                0x0000000000011610                memset
 .text.k_sys_fatal_error_handler
                0x0000000000011656        0x8 modules/nrf/lib/fatal_error/lib..__nrf__lib__fatal_error.a(fatal_error.c.obj)
                0x0000000000011656                k_sys_fatal_error_handler
 .text.hw_cc3xx_init
                0x000000000001165e       0x12 modules/nrf/drivers/hw_cc310/lib..__nrf__drivers__hw_cc310.a(hw_cc310.c.obj)
 .text.nrfx_isr
                0x0000000000011670        0x2 modules/nordic/lib..__modules__hal__nordic.a(nrfx_glue.c.obj)
                0x0000000000011670                nrfx_isr
 .text.nrfx_busy_wait
                0x0000000000011672        0x4 modules/nordic/lib..__modules__hal__nordic.a(nrfx_glue.c.obj)
                0x0000000000011672                nrfx_busy_wait
 .text.nrfx_clock_enable
                0x0000000000011676       0x16 modules/nordic/lib..__modules__hal__nordic.a(nrfx_clock.c.obj)
                0x0000000000011676                nrfx_clock_enable
 .text.z_fatal_error
                0x000000000001168c       0x38 zephyr/kernel/libkernel.a(fatal.c.obj)
                0x000000000001168c                z_fatal_error
 .text.z_sys_power_save_idle_exit
                0x00000000000116c4        0x4 zephyr/kernel/libkernel.a(idle.c.obj)
                0x00000000000116c4                z_sys_power_save_idle_exit
 .text.k_mem_slab_init
                0x00000000000116c8       0x36 zephyr/kernel/libkernel.a(mem_slab.c.obj)
                0x00000000000116c8                k_mem_slab_init
 .text.z_impl_k_mutex_init
                0x00000000000116fe        0xe zephyr/kernel/libkernel.a(mutex.c.obj)
                0x00000000000116fe                z_impl_k_mutex_init
 .text.z_reschedule_irqlock
                0x000000000001170c       0x18 zephyr/kernel/libkernel.a(sched.c.obj)
                0x000000000001170c                z_reschedule_irqlock
 .text.z_reschedule_unlocked
                0x0000000000011724       0x14 zephyr/kernel/libkernel.a(sched.c.obj)
 .text.unpend_thread_no_timeout
                0x0000000000011738       0x18 zephyr/kernel/libkernel.a(sched.c.obj)
 .text.z_priq_dumb_best
                0x0000000000011750       0x14 zephyr/kernel/libkernel.a(sched.c.obj)
                0x0000000000011750                z_priq_dumb_best
 .text.z_ready_thread
                0x0000000000011764       0x20 zephyr/kernel/libkernel.a(sched.c.obj)
                0x0000000000011764                z_ready_thread
 .text.z_thread_timeout
                0x0000000000011784       0x40 zephyr/kernel/libkernel.a(sched.c.obj)
                0x0000000000011784                z_thread_timeout
 .text.add_to_waitq_locked
                0x00000000000117c4       0x56 zephyr/kernel/libkernel.a(sched.c.obj)
 .text.z_unpend_first_thread
                0x000000000001181a       0x4a zephyr/kernel/libkernel.a(sched.c.obj)
                0x000000000001181a                z_unpend_first_thread
 .text.k_is_in_isr
                0x0000000000011864        0xc zephyr/kernel/libkernel.a(thread.c.obj)
                0x0000000000011864                k_is_in_isr
 .text.z_impl_k_busy_wait
                0x0000000000011870        0x8 zephyr/kernel/libkernel.a(thread.c.obj)
                0x0000000000011870                z_impl_k_busy_wait
 .text.z_abort_timeout
                0x0000000000011878       0x2c zephyr/kernel/libkernel.a(timeout.c.obj)
                0x0000000000011878                z_abort_timeout
 .text.z_get_next_timeout_expiry
                0x00000000000118a4       0x20 zephyr/kernel/libkernel.a(timeout.c.obj)
                0x00000000000118a4                z_get_next_timeout_expiry
 .text.z_set_timeout_expiry
                0x00000000000118c4       0x36 zephyr/kernel/libkernel.a(timeout.c.obj)
                0x00000000000118c4                z_set_timeout_expiry
 .text.z_tick_get_32
                0x00000000000118fa        0x8 zephyr/kernel/libkernel.a(timeout.c.obj)
                0x00000000000118fa                z_tick_get_32
 .text.k_heap_init
                0x0000000000011902       0x12 zephyr/kernel/libkernel.a(kheap.c.obj)
                0x0000000000011902                k_heap_init
 .text._OffsetAbsSyms
                0x0000000000011914        0x2 zephyr/CMakeFiles/offsets.dir/arch/arm/core/offsets/offsets.c.obj
                0x0000000000011914                _OffsetAbsSyms
 *(SORT_BY_ALIGNMENT(.TEXT.*))
 *(SORT_BY_ALIGNMENT(.gnu.linkonce.t.*))
 *(SORT_BY_ALIGNMENT(.glue_7t))
 .glue_7t       0x0000000000011916        0x0 linker stubs
 *(SORT_BY_ALIGNMENT(.glue_7))
 .glue_7        0x0000000000011916        0x0 linker stubs
 *(SORT_BY_ALIGNMENT(.vfp11_veneer))
 .vfp11_veneer  0x0000000000011916        0x0 linker stubs
 *(SORT_BY_ALIGNMENT(.v4_bx))
 .v4_bx         0x0000000000011916        0x0 linker stubs
                0x0000000000011916                _image_text_end = .

.ARM.exidx      0x0000000000011918        0x8
                0x0000000000011918                __exidx_start = .
 *(SORT_BY_ALIGNMENT(.ARM.exidx*) SORT_BY_ALIGNMENT(gnu.linkonce.armexidx.*))
 .ARM.exidx     0x0000000000011918        0x8 /opt/nordic/ncs/v1.4.99-dev1/toolchain/bin/../lib/gcc/arm-none-eabi/9.2.1/thumb/v8-m.main+fp/hard/libgcc.a(_udivmoddi4.o)
                0x0000000000011920                __exidx_end = .
                0x0000000000011920                _image_rodata_start = .

initlevel       0x0000000000011920       0x48
                0x0000000000011920                __init_start = .
                0x0000000000011920                __init_PRE_KERNEL_1_start = .
 *(SORT_BY_NAME(SORT_BY_ALIGNMENT(.init_PRE_KERNEL_1[0-9]*)))
 .init_PRE_KERNEL_10
                0x0000000000011920        0x8 zephyr/libzephyr.a(soc.c.obj)
 .init_PRE_KERNEL_130
                0x0000000000011928        0x8 zephyr/kernel/libkernel.a(mem_slab.c.obj)
 .init_PRE_KERNEL_130
                0x0000000000011930        0x8 zephyr/kernel/libkernel.a(kheap.c.obj)
 .init_PRE_KERNEL_140
                0x0000000000011938        0x8 zephyr/arch/arch/arm/core/aarch32/cortex_m/mpu/libarch__arm__core__aarch32__cortex_m__mpu.a(arm_mpu.c.obj)
 .init_PRE_KERNEL_150
                0x0000000000011940        0x8 zephyr/libzephyr.a(clock_control_nrf.c.obj)
 *(SORT_BY_NAME(SORT_BY_ALIGNMENT(.init_PRE_KERNEL_1[1-9][0-9]*)))
                0x0000000000011948                __init_PRE_KERNEL_2_start = .
 *(SORT_BY_NAME(SORT_BY_ALIGNMENT(.init_PRE_KERNEL_2[0-9]*)))
 .init_PRE_KERNEL_20
                0x0000000000011948        0x8 zephyr/libzephyr.a(sys_clock_init.c.obj)
 *(SORT_BY_NAME(SORT_BY_ALIGNMENT(.init_PRE_KERNEL_2[1-9][0-9]*)))
                0x0000000000011950                __init_POST_KERNEL_start = .
 *(SORT_BY_NAME(SORT_BY_ALIGNMENT(.init_POST_KERNEL[0-9]*)))
 .init_POST_KERNEL40
                0x0000000000011950        0x8 zephyr/boards/boards/arm/actinius_icarus/libboards__arm__actinius_icarus.a(board.c.obj)
 .init_POST_KERNEL40
                0x0000000000011958        0x8 modules/nrf/drivers/hw_cc310/lib..__nrf__drivers__hw_cc310.a(hw_cc310.c.obj)
 .init_POST_KERNEL90
                0x0000000000011960        0x8 modules/nrf/subsys/fw_info/lib..__nrf__subsys__fw_info.a(fw_info.c.obj)
 *(SORT_BY_NAME(SORT_BY_ALIGNMENT(.init_POST_KERNEL[1-9][0-9]*)))
                0x0000000000011968                __init_APPLICATION_start = .
 *(SORT_BY_NAME(SORT_BY_ALIGNMENT(.init_APPLICATION[0-9]*)))
 *(SORT_BY_NAME(SORT_BY_ALIGNMENT(.init_APPLICATION[1-9][0-9]*)))
                0x0000000000011968                __init_SMP_start = .
 *(SORT_BY_NAME(SORT_BY_ALIGNMENT(.init_SMP[0-9]*)))
 *(SORT_BY_NAME(SORT_BY_ALIGNMENT(.init_SMP[1-9][0-9]*)))
                0x0000000000011968                __init_end = .

sw_isr_table    0x0000000000011968      0x208
                0x0000000000011968                . = ALIGN (0x0)
 *(SORT_BY_ALIGNMENT(.gnu.linkonce.sw_isr_table*))
 .gnu.linkonce.sw_isr_table*
                0x0000000000011968      0x208 zephyr/CMakeFiles/zephyr_final.dir/isr_tables.c.obj
                0x0000000000011968                _sw_isr_table

initlevel_error
                0x0000000000011920        0x0
 *(SORT_BY_NAME(SORT_BY_ALIGNMENT(.init_[_A-Z0-9]*)))
                0x0000000000000001                ASSERT ((SIZEOF (initlevel_error) == 0x0), Undefined initialization levels used.)

app_shmem_regions
                0x0000000000011b70        0x0
                0x0000000000011b70                __app_shmem_regions_start = .
 *(SORT_BY_NAME(SORT_BY_ALIGNMENT(.app_regions.*)))
                0x0000000000011b70                __app_shmem_regions_end = .

bt_l2cap_fixed_chan_area
                0x0000000000011b70        0x0
                0x0000000000011b70                _bt_l2cap_fixed_chan_list_start = .
 *(SORT_BY_NAME(SORT_BY_ALIGNMENT(._bt_l2cap_fixed_chan.static.*)))
                0x0000000000011b70                _bt_l2cap_fixed_chan_list_end = .

bt_gatt_service_static_area
                0x0000000000011b70        0x0
                0x0000000000011b70                _bt_gatt_service_static_list_start = .
 *(SORT_BY_NAME(SORT_BY_ALIGNMENT(._bt_gatt_service_static.static.*)))
                0x0000000000011b70                _bt_gatt_service_static_list_end = .

log_const_sections
                0x0000000000011b70        0x0
                0x0000000000011b70                __log_const_start = .
 *(SORT_BY_NAME(SORT_BY_ALIGNMENT(.log_const_*)))
                0x0000000000011b70                __log_const_end = .

log_backends_sections
                0x0000000000011b70        0x0
                0x0000000000011b70                __log_backends_start = .
 *(SORT_BY_ALIGNMENT(._log_backend.*))
                0x0000000000011b70                __log_backends_end = .

shell_area      0x0000000000011b70        0x0
                0x0000000000011b70                _shell_list_start = .
 *(SORT_BY_NAME(SORT_BY_ALIGNMENT(._shell.static.*)))
                0x0000000000011b70                _shell_list_end = .

shell_root_cmds_sections
                0x0000000000011b70        0x0
                0x0000000000011b70                __shell_root_cmds_start = .
 *(SORT_BY_NAME(SORT_BY_ALIGNMENT(.shell_root_cmd_*)))
                0x0000000000011b70                __shell_root_cmds_end = .

font_entry_sections
                0x0000000000011b70        0x0
                0x0000000000011b70                __font_entry_start = .
 *(SORT_BY_NAME(SORT_BY_ALIGNMENT(._cfb_font.*)))
                0x0000000000011b70                __font_entry_end = .

tracing_backend_area
                0x0000000000011b70        0x0
                0x0000000000011b70                _tracing_backend_list_start = .
 *(SORT_BY_NAME(SORT_BY_ALIGNMENT(._tracing_backend.static.*)))
                0x0000000000011b70                _tracing_backend_list_end = .

tdata           0x0000000000011b70        0x0
 *(SORT_BY_ALIGNMENT(.tdata) SORT_BY_ALIGNMENT(.tdata.*) SORT_BY_ALIGNMENT(.gnu.linkonce.td.*))

tbss            0x0000000000011b70        0x0
 *(SORT_BY_ALIGNMENT(.tbss) SORT_BY_ALIGNMENT(.tbss.*) SORT_BY_ALIGNMENT(.gnu.linkonce.tb.*) SORT_BY_ALIGNMENT(.tcommon))
                [!provide]                        PROVIDE (__tdata_start = LOADADDR (tdata))
                [!provide]                        PROVIDE (__tdata_size = SIZEOF (tdata))
                [!provide]                        PROVIDE (__tdata_end = (__tdata_start + __tdata_size))
                [!provide]                        PROVIDE (__tbss_start = LOADADDR (tbss))
                [!provide]                        PROVIDE (__tbss_size = SIZEOF (tbss))
                [!provide]                        PROVIDE (__tbss_end = (__tbss_start + __tbss_size))
                [!provide]                        PROVIDE (__tls_start = __tdata_start)
                [!provide]                        PROVIDE (__tls_end = __tbss_end)
                [!provide]                        PROVIDE (__tls_size = (__tbss_end - __tdata_start))

rodata          0x0000000000011b70      0x668
 *(SORT_BY_ALIGNMENT(.rodata))
 .rodata        0x0000000000011b70        0xc zephyr/libzephyr.a(secure_services.c.obj)
 .rodata        0x0000000000011b7c       0x18 modules/nrf/subsys/fw_info/lib..__nrf__subsys__fw_info.a(fw_info.c.obj)
 *(SORT_BY_ALIGNMENT(.rodata.*))
 *fill*         0x0000000000011b94        0xc 
 .rodata.delay_machine_code.10024
                0x0000000000011ba0        0x6 zephyr/libzephyr.a(soc.c.obj)
 *fill*         0x0000000000011ba6        0x2 
 .rodata.clock_control_api
                0x0000000000011ba8       0x14 zephyr/libzephyr.a(clock_control_nrf.c.obj)
 .rodata.config
                0x0000000000011bbc       0x10 zephyr/libzephyr.a(clock_control_nrf.c.obj)
 .rodata.transitions.11581
                0x0000000000011bcc        0xc zephyr/libzephyr.a(clock_control_nrf.c.obj)
 .rodata.periph.12743
                0x0000000000011bd8       0xd0 zephyr/libzephyr.a(spm.c.obj)
 .rodata.fw_info_allowed_offsets
                0x0000000000011ca8       0x14 zephyr/libzephyr.a(secure_services.c.obj)
 .rodata.apis   0x0000000000011cbc        0x8 zephyr/libzephyr.a(nrf_cc3xx_platform_abort_zephyr.c.obj)
 .rodata.mutex_apis
                0x0000000000011cc4       0x10 zephyr/libzephyr.a(nrf_cc3xx_platform_mutex_zephyr.c.obj)
 .rodata.mutexes
                0x0000000000011cd4       0x14 zephyr/libzephyr.a(nrf_cc3xx_platform_mutex_zephyr.c.obj)
 .rodata.mpu_config
                0x0000000000011ce8        0x8 zephyr/soc/arm/common/cortex_m/libsoc__arm__common__cortex_m.a(arm_mpu_regions.c.obj)
                0x0000000000011ce8                mpu_config
 .rodata.mpu_regions
                0x0000000000011cf0       0x20 zephyr/soc/arm/common/cortex_m/libsoc__arm__common__cortex_m.a(arm_mpu_regions.c.obj)
 .rodata.levels.10144
                0x0000000000011d10       0x14 zephyr/kernel/libkernel.a(device.c.obj)
 .rodata._k_neg_eagain
                0x0000000000011d24        0x4 zephyr/kernel/libkernel.a(errno.c.obj)
                0x0000000000011d24                _k_neg_eagain
 .rodata.CC_PalPowerSaveModeInit.str1.4
                0x0000000000011d28       0x20 modules/nrfxlib/nrf_security/src/mbedtls/cc310/libmbedcrypto_cc3xx.a(cc_pal_pm.c.obj)
 .rodata.CSWTCH.6
                0x0000000000011d48       0x1c /opt/nordic/ncs/v1.4.99-dev1/nrfxlib/crypto/nrf_cc310_platform/lib/cortex-m33/hard-float/no-interrupts/libnrf_cc310_platform_0.9.5.a(nrf_cc3xx_platform.c.obj)
 .rodata.mutex_free.str1.4
                0x0000000000011d64       0x26 /opt/nordic/ncs/v1.4.99-dev1/nrfxlib/crypto/nrf_cc310_platform/lib/cortex-m33/hard-float/no-interrupts/libnrf_cc310_platform_0.9.5.a(nrf_cc3xx_platform_mutex.c.obj)
 *fill*         0x0000000000011d8a        0x2 
 .rodata.mutex_init.str1.4
                0x0000000000011d8c       0x23 /opt/nordic/ncs/v1.4.99-dev1/nrfxlib/crypto/nrf_cc310_platform/lib/cortex-m33/hard-float/no-interrupts/libnrf_cc310_platform_0.9.5.a(nrf_cc3xx_platform_mutex.c.obj)
 *fill*         0x0000000000011daf        0x1 
 .rodata.CC_LibInitRngModule.str1.4
                0x0000000000011db0       0x6d /opt/nordic/ncs/v1.4.99-dev1/nrfxlib/crypto/nrf_cc310_platform/lib/cortex-m33/hard-float/no-interrupts/libnrf_cc310_platform_0.9.5.a(cc_lib.c.obj)
 .rodata.LLF_RND_GetTrngSource.str1.4
                0x0000000000011e1d       0x6f /opt/nordic/ncs/v1.4.99-dev1/nrfxlib/crypto/nrf_cc310_platform/lib/cortex-m33/hard-float/no-interrupts/libnrf_cc310_platform_0.9.5.a(llf_rnd_trng90b.c.obj)
 .rodata.cbvprintf.str1.1
                0x0000000000011e1d        0x6 zephyr/libzephyr.a(cbprintf_complete.c.obj)
 .rodata.sys_reboot.str1.1
                0x0000000000011e23       0x29 zephyr/libzephyr.a(reboot.c.obj)
 .rodata.str1.1
                0x0000000000011e4c       0x29 zephyr/libzephyr.a(clock_control_nrf.c.obj)
                                          0x6 (size before relaxing)
 .rodata.str1.1
                0x0000000000011e4c        0xa zephyr/libzephyr.a(sys_clock_init.c.obj)
 .rodata.config_regions.str1.1
                0x0000000000011e56       0x32 zephyr/libzephyr.a(spm.c.obj)
                                         0x37 (size before relaxing)
 .rodata.spm_jump.str1.1
                0x0000000000011e88       0x75 zephyr/libzephyr.a(spm.c.obj)
 .rodata.spm_config.str1.1
                0x0000000000011efd      0x104 zephyr/libzephyr.a(spm.c.obj)
                                        0x10c (size before relaxing)
 .rodata.str1.1
                0x0000000000012001       0xfc zephyr/libzephyr.a(spm.c.obj)
 .rodata.mutex_free_platform.str1.1
                0x00000000000120fd       0x26 zephyr/libzephyr.a(nrf_cc3xx_platform_mutex_zephyr.c.obj)
 .rodata.mutex_init_platform.str1.1
                0x0000000000012123       0x2d zephyr/libzephyr.a(nrf_cc3xx_platform_mutex_zephyr.c.obj)
 .rodata.str1.1
                0x0000000000012150        0xf zephyr/soc/arm/common/cortex_m/libsoc__arm__common__cortex_m.a(arm_mpu_regions.c.obj)
 .rodata.board_actinius_icarus_init.str1.1
                0x000000000001215f        0x7 zephyr/boards/boards/arm/actinius_icarus/libboards__arm__actinius_icarus.a(board.c.obj)
 .rodata.check_ext_api_requests.str1.1
                0x0000000000012166       0x5c modules/nrf/subsys/fw_info/lib..__nrf__subsys__fw_info.a(fw_info.c.obj)
 .rodata.str1.1
                0x00000000000121c2        0xb modules/nrf/drivers/hw_cc310/lib..__nrf__drivers__hw_cc310.a(hw_cc310.c.obj)
 .rodata.z_cstart.str1.1
                0x00000000000121cd        0x5 zephyr/kernel/libkernel.a(init.c.obj)
 *(SORT_BY_ALIGNMENT(.gnu.linkonce.r.*))
                0x00000000000121d4                . = ALIGN (0x4)
 *fill*         0x00000000000121d2        0x2 
                0x00000000000121d4                _fw_info_images_start = .
 *(SORT_BY_ALIGNMENT(.fw_info_images))
 .fw_info_images
                0x00000000000121d4        0x4 modules/nrf/subsys/fw_info/lib..__nrf__subsys__fw_info.a(fw_info.c.obj)
                0x00000000000121d4                self_image
                0x0000000000000001                _fw_info_images_size = ABSOLUTE (((. - _fw_info_images_start) / 0x4))
                0x00000000000121d8                _ext_apis_start = .
 *(SORT_BY_ALIGNMENT(.ext_apis))
                0x0000000000000000                _ext_apis_size = ABSOLUTE ((. - _ext_apis_start))
                0x00000000000121d8                _ext_apis_req_start = .
 *(SORT_BY_ALIGNMENT(.ext_apis_req))
                0x0000000000000000                _ext_apis_req_size = ABSOLUTE ((. - _ext_apis_req_start))
                0x00000000000121d8                . = ALIGN (0x4)
                0x00000000000121d8                _image_rodata_end = .
                0x00000000000121e0                . = ALIGN (_region_min_align)
                0x00000000000121e0                _image_rom_end = .
                0x0000000020000000                . = 0x20000000
                0x0000000020000000                . = ALIGN (_region_min_align)
                0x0000000020000000                _image_ram_start = .

.ramfunc        0x0000000020000000        0x0 load address 0x00000000000121d8
                0x0000000020000000                . = ALIGN (_region_min_align)
                0x0000000020000000                _ramfunc_ram_start = .
 *(SORT_BY_ALIGNMENT(.ramfunc))
 *(SORT_BY_ALIGNMENT(.ramfunc.*))
                0x0000000020000000                . = ALIGN (_region_min_align)
                0x0000000020000000                _ramfunc_ram_end = .
                0x0000000000000000                _ramfunc_ram_size = (_ramfunc_ram_end - _ramfunc_ram_start)
                0x00000000000121d8                _ramfunc_rom_start = LOADADDR (.ramfunc)

datas           0x0000000020000000       0x90 load address 0x00000000000121d8
                0x0000000020000000                __data_ram_start = .
 *(SORT_BY_ALIGNMENT(.data))
 *(SORT_BY_ALIGNMENT(.data.*))
 .data._char_out
                0x0000000020000000        0x4 zephyr/libzephyr.a(printk.c.obj)
                0x0000000020000000                _char_out
 .data.asym_mutex
                0x0000000020000004        0x8 zephyr/libzephyr.a(nrf_cc3xx_platform_mutex_zephyr.c.obj)
 .data.power_mutex
                0x000000002000000c        0x8 zephyr/libzephyr.a(nrf_cc3xx_platform_mutex_zephyr.c.obj)
 .data.rng_mutex
                0x0000000020000014        0x8 zephyr/libzephyr.a(nrf_cc3xx_platform_mutex_zephyr.c.obj)
 .data.sym_mutex
                0x000000002000001c        0x8 zephyr/libzephyr.a(nrf_cc3xx_platform_mutex_zephyr.c.obj)
 .data.SystemCoreClock
                0x0000000020000024        0x4 modules/nordic/lib..__modules__hal__nordic.a(system_nrf9160.c.obj)
                0x0000000020000024                SystemCoreClock
 .data.timeout_list
                0x0000000020000028        0x8 zephyr/kernel/libkernel.a(timeout.c.obj)
 .data.CCAsymCryptoMutex
                0x0000000020000030        0x4 modules/nrfxlib/nrf_security/src/mbedtls/cc310/libmbedcrypto_cc3xx.a(cc_pal.c.obj)
                0x0000000020000030                CCAsymCryptoMutex
 .data.CCPowerMutex
                0x0000000020000034        0x4 modules/nrfxlib/nrf_security/src/mbedtls/cc310/libmbedcrypto_cc3xx.a(cc_pal.c.obj)
                0x0000000020000034                CCPowerMutex
 .data.CCRndCryptoMutex
                0x0000000020000038        0x4 modules/nrfxlib/nrf_security/src/mbedtls/cc310/libmbedcrypto_cc3xx.a(cc_pal.c.obj)
                0x0000000020000038                CCRndCryptoMutex
 .data.CCSymCryptoMutex
                0x000000002000003c        0x4 modules/nrfxlib/nrf_security/src/mbedtls/cc310/libmbedcrypto_cc3xx.a(cc_pal.c.obj)
                0x000000002000003c                CCSymCryptoMutex
 .data.pCCRndCryptoMutex
                0x0000000020000040        0x4 modules/nrfxlib/nrf_security/src/mbedtls/cc310/libmbedcrypto_cc3xx.a(cc_pal.c.obj)
                0x0000000020000040                pCCRndCryptoMutex
 .data.platform_abort_apis
                0x0000000020000044        0x8 /opt/nordic/ncs/v1.4.99-dev1/nrfxlib/crypto/nrf_cc310_platform/lib/cortex-m33/hard-float/no-interrupts/libnrf_cc310_platform_0.9.5.a(nrf_cc3xx_platform_abort.c.obj)
                0x0000000020000044                platform_abort_apis
 .data.asym_mutex
                0x000000002000004c        0x8 /opt/nordic/ncs/v1.4.99-dev1/nrfxlib/crypto/nrf_cc310_platform/lib/cortex-m33/hard-float/no-interrupts/libnrf_cc310_platform_0.9.5.a(nrf_cc3xx_platform_mutex.c.obj)
 .data.platform_mutex_apis
                0x0000000020000054       0x10 /opt/nordic/ncs/v1.4.99-dev1/nrfxlib/crypto/nrf_cc310_platform/lib/cortex-m33/hard-float/no-interrupts/libnrf_cc310_platform_0.9.5.a(nrf_cc3xx_platform_mutex.c.obj)
                0x0000000020000054                platform_mutex_apis
 .data.platform_mutexes
                0x0000000020000064       0x14 /opt/nordic/ncs/v1.4.99-dev1/nrfxlib/crypto/nrf_cc310_platform/lib/cortex-m33/hard-float/no-interrupts/libnrf_cc310_platform_0.9.5.a(nrf_cc3xx_platform_mutex.c.obj)
                0x0000000020000064                platform_mutexes
 .data.power_mutex
                0x0000000020000078        0x8 /opt/nordic/ncs/v1.4.99-dev1/nrfxlib/crypto/nrf_cc310_platform/lib/cortex-m33/hard-float/no-interrupts/libnrf_cc310_platform_0.9.5.a(nrf_cc3xx_platform_mutex.c.obj)
 .data.rng_mutex
                0x0000000020000080        0x8 /opt/nordic/ncs/v1.4.99-dev1/nrfxlib/crypto/nrf_cc310_platform/lib/cortex-m33/hard-float/no-interrupts/libnrf_cc310_platform_0.9.5.a(nrf_cc3xx_platform_mutex.c.obj)
 .data.sym_mutex
                0x0000000020000088        0x8 /opt/nordic/ncs/v1.4.99-dev1/nrfxlib/crypto/nrf_cc310_platform/lib/cortex-m33/hard-float/no-interrupts/libnrf_cc310_platform_0.9.5.a(nrf_cc3xx_platform_mutex.c.obj)
 *(SORT_BY_ALIGNMENT(.kernel.*))
                0x00000000000121d8                __data_rom_start = LOADADDR (datas)

devices         0x0000000020000090       0x34 load address 0x0000000000012268
                0x0000000020000090                __device_start = .
                0x0000000020000090                __device_PRE_KERNEL_1_start = .
 *(SORT_BY_NAME(SORT_BY_ALIGNMENT(.device_PRE_KERNEL_1[0-9]*)))
 .device_PRE_KERNEL_150
                0x0000000020000090       0x10 zephyr/libzephyr.a(clock_control_nrf.c.obj)
 *(SORT_BY_NAME(SORT_BY_ALIGNMENT(.device_PRE_KERNEL_1[1-9][0-9]*)))
                0x00000000200000a0                __device_PRE_KERNEL_2_start = .
 *(SORT_BY_NAME(SORT_BY_ALIGNMENT(.device_PRE_KERNEL_2[0-9]*)))
 .device_PRE_KERNEL_20
                0x00000000200000a0       0x10 zephyr/libzephyr.a(sys_clock_init.c.obj)
 *(SORT_BY_NAME(SORT_BY_ALIGNMENT(.device_PRE_KERNEL_2[1-9][0-9]*)))
                0x00000000200000b0                __device_POST_KERNEL_start = .
 *(SORT_BY_NAME(SORT_BY_ALIGNMENT(.device_POST_KERNEL[0-9]*)))
 .device_POST_KERNEL40
                0x00000000200000b0       0x10 modules/nrf/drivers/hw_cc310/lib..__nrf__drivers__hw_cc310.a(hw_cc310.c.obj)
 *(SORT_BY_NAME(SORT_BY_ALIGNMENT(.device_POST_KERNEL[1-9][0-9]*)))
                0x00000000200000c0                __device_APPLICATION_start = .
 *(SORT_BY_NAME(SORT_BY_ALIGNMENT(.device_APPLICATION[0-9]*)))
 *(SORT_BY_NAME(SORT_BY_ALIGNMENT(.device_APPLICATION[1-9][0-9]*)))
                0x00000000200000c0                __device_SMP_start = .
 *(SORT_BY_NAME(SORT_BY_ALIGNMENT(.device_SMP[0-9]*)))
 *(SORT_BY_NAME(SORT_BY_ALIGNMENT(.device_SMP[1-9][0-9]*)))
                0x00000000200000c0                __device_end = .
 FILL mask 0x00
                0x00000000200000c0                __device_init_status_start = .
                0x00000000200000c4                . = (. + (((((__device_end - __device_start) / 0x10) + 0x1f) / 0x20) * 0x4))
 *fill*         0x00000000200000c0        0x4 00
                0x00000000200000c4                __device_init_status_end = .

initshell       0x00000000200000c4        0x0 load address 0x000000000001229c
                0x00000000200000c4                __shell_module_start = .
 *(SORT_BY_ALIGNMENT(.shell_module_*))
                0x00000000200000c4                __shell_module_end = .
                0x00000000200000c4                __shell_cmd_start = .
 *(SORT_BY_ALIGNMENT(.shell_cmd_*))
                0x00000000200000c4                __shell_cmd_end = .

log_dynamic_sections
                0x00000000200000c4        0x0 load address 0x000000000001229c
                0x00000000200000c4                __log_dynamic_start = .
 *(SORT_BY_NAME(SORT_BY_ALIGNMENT(.log_dynamic_*)))
                0x00000000200000c4                __log_dynamic_end = .

_static_thread_data_area
                0x00000000200000c4        0x0 load address 0x000000000001229c
                0x00000000200000c4                __static_thread_data_list_start = .
 *(SORT_BY_NAME(SORT_BY_ALIGNMENT(.__static_thread_data.static.*)))
                0x00000000200000c4                __static_thread_data_list_end = .

k_timer_area    0x00000000200000c4        0x0 load address 0x000000000001229c
                0x00000000200000c4                _k_timer_list_start = .
 *(SORT_BY_NAME(SORT_BY_ALIGNMENT(._k_timer.static.*)))
                0x00000000200000c4                _k_timer_list_end = .

k_mem_slab_area
                0x00000000200000c4        0x0 load address 0x000000000001229c
                0x00000000200000c4                _k_mem_slab_list_start = .
 *(SORT_BY_NAME(SORT_BY_ALIGNMENT(._k_mem_slab.static.*)))
                0x00000000200000c4                _k_mem_slab_list_end = .

k_mem_pool_area
                0x00000000200000c4        0x0 load address 0x000000000001229c
                0x00000000200000c4                _k_mem_pool_list_start = .
 *(SORT_BY_NAME(SORT_BY_ALIGNMENT(._k_mem_pool.static.*)))
                0x00000000200000c4                _k_mem_pool_list_end = .

k_heap_area     0x00000000200000c4        0x0 load address 0x000000000001229c
                0x00000000200000c4                _k_heap_list_start = .
 *(SORT_BY_NAME(SORT_BY_ALIGNMENT(._k_heap.static.*)))
                0x00000000200000c4                _k_heap_list_end = .

k_mutex_area    0x00000000200000c4       0x50 load address 0x000000000001229c
                0x00000000200000c4                _k_mutex_list_start = .
 *(SORT_BY_NAME(SORT_BY_ALIGNMENT(._k_mutex.static.*)))
 ._k_mutex.static.asym_mutex_int
                0x00000000200000c4       0x14 zephyr/libzephyr.a(nrf_cc3xx_platform_mutex_zephyr.c.obj)
                0x00000000200000c4                asym_mutex_int
 ._k_mutex.static.power_mutex_int
                0x00000000200000d8       0x14 zephyr/libzephyr.a(nrf_cc3xx_platform_mutex_zephyr.c.obj)
                0x00000000200000d8                power_mutex_int
 ._k_mutex.static.rng_mutex_int
                0x00000000200000ec       0x14 zephyr/libzephyr.a(nrf_cc3xx_platform_mutex_zephyr.c.obj)
                0x00000000200000ec                rng_mutex_int
 ._k_mutex.static.sym_mutex_int
                0x0000000020000100       0x14 zephyr/libzephyr.a(nrf_cc3xx_platform_mutex_zephyr.c.obj)
                0x0000000020000100                sym_mutex_int
                0x0000000020000114                _k_mutex_list_end = .

k_stack_area    0x0000000020000114        0x0 load address 0x00000000000122ec
                0x0000000020000114                _k_stack_list_start = .
 *(SORT_BY_NAME(SORT_BY_ALIGNMENT(._k_stack.static.*)))
                0x0000000020000114                _k_stack_list_end = .

k_msgq_area     0x0000000020000114        0x0 load address 0x00000000000122ec
                0x0000000020000114                _k_msgq_list_start = .
 *(SORT_BY_NAME(SORT_BY_ALIGNMENT(._k_msgq.static.*)))
                0x0000000020000114                _k_msgq_list_end = .

k_mbox_area     0x0000000020000114        0x0 load address 0x00000000000122ec
                0x0000000020000114                _k_mbox_list_start = .
 *(SORT_BY_NAME(SORT_BY_ALIGNMENT(._k_mbox.static.*)))
                0x0000000020000114                _k_mbox_list_end = .

k_pipe_area     0x0000000020000114        0x0 load address 0x00000000000122ec
                0x0000000020000114                _k_pipe_list_start = .
 *(SORT_BY_NAME(SORT_BY_ALIGNMENT(._k_pipe.static.*)))
                0x0000000020000114                _k_pipe_list_end = .

k_sem_area      0x0000000020000114        0x0 load address 0x00000000000122ec
                0x0000000020000114                _k_sem_list_start = .
 *(SORT_BY_NAME(SORT_BY_ALIGNMENT(._k_sem.static.*)))
                0x0000000020000114                _k_sem_list_end = .

k_queue_area    0x0000000020000114        0x0 load address 0x00000000000122ec
                0x0000000020000114                _k_queue_list_start = .
 *(SORT_BY_NAME(SORT_BY_ALIGNMENT(._k_queue.static.*)))
                0x0000000020000114                _k_queue_list_end = .

_net_buf_pool_area
                0x0000000020000114        0x0 load address 0x00000000000122ec
                0x0000000020000114                _net_buf_pool_list = .
 *(SORT_BY_NAME(SORT_BY_ALIGNMENT(._net_buf_pool.static.*)))
                0x0000000020000114                __data_ram_end = .

bss             0x0000000020000118      0x70e
                0x0000000020000118                . = ALIGN (0x4)
                0x0000000020000118                __bss_start = .
                0x0000000020000118                __kernel_ram_start = .
 *(SORT_BY_ALIGNMENT(.bss))
 *(SORT_BY_ALIGNMENT(.bss.*))
 .bss.z_idle_threads
                0x0000000020000118       0x80 zephyr/kernel/libkernel.a(init.c.obj)
                0x0000000020000118                z_idle_threads
 .bss.z_main_thread
                0x0000000020000198       0x80 zephyr/kernel/libkernel.a(init.c.obj)
                0x0000000020000198                z_main_thread
 .bss.curr_tick
                0x0000000020000218        0x8 zephyr/kernel/libkernel.a(timeout.c.obj)
 .bss.cli.11558
                0x0000000020000220       0x10 zephyr/libzephyr.a(clock_control_nrf.c.obj)
 .bss.data      0x0000000020000230       0x50 zephyr/libzephyr.a(clock_control_nrf.c.obj)
 .bss.hfclk_users
                0x0000000020000280        0x4 zephyr/libzephyr.a(clock_control_nrf.c.obj)
 .bss.on.11557  0x0000000020000284        0x4 zephyr/libzephyr.a(clock_control_nrf.c.obj)
 .bss.last_count
                0x0000000020000288        0x4 zephyr/libzephyr.a(nrf_rtc_timer.c.obj)
 .bss.mutex_slab
                0x000000002000028c       0x1c zephyr/libzephyr.a(nrf_cc3xx_platform_mutex_zephyr.c.obj)
                0x000000002000028c                mutex_slab
 .bss.mutex_slab_buffer
                0x00000000200002a8      0x500 zephyr/libzephyr.a(nrf_cc3xx_platform_mutex_zephyr.c.obj)
                0x00000000200002a8                mutex_slab_buffer
 .bss.dyn_reg_info
                0x00000000200007a8       0x14 zephyr/arch/arch/arm/core/aarch32/cortex_m/mpu/libarch__arm__core__aarch32__cortex_m__mpu.a(arm_mpu.c.obj)
 .bss.m_clock_cb
                0x00000000200007bc        0x8 modules/nordic/lib..__modules__hal__nordic.a(nrfx_clock.c.obj)
 .bss._kernel   0x00000000200007c4       0x34 zephyr/kernel/libkernel.a(sched.c.obj)
                0x00000000200007c4                _kernel
 .bss.pending_current
                0x00000000200007f8        0x4 zephyr/kernel/libkernel.a(sched.c.obj)
 .bss.slice_max_prio
                0x00000000200007fc        0x4 zephyr/kernel/libkernel.a(sched.c.obj)
 .bss.slice_time
                0x0000000020000800        0x4 zephyr/kernel/libkernel.a(sched.c.obj)
 .bss.announce_remaining
                0x0000000020000804        0x4 zephyr/kernel/libkernel.a(timeout.c.obj)
 .bss.use_count
                0x0000000020000808        0x4 modules/nrfxlib/nrf_security/src/mbedtls/cc310/libmbedcrypto_cc3xx.a(cc_pal_pm.c.obj)
 .bss.nrf_cc3xx_platform_initialized
                0x000000002000080c        0x4 /opt/nordic/ncs/v1.4.99-dev1/nrfxlib/crypto/nrf_cc310_platform/lib/cortex-m33/hard-float/no-interrupts/libnrf_cc310_platform_0.9.5.a(nrf_cc3xx_platform.c.obj)
 .bss.nrf_cc3xx_platform_rng_initialized
                0x0000000020000810        0x4 /opt/nordic/ncs/v1.4.99-dev1/nrfxlib/crypto/nrf_cc310_platform/lib/cortex-m33/hard-float/no-interrupts/libnrf_cc310_platform_0.9.5.a(nrf_cc3xx_platform.c.obj)
 .bss.asym_mutex_int
                0x0000000020000814        0x4 /opt/nordic/ncs/v1.4.99-dev1/nrfxlib/crypto/nrf_cc310_platform/lib/cortex-m33/hard-float/no-interrupts/libnrf_cc310_platform_0.9.5.a(nrf_cc3xx_platform_mutex.c.obj)
 .bss.power_mutex_int
                0x0000000020000818        0x4 /opt/nordic/ncs/v1.4.99-dev1/nrfxlib/crypto/nrf_cc310_platform/lib/cortex-m33/hard-float/no-interrupts/libnrf_cc310_platform_0.9.5.a(nrf_cc3xx_platform_mutex.c.obj)
 .bss.rng_mutex_int
                0x000000002000081c        0x4 /opt/nordic/ncs/v1.4.99-dev1/nrfxlib/crypto/nrf_cc310_platform/lib/cortex-m33/hard-float/no-interrupts/libnrf_cc310_platform_0.9.5.a(nrf_cc3xx_platform_mutex.c.obj)
 .bss.sym_mutex_int
                0x0000000020000820        0x4 /opt/nordic/ncs/v1.4.99-dev1/nrfxlib/crypto/nrf_cc310_platform/lib/cortex-m33/hard-float/no-interrupts/libnrf_cc310_platform_0.9.5.a(nrf_cc3xx_platform_mutex.c.obj)
 .bss.static_regions_num
                0x0000000020000824        0x1 zephyr/arch/arch/arm/core/aarch32/cortex_m/mpu/libarch__arm__core__aarch32__cortex_m__mpu.a(arm_mpu.c.obj)
 .bss.z_sys_post_kernel
                0x0000000020000825        0x1 zephyr/kernel/libkernel.a(init.c.obj)
                0x0000000020000825                z_sys_post_kernel
 .bss.lock      0x0000000020000826        0x0 zephyr/kernel/libkernel.a(mem_slab.c.obj)
 .bss.lock      0x0000000020000826        0x0 zephyr/kernel/libkernel.a(mutex.c.obj)
 .bss.sched_spinlock
                0x0000000020000826        0x0 zephyr/kernel/libkernel.a(sched.c.obj)
 .bss.lock      0x0000000020000826        0x0 zephyr/kernel/libkernel.a(sem.c.obj)
 *(SORT_BY_ALIGNMENT(COMMON))
 *(SORT_BY_ALIGNMENT(.kernel_bss.*))
                0x0000000020000828                __bss_end = ALIGN (0x4)

noinit          0x0000000020000828     0x1940
 *(SORT_BY_ALIGNMENT(.noinit))
 *(SORT_BY_ALIGNMENT(.noinit.*))
 .noinit."WEST_TOPDIR/zephyr/kernel/init.c".2
                0x0000000020000828     0x1000 zephyr/kernel/libkernel.a(init.c.obj)
                0x0000000020000828                z_main_stack
 .noinit."WEST_TOPDIR/zephyr/kernel/init.c".3
                0x0000000020001828      0x140 zephyr/kernel/libkernel.a(init.c.obj)
 .noinit."WEST_TOPDIR/zephyr/kernel/init.c".4
                0x0000000020001968      0x800 zephyr/kernel/libkernel.a(init.c.obj)
                0x0000000020001968                z_interrupt_stacks
 *(SORT_BY_ALIGNMENT(.kernel_noinit.*))
                0x0000000020002168                _image_ram_end = .
                0x0000000020002168                _end = .
                0x0000000020010000                __kernel_ram_end = 0x20010000
                0x000000000000fee8                __kernel_ram_size = (__kernel_ram_end - __kernel_ram_start)
                0x0000000000000001                ASSERT (((((_image_rom_start + _flash_used) - 0x1) / 0x8000) < 0x3), SPM and app are sharing an SPU region. Cannot partition flash correctly into secure and non-secure. Adjust partitions sizes so they are placed in separate regions.)

.gnu.sgstubs    0x0000000000012300     0x5d00
                0x0000000000017fe0                . = ((ALIGN (0x8000) - MAX (0x20, (0x1 << LOG2CEIL (__sg_size)))) + (ABSOLUTE (.) > (ALIGN (0x8000) - MAX (0x20, (0x1 << LOG2CEIL (__sg_size)))))?0x8000:0x0)
 *fill*         0x0000000000012300     0x5ce0 
                0x0000000000017fe0                __sg_start = .
 .gnu.sgstubs.__stub
                0x0000000000017fe0       0x18 linker stubs
                0x0000000000017fe0                spm_firmware_info_nse
                0x0000000000017fe8                spm_request_random_number_nse
                0x0000000000017ff0                spm_request_read_nse
                0x0000000000018000                __sg_end = .
                0x0000000000000020                __sg_size = (__sg_end - __sg_start)
                0x0000000000018000                . = ALIGN (0x8000)
                0x0000000000000020                __nsc_size = (. - __sg_start)
                0x0000000000000001                ASSERT (((__sg_size == 0x0) || ((((0x1 << LOG2CEIL ((0x8000 - (__sg_start % 0x8000)))) == (0x8000 - (__sg_start % 0x8000))) && ((0x8000 - (__sg_start % 0x8000)) >= 0x20)) && ((0x8000 - (__sg_start % 0x8000)) <= 0x1000))), The Non-Secure Callable region size must be a power of 2 between 32 and 4096 bytes.)

.stab
 *(SORT_BY_ALIGNMENT(.stab))

.stabstr
 *(SORT_BY_ALIGNMENT(.stabstr))

.stab.excl
 *(SORT_BY_ALIGNMENT(.stab.excl))

.stab.exclstr
 *(SORT_BY_ALIGNMENT(.stab.exclstr))

.stab.index
 *(SORT_BY_ALIGNMENT(.stab.index))

.stab.indexstr
 *(SORT_BY_ALIGNMENT(.stab.indexstr))

.gnu.build.attributes
 *(SORT_BY_ALIGNMENT(.gnu.build.attributes) SORT_BY_ALIGNMENT(.gnu.build.attributes.*))

.comment        0x0000000000000000       0x79
 *(SORT_BY_ALIGNMENT(.comment))
 .comment       0x0000000000000000       0x79 zephyr/CMakeFiles/zephyr_final.dir/isr_tables.c.obj
                                         0x7a (size before relaxing)
 .comment       0x0000000000000079       0x7a app/libapp.a(main.c.obj)
 .comment       0x0000000000000079       0x7a zephyr/libzephyr.a(notify.c.obj)
 .comment       0x0000000000000079       0x7a zephyr/libzephyr.a(printk.c.obj)
 .comment       0x0000000000000079       0x7a zephyr/libzephyr.a(onoff.c.obj)
 .comment       0x0000000000000079       0x7a zephyr/libzephyr.a(thread_entry.c.obj)
 .comment       0x0000000000000079       0x7a zephyr/libzephyr.a(heap.c.obj)
 .comment       0x0000000000000079       0x7a zephyr/libzephyr.a(cbprintf_complete.c.obj)
 .comment       0x0000000000000079       0x7a zephyr/libzephyr.a(configs.c.obj)
 .comment       0x0000000000000079       0x7a zephyr/libzephyr.a(soc.c.obj)
 .comment       0x0000000000000079       0x7a zephyr/libzephyr.a(reboot.c.obj)
 .comment       0x0000000000000079       0x7a zephyr/libzephyr.a(clock_control_nrf.c.obj)
 .comment       0x0000000000000079       0x7a zephyr/libzephyr.a(sys_clock_init.c.obj)
 .comment       0x0000000000000079       0x7a zephyr/libzephyr.a(nrf_rtc_timer.c.obj)
 .comment       0x0000000000000079       0x7a zephyr/libzephyr.a(spm.c.obj)
 .comment       0x0000000000000079       0x7a zephyr/libzephyr.a(secure_services.c.obj)
 .comment       0x0000000000000079       0x7a zephyr/libzephyr.a(nrf_cc3xx_platform_abort_zephyr.c.obj)
 .comment       0x0000000000000079       0x7a zephyr/libzephyr.a(nrf_cc3xx_platform_mutex_zephyr.c.obj)
 .comment       0x0000000000000079       0x7a zephyr/arch/arch/arm/core/aarch32/libarch__arm__core__aarch32.a(swap.c.obj)
 .comment       0x0000000000000079       0x7a zephyr/arch/arch/arm/core/aarch32/libarch__arm__core__aarch32.a(irq_manage.c.obj)
 .comment       0x0000000000000079       0x7a zephyr/arch/arch/arm/core/aarch32/libarch__arm__core__aarch32.a(thread.c.obj)
 .comment       0x0000000000000079       0x7a zephyr/arch/arch/arm/core/aarch32/libarch__arm__core__aarch32.a(fatal.c.obj)
 .comment       0x0000000000000079       0x7a zephyr/arch/arch/arm/core/aarch32/libarch__arm__core__aarch32.a(nmi.c.obj)
 .comment       0x0000000000000079       0x7a zephyr/arch/arch/arm/core/aarch32/libarch__arm__core__aarch32.a(prep_c.c.obj)
 .comment       0x0000000000000079       0x7a zephyr/arch/arch/arm/core/aarch32/cortex_m/libarch__arm__core__aarch32__cortex_m.a(fault.c.obj)
 .comment       0x0000000000000079       0x7a zephyr/arch/arch/arm/core/aarch32/cortex_m/libarch__arm__core__aarch32__cortex_m.a(scb.c.obj)
 .comment       0x0000000000000079       0x7a zephyr/arch/arch/arm/core/aarch32/cortex_m/libarch__arm__core__aarch32__cortex_m.a(irq_init.c.obj)
 .comment       0x0000000000000079       0x7a zephyr/arch/arch/arm/core/aarch32/cortex_m/libarch__arm__core__aarch32__cortex_m.a(thread_abort.c.obj)
 .comment       0x0000000000000079       0x7a zephyr/arch/arch/arm/core/aarch32/cortex_m/mpu/libarch__arm__core__aarch32__cortex_m__mpu.a(arm_core_mpu.c.obj)
 .comment       0x0000000000000079       0x7a zephyr/arch/arch/arm/core/aarch32/cortex_m/mpu/libarch__arm__core__aarch32__cortex_m__mpu.a(arm_mpu.c.obj)
 .comment       0x0000000000000079       0x7a zephyr/arch/arch/arm/core/aarch32/cortex_m/cmse/libarch__arm__core__aarch32__cortex_m__cmse.a(arm_core_cmse.c.obj)
 .comment       0x0000000000000079       0x7a zephyr/arch/arch/arm/core/aarch32/cortex_m/tz/libarch__arm__core__aarch32__cortex_m__tz.a(arm_core_tz.c.obj)
 .comment       0x0000000000000079       0x7a zephyr/lib/libc/minimal/liblib__libc__minimal.a(string.c.obj)
 .comment       0x0000000000000079       0x7a zephyr/soc/arm/common/cortex_m/libsoc__arm__common__cortex_m.a(arm_mpu_regions.c.obj)
 .comment       0x0000000000000079       0x7a zephyr/boards/boards/arm/actinius_icarus/libboards__arm__actinius_icarus.a(board.c.obj)
 .comment       0x0000000000000079       0x7a modules/nrf/lib/fatal_error/lib..__nrf__lib__fatal_error.a(fatal_error.c.obj)
 .comment       0x0000000000000079       0x7a modules/nrf/subsys/fw_info/lib..__nrf__subsys__fw_info.a(fw_info.c.obj)
 .comment       0x0000000000000079       0x7a modules/nrf/drivers/hw_cc310/lib..__nrf__drivers__hw_cc310.a(hw_cc310.c.obj)
 .comment       0x0000000000000079       0x7a modules/nordic/lib..__modules__hal__nordic.a(system_nrf9160.c.obj)
 .comment       0x0000000000000079       0x7a modules/nordic/lib..__modules__hal__nordic.a(nrfx_glue.c.obj)
 .comment       0x0000000000000079       0x7a modules/nordic/lib..__modules__hal__nordic.a(nrfx_clock.c.obj)
 .comment       0x0000000000000079       0x7a zephyr/kernel/libkernel.a(device.c.obj)
 .comment       0x0000000000000079       0x7a zephyr/kernel/libkernel.a(errno.c.obj)
 .comment       0x0000000000000079       0x7a zephyr/kernel/libkernel.a(fatal.c.obj)
 .comment       0x0000000000000079       0x7a zephyr/kernel/libkernel.a(idle.c.obj)
 .comment       0x0000000000000079       0x7a zephyr/kernel/libkernel.a(init.c.obj)
 .comment       0x0000000000000079       0x7a zephyr/kernel/libkernel.a(mem_slab.c.obj)
 .comment       0x0000000000000079       0x7a zephyr/kernel/libkernel.a(mutex.c.obj)
 .comment       0x0000000000000079       0x7a zephyr/kernel/libkernel.a(sched.c.obj)
 .comment       0x0000000000000079       0x7a zephyr/kernel/libkernel.a(sem.c.obj)
 .comment       0x0000000000000079       0x7a zephyr/kernel/libkernel.a(thread.c.obj)
 .comment       0x0000000000000079       0x7a zephyr/kernel/libkernel.a(thread_abort.c.obj)
 .comment       0x0000000000000079       0x7a zephyr/kernel/libkernel.a(timeout.c.obj)
 .comment       0x0000000000000079       0x7a zephyr/kernel/libkernel.a(kheap.c.obj)
 .comment       0x0000000000000079       0x7a zephyr/CMakeFiles/offsets.dir/arch/arm/core/offsets/offsets.c.obj
 .comment       0x0000000000000079       0x7a modules/nrfxlib/nrf_security/src/mbedtls/cc310/libmbedcrypto_cc3xx.a(cc_pal_mem.c.obj)
 .comment       0x0000000000000079       0x7a modules/nrfxlib/nrf_security/src/mbedtls/cc310/libmbedcrypto_cc3xx.a(cc_pal.c.obj)
 .comment       0x0000000000000079       0x7a modules/nrfxlib/nrf_security/src/mbedtls/cc310/libmbedcrypto_cc3xx.a(cc_pal_dma.c.obj)
 .comment       0x0000000000000079       0x7a modules/nrfxlib/nrf_security/src/mbedtls/cc310/libmbedcrypto_cc3xx.a(cc_pal_mutex.c.obj)
 .comment       0x0000000000000079       0x7a modules/nrfxlib/nrf_security/src/mbedtls/cc310/libmbedcrypto_cc3xx.a(cc_pal_pm.c.obj)
 .comment       0x0000000000000079       0x7a modules/nrfxlib/nrf_security/src/mbedtls/cc310/libmbedcrypto_cc3xx.a(cc_hal.c.obj)
 .comment       0x0000000000000079       0x7a modules/nrfxlib/nrf_security/src/mbedtls/cc310/libmbedcrypto_cc3xx.a(cc_pal_interrupt_ctrl.c.obj)
 .comment       0x0000000000000079       0x7a /opt/nordic/ncs/v1.4.99-dev1/nrfxlib/crypto/nrf_cc310_platform/lib/cortex-m33/hard-float/no-interrupts/libnrf_cc310_platform_0.9.5.a(platform_alt.c.obj)