Archive member included to satisfy reference by file (symbol)

app/libapp.a(main.c.obj)      (--whole-archive)
app/libapp.a(slm_util.c.obj)  (--whole-archive)
app/libapp.a(slm_at_host.c.obj)
                              (--whole-archive)
app/libapp.a(slm_at_tcpip.c.obj)
                              (--whole-archive)
app/libapp.a(slm_at_tcp_proxy.c.obj)
                              (--whole-archive)
app/libapp.a(slm_at_udp_proxy.c.obj)
                              (--whole-archive)
app/libapp.a(slm_at_icmp.c.obj)
                              (--whole-archive)
app/libapp.a(slm_at_fota.c.obj)
                              (--whole-archive)
app/libapp.a(slm_at_httpc.c.obj)
                              (--whole-archive)
zephyr/libzephyr.a(cbprintf.c.obj)
                              (--whole-archive)
zephyr/libzephyr.a(crc32_sw.c.obj)
                              (--whole-archive)
zephyr/libzephyr.a(crc16_sw.c.obj)
                              (--whole-archive)
zephyr/libzephyr.a(crc8_sw.c.obj)
                              (--whole-archive)
zephyr/libzephyr.a(crc7_sw.c.obj)
                              (--whole-archive)
zephyr/libzephyr.a(dec.c.obj)
                              (--whole-archive)
zephyr/libzephyr.a(fdtable.c.obj)
                              (--whole-archive)
zephyr/libzephyr.a(hex.c.obj)
                              (--whole-archive)
zephyr/libzephyr.a(mempool.c.obj)
                              (--whole-archive)
zephyr/libzephyr.a(notify.c.obj)
                              (--whole-archive)
zephyr/libzephyr.a(printk.c.obj)
                              (--whole-archive)
zephyr/libzephyr.a(onoff.c.obj)
                              (--whole-archive)
zephyr/libzephyr.a(rb.c.obj)  (--whole-archive)
zephyr/libzephyr.a(sem.c.obj)
                              (--whole-archive)
zephyr/libzephyr.a(thread_entry.c.obj)
                              (--whole-archive)
zephyr/libzephyr.a(timeutil.c.obj)
                              (--whole-archive)
zephyr/libzephyr.a(work_q.c.obj)
                              (--whole-archive)
zephyr/libzephyr.a(heap.c.obj)
                              (--whole-archive)
zephyr/libzephyr.a(heap-validate.c.obj)
                              (--whole-archive)
zephyr/libzephyr.a(cbprintf_complete.c.obj)
                              (--whole-archive)
zephyr/libzephyr.a(ring_buffer.c.obj)
                              (--whole-archive)
zephyr/libzephyr.a(configs.c.obj)
                              (--whole-archive)
zephyr/libzephyr.a(soc.c.obj)
                              (--whole-archive)
zephyr/libzephyr.a(power.c.obj)
                              (--whole-archive)
zephyr/libzephyr.a(validate_base_addresses.c.obj)
                              (--whole-archive)
zephyr/libzephyr.a(validate_enabled_instances.c.obj)
                              (--whole-archive)
zephyr/libzephyr.a(log_list.c.obj)
                              (--whole-archive)
zephyr/libzephyr.a(log_core.c.obj)
                              (--whole-archive)
zephyr/libzephyr.a(log_msg.c.obj)
                              (--whole-archive)
zephyr/libzephyr.a(log_output.c.obj)
                              (--whole-archive)
zephyr/libzephyr.a(log_backend_rtt.c.obj)
                              (--whole-archive)
zephyr/libzephyr.a(mcuboot.c.obj)
                              (--whole-archive)
zephyr/libzephyr.a(flash_img.c.obj)
                              (--whole-archive)
zephyr/libzephyr.a(addr_utils.c.obj)
                              (--whole-archive)
zephyr/libzephyr.a(getaddrinfo.c.obj)
                              (--whole-archive)
zephyr/libzephyr.a(sockets.c.obj)
                              (--whole-archive)
zephyr/libzephyr.a(sockets_select.c.obj)
                              (--whole-archive)
zephyr/libzephyr.a(socket_offload.c.obj)
                              (--whole-archive)
zephyr/libzephyr.a(flash_map.c.obj)
                              (--whole-archive)
zephyr/libzephyr.a(flash_map_default.c.obj)
                              (--whole-archive)
zephyr/libzephyr.a(stream_flash.c.obj)
                              (--whole-archive)
zephyr/libzephyr.a(power.c.obj)
                              (--whole-archive)
zephyr/libzephyr.a(device.c.obj)
                              (--whole-archive)
zephyr/libzephyr.a(reboot.c.obj)
                              (--whole-archive)
zephyr/libzephyr.a(policy_residency.c.obj)
                              (--whole-archive)
zephyr/libzephyr.a(rtt_console.c.obj)
                              (--whole-archive)
zephyr/libzephyr.a(clock_control_nrf.c.obj)
                              (--whole-archive)
zephyr/libzephyr.a(sys_clock_init.c.obj)
                              (--whole-archive)
zephyr/libzephyr.a(nrf_rtc_timer.c.obj)
                              (--whole-archive)
zephyr/libzephyr.a(secure_services_ns.c.obj)
                              (--whole-archive)
zephyr/libzephyr.a(SEGGER_RTT.c.obj)
[...]
Memory Configuration

Name             Origin             Length             Attributes
FLASH            0x000000000001c200 0x000000000006be00 xr
SRAM             0x0000000020020000 0x0000000000020000 xw
IDT_LIST         0x0000000020040000 0x0000000000000800 xw
*default*        0x0000000000000000 0xffffffffffffffff

Linker script and memory map

LOAD zephyr/CMakeFiles/zephyr_final.dir/misc/empty_file.c.obj
LOAD zephyr/CMakeFiles/zephyr_final.dir/isr_tables.c.obj
                0x0000000000000020                _region_min_align = 0x20

.rel.plt        0x000000000001c200        0x0
 *(SORT_BY_ALIGNMENT(.rel.plt))
                [!provide]                        PROVIDE (__rel_iplt_start = .)
 *(SORT_BY_ALIGNMENT(.rel.iplt))
 .rel.iplt      0x000000000001c200        0x0 zephyr/CMakeFiles/zephyr_final.dir/isr_tables.c.obj
                [!provide]                        PROVIDE (__rel_iplt_end = .)

.rela.plt       0x0000000000000000        0x0
 *(SORT_BY_ALIGNMENT(.rela.plt))
                [!provide]                        PROVIDE (__rela_iplt_start = .)
 *(SORT_BY_ALIGNMENT(.rela.iplt))
                [!provide]                        PROVIDE (__rela_iplt_end = .)

.rel.dyn
 *(SORT_BY_ALIGNMENT(.rel.*))

.rela.dyn
 *(SORT_BY_ALIGNMENT(.rela.*))

/DISCARD/
 *(SORT_BY_ALIGNMENT(.plt))
 *(SORT_BY_ALIGNMENT(.iplt))
 *(SORT_BY_ALIGNMENT(.got.plt))
 *(SORT_BY_ALIGNMENT(.igot.plt))
 *(SORT_BY_ALIGNMENT(.got))
 *(SORT_BY_ALIGNMENT(.igot))
 *(SORT_BY_ALIGNMENT(.irq_info*))
 *(SORT_BY_ALIGNMENT(.intList*))
 *(SORT_BY_ALIGNMENT(.note.GNU-stack))
                0x000000000001c200                _image_rom_start = 0x1c200

rom_start       0x000000000001c200      0x23c
                0x0000000000000000                . = 0x0
                0x0000000000000000                . = ALIGN (0x4)
                0x0000000000000000                . = ALIGN (0x80)
                0x0000000000000000                . = ALIGN (0x200)
                0x000000000001c200                _vector_start = .
 *(SORT_BY_ALIGNMENT(.exc_vector_table))
 *(SORT_BY_ALIGNMENT(.exc_vector_table.*))
 .exc_vector_table._vector_table_section
                0x000000000001c200       0x40 zephyr/arch/arch/arm/core/aarch32/cortex_m/libarch__arm__core__aarch32__cortex_m.a(vector_table.S.obj)
                0x000000000001c200                _vector_table
 *(SORT_BY_ALIGNMENT(.gnu.linkonce.irq_vector_table*))
 .gnu.linkonce.irq_vector_table*
                0x000000000001c240      0x104 zephyr/CMakeFiles/zephyr_final.dir/isr_tables.c.obj
                0x000000000001c240                _irq_vector_table
 *(SORT_BY_ALIGNMENT(.vectors))
                0x000000000001c344                _vector_end = .
 *(SORT_BY_ALIGNMENT(.openocd_dbg))
 *(SORT_BY_ALIGNMENT(.openocd_dbg.*))
                0x0000000000000200                . = 0x200
 *fill*         0x000000000001c344       0xbc 
                0x000000000001c400                _fw_info_start = .
 *(SORT_BY_NAME(SORT_BY_ALIGNMENT(.firmware_info*)))
 .firmware_info
                0x000000000001c400       0x3c modules/nrf/subsys/fw_info/lib..__nrf__subsys__fw_info.a(fw_info.c.obj)
                0x000000000001c400                m_firmware_info
                0x000000000000003c                _fw_info_size = ABSOLUTE ((. - _fw_info_start))

text            0x000000000001c440    0x1fbae
                0x000000000001c440                _image_text_start = .
 *(SORT_BY_ALIGNMENT(.text))
 .text          0x000000000001c440      0x378 /opt/nordic/ncs/v1.4.99-dev1/toolchain/bin/../lib/gcc/arm-none-eabi/9.2.1/thumb/v8-m.main+fp/hard/libgcc.a(_arm_addsubdf3.o)
                0x000000000001c440                __aeabi_drsub
                0x000000000001c448                __subdf3
                0x000000000001c448                __aeabi_dsub
                0x000000000001c44c                __aeabi_dadd
                0x000000000001c44c                __adddf3
                0x000000000001c6c4                __aeabi_ui2d
                0x000000000001c6c4                __floatunsidf
                0x000000000001c6e4                __floatsidf
                0x000000000001c6e4                __aeabi_i2d
                0x000000000001c708                __extendsfdf2
                0x000000000001c708                __aeabi_f2d
                0x000000000001c74c                __aeabi_ul2d
                0x000000000001c74c                __floatundidf
                0x000000000001c75c                __aeabi_l2d
                0x000000000001c75c                __floatdidf
 .text          0x000000000001c7b8       0x30 /opt/nordic/ncs/v1.4.99-dev1/toolchain/bin/../lib/gcc/arm-none-eabi/9.2.1/thumb/v8-m.main+fp/hard/libgcc.a(_aeabi_uldivmod.o)
                0x000000000001c7b8                __aeabi_uldivmod
 .text          0x000000000001c7e8      0x2c0 /opt/nordic/ncs/v1.4.99-dev1/toolchain/bin/../lib/gcc/arm-none-eabi/9.2.1/thumb/v8-m.main+fp/hard/libgcc.a(_udivmoddi4.o)
                0x000000000001c7e8                __udivmoddi4
 .text          0x000000000001caa8        0x4 /opt/nordic/ncs/v1.4.99-dev1/toolchain/bin/../lib/gcc/arm-none-eabi/9.2.1/thumb/v8-m.main+fp/hard/libgcc.a(_dvmd_tls.o)
                0x000000000001caa8                __aeabi_ldiv0
                0x000000000001caa8                __aeabi_idiv0
 .text          0x000000000001caac      0x424 /opt/nordic/ncs/v1.4.99-dev1/toolchain/bin/../lib/gcc/arm-none-eabi/9.2.1/thumb/v8-m.main+fp/hard/libgcc.a(_arm_muldivdf3.o)
                0x000000000001caac                __aeabi_dmul
                0x000000000001caac                __muldf3
                0x000000000001cd00                __aeabi_ddiv
                0x000000000001cd00                __divdf3
 .text          0x000000000001ced0      0x110 /opt/nordic/ncs/v1.4.99-dev1/toolchain/bin/../lib/gcc/arm-none-eabi/9.2.1/thumb/v8-m.main+fp/hard/libgcc.a(_arm_cmpdf2.o)
                0x000000000001ced0                __gedf2
                0x000000000001ced0                __gtdf2
                0x000000000001ced8                __ledf2
                0x000000000001ced8                __ltdf2
                0x000000000001cee0                __cmpdf2
                0x000000000001cee0                __eqdf2
                0x000000000001cee0                __nedf2
                0x000000000001cf5c                __aeabi_cdrcmple
                0x000000000001cf6c                __aeabi_cdcmple
                0x000000000001cf6c                __aeabi_cdcmpeq
                0x000000000001cf7c                __aeabi_dcmpeq
                0x000000000001cf90                __aeabi_dcmplt
                0x000000000001cfa4                __aeabi_dcmple
                0x000000000001cfb8                __aeabi_dcmpge
                0x000000000001cfcc                __aeabi_dcmpgt
 .text          0x000000000001cfe0       0x2c /opt/nordic/ncs/v1.4.99-dev1/toolchain/bin/../lib/gcc/arm-none-eabi/9.2.1/thumb/v8-m.main+fp/hard/libgcc.a(_arm_unorddf2.o)
                0x000000000001cfe0                __aeabi_dcmpun
                0x000000000001cfe0                __unorddf2
 .text          0x000000000001d00c       0x50 /opt/nordic/ncs/v1.4.99-dev1/toolchain/bin/../lib/gcc/arm-none-eabi/9.2.1/thumb/v8-m.main+fp/hard/libgcc.a(_arm_fixdfsi.o)
                0x000000000001d00c                __fixdfsi
                0x000000000001d00c                __aeabi_d2iz
 .text          0x000000000001d05c       0x14 /opt/nordic/ncs/v1.4.99-dev1/toolchain/arm-none-eabi/lib/thumb/v8-m.main+fp/hard/libc_nano.a(lib_a-strcmp.o)
                0x000000000001d05c                strcmp
 .text          0x000000000001d070       0x10 /opt/nordic/ncs/v1.4.99-dev1/toolchain/arm-none-eabi/lib/thumb/v8-m.main+fp/hard/libc_nano.a(lib_a-strlen.o)
                0x000000000001d070                strlen
 *(SORT_BY_ALIGNMENT(.text.*))
 .text._dtoa_r  0x000000000001d080      0xbb8 /opt/nordic/ncs/v1.4.99-dev1/toolchain/arm-none-eabi/lib/thumb/v8-m.main+fp/hard/libc_nano.a(lib_a-dtoa.o)
                0x000000000001d080                _dtoa_r
 .text.gpio_callback
                0x000000000001dc38       0x28 app/libapp.a(main.c.obj)
 .text.exit_idle
                0x000000000001dc60       0x6c app/libapp.a(main.c.obj)
 .text.bsd_recoverable_error_handler
                0x000000000001dccc       0x24 app/libapp.a(main.c.obj)
                0x000000000001dccc                bsd_recoverable_error_handler
 .text.enter_idle
                0x000000000001dcf0       0xc8 app/libapp.a(main.c.obj)
                0x000000000001dcf0                enter_idle
 .text.handle_bsdlib_init_ret
                0x000000000001ddb8       0x88 app/libapp.a(main.c.obj)
                0x000000000001ddb8                handle_bsdlib_init_ret
 .text.start_execute
                0x000000000001de40       0xdc app/libapp.a(main.c.obj)
                0x000000000001de40                start_execute
 .text.slm_util_cmd_casecmp
                0x000000000001df1c       0x6c app/libapp.a(slm_util.c.obj)
                0x000000000001df1c                slm_util_cmd_casecmp
 .text.slm_util_htoa
                0x000000000001df88       0x44 app/libapp.a(slm_util.c.obj)
                0x000000000001df88                slm_util_htoa
 .text.uart_callback
                0x000000000001dfcc      0x21c app/libapp.a(slm_at_host.c.obj)
 .text.rsp_send
                0x000000000001e1e8       0x98 app/libapp.a(slm_at_host.c.obj)
                0x000000000001e1e8                rsp_send
 .text.slm_at_host_init
                0x000000000001e280      0x22c app/libapp.a(slm_at_host.c.obj)
                0x000000000001e280                slm_at_host_init
 .text.slm_at_host_uninit
                0x000000000001e4ac      0x134 app/libapp.a(slm_at_host.c.obj)
                0x000000000001e4ac                slm_at_host_uninit
 .text.cmd_send
                0x000000000001e5e0      0x4f0 app/libapp.a(slm_at_host.c.obj)
 .text.handle_at_recvfrom.part.0
                0x000000000001ead0       0x28 app/libapp.a(slm_at_tcpip.c.obj)
 .text.handle_at_getaddrinfo
                0x000000000001eaf8      0x150 app/libapp.a(slm_at_tcpip.c.obj)
 .text.parse_host_by_ipv4
                0x000000000001ec48       0x28 app/libapp.a(slm_at_tcpip.c.obj)
 .text.parse_host_by_name
                0x000000000001ec70       0x98 app/libapp.a(slm_at_tcpip.c.obj)
 .text.handle_at_socketopt
                0x000000000001ed08      0x1ac app/libapp.a(slm_at_tcpip.c.obj)
 .text.slm_at_tcpip_parse
                0x000000000001eeb4       0x78 app/libapp.a(slm_at_tcpip.c.obj)
                0x000000000001eeb4                slm_at_tcpip_parse
 .text.slm_at_tcpip_clac
                0x000000000001ef2c       0x44 app/libapp.a(slm_at_tcpip.c.obj)
                0x000000000001ef2c                slm_at_tcpip_clac
 .text.slm_at_tcpip_init
                0x000000000001ef70       0x1c app/libapp.a(slm_at_tcpip.c.obj)
                0x000000000001ef70                slm_at_tcpip_init
 .text.do_socket_close
                0x000000000001ef8c       0x88 app/libapp.a(slm_at_tcpip.c.obj)
 .text.do_recvfrom
                0x000000000001f014      0x164 app/libapp.a(slm_at_tcpip.c.obj)
 .text.handle_at_recvfrom
                0x000000000001f178       0x80 app/libapp.a(slm_at_tcpip.c.obj)
 .text.do_sendto
                0x000000000001f1f8      0x134 app/libapp.a(slm_at_tcpip.c.obj)
 .text.handle_at_sendto
                0x000000000001f32c      0x110 app/libapp.a(slm_at_tcpip.c.obj)
 .text.do_recv  0x000000000001f43c      0x1cc app/libapp.a(slm_at_tcpip.c.obj)
 .text.handle_at_recv
                0x000000000001f608       0x6c app/libapp.a(slm_at_tcpip.c.obj)
 .text.do_send  0x000000000001f674      0x10c app/libapp.a(slm_at_tcpip.c.obj)
 .text.handle_at_send
                0x000000000001f780       0xb8 app/libapp.a(slm_at_tcpip.c.obj)
 .text.handle_at_accept
                0x000000000001f838      0x178 app/libapp.a(slm_at_tcpip.c.obj)
 .text.handle_at_listen
                0x000000000001f9b0       0xc4 app/libapp.a(slm_at_tcpip.c.obj)
 .text.handle_at_connect
                0x000000000001fa74      0x19c app/libapp.a(slm_at_tcpip.c.obj)
 .text.handle_at_bind
                0x000000000001fc10      0x148 app/libapp.a(slm_at_tcpip.c.obj)
 .text.handle_at_socket
                0x000000000001fd58      0x2c4 app/libapp.a(slm_at_tcpip.c.obj)
 .text.handle_at_tcp_recv
                0x000000000002001c       0xa0 app/libapp.a(slm_at_tcp_proxy.c.obj)
 .text.slm_at_tcp_proxy_parse
                0x00000000000200bc      0x130 app/libapp.a(slm_at_tcp_proxy.c.obj)
                0x00000000000200bc                slm_at_tcp_proxy_parse
 .text.slm_at_tcp_proxy_clac
                0x00000000000201ec       0x44 app/libapp.a(slm_at_tcp_proxy.c.obj)
                0x00000000000201ec                slm_at_tcp_proxy_clac
 .text.slm_at_tcp_proxy_init
                0x0000000000020230       0x18 app/libapp.a(slm_at_tcp_proxy.c.obj)
                0x0000000000020230                slm_at_tcp_proxy_init
 .text.do_tcp_client_disconnect
                0x0000000000020248       0x9c app/libapp.a(slm_at_tcp_proxy.c.obj)
 .text.handle_at_tcp_client
                0x00000000000202e4      0x380 app/libapp.a(slm_at_tcp_proxy.c.obj)
 .text.do_tcp_server_stop
                0x0000000000020664       0xb0 app/libapp.a(slm_at_tcp_proxy.c.obj)
 .text.do_tcp_send
                0x0000000000020714      0x148 app/libapp.a(slm_at_tcp_proxy.c.obj)
 .text.handle_at_tcp_send
                0x000000000002085c       0x90 app/libapp.a(slm_at_tcp_proxy.c.obj)
 .text.tcp_thread_func
                0x00000000000208ec      0x290 app/libapp.a(slm_at_tcp_proxy.c.obj)
 .text.handle_at_tcp_server
                0x0000000000020b7c      0x3b8 app/libapp.a(slm_at_tcp_proxy.c.obj)
 .text.slm_at_tcp_proxy_uninit
                0x0000000000020f34       0x1c app/libapp.a(slm_at_tcp_proxy.c.obj)
                0x0000000000020f34                slm_at_tcp_proxy_uninit
 .text.udp_thread_func
                0x0000000000020f50      0x110 app/libapp.a(slm_at_udp_proxy.c.obj)
 .text.slm_at_udp_proxy_parse
                0x0000000000021060       0xfc app/libapp.a(slm_at_udp_proxy.c.obj)
                0x0000000000021060                slm_at_udp_proxy_parse
 .text.slm_at_udp_proxy_clac
                0x000000000002115c       0x44 app/libapp.a(slm_at_udp_proxy.c.obj)
                0x000000000002115c                slm_at_udp_proxy_clac
 .text.slm_at_udp_proxy_init
                0x00000000000211a0       0x28 app/libapp.a(slm_at_udp_proxy.c.obj)
                0x00000000000211a0                slm_at_udp_proxy_init
 .text.do_udp_server_stop.part.0
                0x00000000000211c8       0x94 app/libapp.a(slm_at_udp_proxy.c.obj)
 .text.handle_at_udp_server
                0x000000000002125c      0x33c app/libapp.a(slm_at_udp_proxy.c.obj)
 .text.do_udp_send
                0x0000000000021598      0x110 app/libapp.a(slm_at_udp_proxy.c.obj)
 .text.handle_at_udp_send
                0x00000000000216a8       0x98 app/libapp.a(slm_at_udp_proxy.c.obj)
 .text.handle_at_udp_client
                0x0000000000021740      0x3e0 app/libapp.a(slm_at_udp_proxy.c.obj)
 .text.slm_at_udp_proxy_uninit
                0x0000000000021b20       0x5c app/libapp.a(slm_at_udp_proxy.c.obj)
                0x0000000000021b20                slm_at_udp_proxy_uninit
 .text.handle_at_icmp_ping
                0x0000000000021b7c      0x230 app/libapp.a(slm_at_icmp.c.obj)
 .text.send_ping_wait_reply
                0x0000000000021dac      0x2c4 app/libapp.a(slm_at_icmp.c.obj)
 .text.ping_task
                0x0000000000022070       0xbc app/libapp.a(slm_at_icmp.c.obj)
                0x0000000000022070                ping_task
 .text.slm_at_icmp_parse
                0x000000000002212c       0x5c app/libapp.a(slm_at_icmp.c.obj)
                0x000000000002212c                slm_at_icmp_parse
 .text.slm_at_icmp_clac
                0x0000000000022188       0x38 app/libapp.a(slm_at_icmp.c.obj)
                0x0000000000022188                slm_at_icmp_clac
 .text.slm_at_icmp_init
                0x00000000000221c0       0x18 app/libapp.a(slm_at_icmp.c.obj)
                0x00000000000221c0                slm_at_icmp_init
 .text.fota_dl_handler
                0x00000000000221d8       0x98 app/libapp.a(slm_at_fota.c.obj)
 .text.do_fota_start.isra.0
                0x0000000000022270      0x134 app/libapp.a(slm_at_fota.c.obj)
 .text.handle_at_fota
                0x00000000000223a4      0x1ac app/libapp.a(slm_at_fota.c.obj)
 .text.slm_at_fota_parse
                0x0000000000022550       0x5c app/libapp.a(slm_at_fota.c.obj)
                0x0000000000022550                slm_at_fota_parse
 .text.slm_at_fota_clac
                0x00000000000225ac       0x38 app/libapp.a(slm_at_fota.c.obj)
                0x00000000000225ac                slm_at_fota_clac
 .text.slm_at_fota_init
                0x00000000000225e4        0xc app/libapp.a(slm_at_fota.c.obj)
                0x00000000000225e4                slm_at_fota_init
 .text.handle_AT_HTTPC_REQUEST
                0x00000000000225f0      0x150 app/libapp.a(slm_at_httpc.c.obj)
 .text.do_http_request
                0x0000000000022740      0x134 app/libapp.a(slm_at_httpc.c.obj)
 .text.response_cb
                0x0000000000022874       0x90 app/libapp.a(slm_at_httpc.c.obj)
 .text.headers_cb
                0x0000000000022904       0x64 app/libapp.a(slm_at_httpc.c.obj)
 .text.resolve_and_connect.constprop.0
                0x0000000000022968      0x204 app/libapp.a(slm_at_httpc.c.obj)
 .text.do_http_disconnect
                0x0000000000022b6c       0x74 app/libapp.a(slm_at_httpc.c.obj)
 .text.httpc_thread_fn
                0x0000000000022be0       0x58 app/libapp.a(slm_at_httpc.c.obj)
 .text.payload_cb
                0x0000000000022c38      0x12c app/libapp.a(slm_at_httpc.c.obj)
 .text.handle_AT_HTTPC_CONNECT
                0x0000000000022d64      0x2e4 app/libapp.a(slm_at_httpc.c.obj)
 .text.slm_at_httpc_parse
                0x0000000000023048       0xc0 app/libapp.a(slm_at_httpc.c.obj)
                0x0000000000023048                slm_at_httpc_parse
 .text.slm_at_httpc_init
                0x0000000000023108       0x10 app/libapp.a(slm_at_httpc.c.obj)
                0x0000000000023108                slm_at_httpc_init
 .text.slm_at_httpc_uninit
                0x0000000000023118       0x40 app/libapp.a(slm_at_httpc.c.obj)
                0x0000000000023118                slm_at_httpc_uninit
 .text.slm_at_httpc_clac
                0x0000000000023158       0x5c app/libapp.a(slm_at_httpc.c.obj)
                0x0000000000023158                slm_at_httpc_clac
 .text._check_fd
                0x00000000000231b4       0x30 zephyr/libzephyr.a(fdtable.c.obj)
 .text.z_get_fd_obj
                0x00000000000231e4       0x38 zephyr/libzephyr.a(fdtable.c.obj)
                0x00000000000231e4                z_get_fd_obj
 .text.z_get_fd_obj_and_vtable
                0x000000000002321c       0x28 zephyr/libzephyr.a(fdtable.c.obj)
                0x000000000002321c                z_get_fd_obj_and_vtable
 .text.z_reserve_fd
                0x0000000000023244       0x64 zephyr/libzephyr.a(fdtable.c.obj)
                0x0000000000023244                z_reserve_fd
 .text.z_finalize_fd
                0x00000000000232a8       0x14 zephyr/libzephyr.a(fdtable.c.obj)
                0x00000000000232a8                z_finalize_fd
 .text.z_free_fd
                0x00000000000232bc       0x40 zephyr/libzephyr.a(fdtable.c.obj)
                0x00000000000232bc                z_free_fd
 .text.__printk_hook_install
                0x00000000000232fc        0xc zephyr/libzephyr.a(printk.c.obj)
                0x00000000000232fc                __printk_hook_install
 .text.vsnprintk
                0x0000000000023308       0x28 zephyr/libzephyr.a(printk.c.obj)
                0x0000000000023308                vsnprintk
 .text.process_event
                0x0000000000023330      0x1d0 zephyr/libzephyr.a(onoff.c.obj)
 .text.extract_decimal
                0x0000000000023500       0x2c zephyr/libzephyr.a(cbprintf_complete.c.obj)
 .text.extract_conversion
                0x000000000002352c      0x2d4 zephyr/libzephyr.a(cbprintf_complete.c.obj)
 .text.encode_uint
                0x0000000000023800       0xa0 zephyr/libzephyr.a(cbprintf_complete.c.obj)
 .text.cbvprintf
                0x00000000000238a0      0x958 zephyr/libzephyr.a(cbprintf_complete.c.obj)
                0x00000000000238a0                cbvprintf
 .text.nordicsemi_nrf91_init
                0x00000000000241f8       0x28 zephyr/libzephyr.a(soc.c.obj)
 .text.arch_busy_wait
                0x0000000000024220       0x14 zephyr/libzephyr.a(soc.c.obj)
                0x0000000000024220                arch_busy_wait
 .text.enable_logger
                0x0000000000024234       0x5c zephyr/libzephyr.a(log_core.c.obj)
 .text.log_process_thread_timer_expiry_fn
                0x0000000000024290        0xc zephyr/libzephyr.a(log_core.c.obj)
 .text.z_log_get_s_mask
                0x000000000002429c       0x48 zephyr/libzephyr.a(log_core.c.obj)
                0x000000000002429c                z_log_get_s_mask
 .text.log_core_init
                0x00000000000242e4       0x40 zephyr/libzephyr.a(log_core.c.obj)
                0x00000000000242e4                log_core_init
 .text.dropped_notify
                0x0000000000024324       0x44 zephyr/libzephyr.a(log_core.c.obj)
                0x0000000000024324                dropped_notify
 .text.log_dropped
                0x0000000000024368       0x18 zephyr/libzephyr.a(log_core.c.obj)
                0x0000000000024368                log_dropped
 .text.log_source_name_get
                0x0000000000024380       0x1c zephyr/libzephyr.a(log_core.c.obj)
                0x0000000000024380                log_source_name_get
 .text.log_backend_enable
                0x000000000002439c       0x34 zephyr/libzephyr.a(log_core.c.obj)
                0x000000000002439c                log_backend_enable
 .text.log_init
                0x00000000000243d0       0x4c zephyr/libzephyr.a(log_core.c.obj)
                0x00000000000243d0                log_init
 .text.log_strdup
                0x000000000002441c       0x68 zephyr/libzephyr.a(log_core.c.obj)
                0x000000000002441c                log_strdup
 .text.log_is_strdup
                0x0000000000024484       0x1c zephyr/libzephyr.a(log_core.c.obj)
                0x0000000000024484                log_is_strdup
 .text.z_impl_log_process
                0x00000000000244a0      0x168 zephyr/libzephyr.a(log_core.c.obj)
                0x00000000000244a0                z_impl_log_process
 .text.msg_finalize
                0x0000000000024608       0xbc zephyr/libzephyr.a(log_core.c.obj)
 .text.log_process_thread_func
                0x00000000000246c4       0x48 zephyr/libzephyr.a(log_core.c.obj)
 .text.z_impl_log_panic
                0x000000000002470c       0x48 zephyr/libzephyr.a(log_core.c.obj)
                0x000000000002470c                z_impl_log_panic
 .text.log_free
                0x0000000000024754       0x2c zephyr/libzephyr.a(log_core.c.obj)
                0x0000000000024754                log_free
 .text.log_msg_pool_init
                0x0000000000024780       0x14 zephyr/libzephyr.a(log_msg.c.obj)
                0x0000000000024780                log_msg_pool_init
 .text.log_msg_no_space_handle
                0x0000000000024794       0x30 zephyr/libzephyr.a(log_msg.c.obj)
                0x0000000000024794                log_msg_no_space_handle
 .text.log_msg_chunk_alloc
                0x00000000000247c4       0x28 zephyr/libzephyr.a(log_msg.c.obj)
                0x00000000000247c4                log_msg_chunk_alloc
 .text.msg_free
                0x00000000000247ec       0x7c zephyr/libzephyr.a(log_msg.c.obj)
 .text.print_formatted
                0x0000000000024868       0x24 zephyr/libzephyr.a(log_output.c.obj)
 .text.prefix_print
                0x000000000002488c      0x11c zephyr/libzephyr.a(log_output.c.obj)
 .text.postfix_print
                0x00000000000249a8       0x3c zephyr/libzephyr.a(log_output.c.obj)
 .text.hexdump_line_print
                0x00000000000249e4       0xe4 zephyr/libzephyr.a(log_output.c.obj)
 .text.log_output_msg_process
                0x0000000000024ac8       0xf8 zephyr/libzephyr.a(log_output.c.obj)
                0x0000000000024ac8                log_output_msg_process
 .text.log_output_dropped_process
                0x0000000000024bc0       0x58 zephyr/libzephyr.a(log_output.c.obj)
                0x0000000000024bc0                log_output_dropped_process
 .text.log_output_timestamp_freq_set
                0x0000000000024c18       0x30 zephyr/libzephyr.a(log_output.c.obj)
                0x0000000000024c18                log_output_timestamp_freq_set
 .text.log_backend_rtt_init
                0x0000000000024c48        0xc zephyr/libzephyr.a(log_backend_rtt.c.obj)
 .text.panic    0x0000000000024c54       0x14 zephyr/libzephyr.a(log_backend_rtt.c.obj)
 .text.dropped  0x0000000000024c68        0xc zephyr/libzephyr.a(log_backend_rtt.c.obj)
 .text.put      0x0000000000024c74       0x24 zephyr/libzephyr.a(log_backend_rtt.c.obj)
 .text.on_failed_write.part.0
                0x0000000000024c98       0x1c zephyr/libzephyr.a(log_backend_rtt.c.obj)
 .text.data_out_block_mode
                0x0000000000024cb4       0xa0 zephyr/libzephyr.a(log_backend_rtt.c.obj)
 .text.boot_request_upgrade
                0x0000000000024d54       0x64 zephyr/libzephyr.a(mcuboot.c.obj)
                0x0000000000024d54                boot_request_upgrade
 .text.z_impl_zsock_socket
                0x0000000000024db8       0x4c zephyr/libzephyr.a(sockets.c.obj)
                0x0000000000024db8                z_impl_zsock_socket
 .text.z_impl_zsock_poll
                0x0000000000024e04      0x1f8 zephyr/libzephyr.a(sockets.c.obj)
                0x0000000000024e04                z_impl_zsock_poll
 .text.socket_offload_dns_register
                0x0000000000024ffc        0xc zephyr/libzephyr.a(socket_offload.c.obj)
                0x0000000000024ffc                socket_offload_dns_register
 .text.socket_offload_getaddrinfo
                0x0000000000025008       0x14 zephyr/libzephyr.a(socket_offload.c.obj)
                0x0000000000025008                socket_offload_getaddrinfo
 .text.socket_offload_freeaddrinfo
                0x000000000002501c        0xc zephyr/libzephyr.a(socket_offload.c.obj)
                0x000000000002501c                socket_offload_freeaddrinfo
 .text.get_flash_area_from_id
                0x0000000000025028       0x30 zephyr/libzephyr.a(flash_map.c.obj)
 .text.flash_area_open
                0x0000000000025058       0x28 zephyr/libzephyr.a(flash_map.c.obj)
                0x0000000000025058                flash_area_open
 .text.find_flash_total_size
                0x0000000000025080       0x3c zephyr/libzephyr.a(stream_flash.c.obj)
 .text.stream_flash_erase_page
                0x00000000000250bc       0x8c zephyr/libzephyr.a(stream_flash.c.obj)
                0x00000000000250bc                stream_flash_erase_page
 .text.flash_sync
                0x0000000000025148       0xf8 zephyr/libzephyr.a(stream_flash.c.obj)
 .text.stream_flash_init
                0x0000000000025240       0xc8 zephyr/libzephyr.a(stream_flash.c.obj)
                0x0000000000025240                stream_flash_init
 .text.sys_pm_create_device_list
                0x0000000000025308       0x98 zephyr/libzephyr.a(device.c.obj)
                0x0000000000025308                sys_pm_create_device_list
 .text.sys_reboot
                0x00000000000253a0       0x30 zephyr/libzephyr.a(reboot.c.obj)
                0x00000000000253a0                sys_reboot
 .text.rtt_console_init
                0x00000000000253d0       0x18 zephyr/libzephyr.a(rtt_console.c.obj)
 .text.rtt_console_out
                0x00000000000253e8       0x6c zephyr/libzephyr.a(rtt_console.c.obj)
 .text.onoff_stop
                0x0000000000025454       0x48 zephyr/libzephyr.a(clock_control_nrf.c.obj)
 .text.onoff_start
                0x000000000002549c       0x54 zephyr/libzephyr.a(clock_control_nrf.c.obj)
 .text.clk_init
                0x00000000000254f0       0x60 zephyr/libzephyr.a(clock_control_nrf.c.obj)
 .text.clkstarted_handle.constprop.0
                0x0000000000025550       0x3c zephyr/libzephyr.a(clock_control_nrf.c.obj)
 .text.clock_event_handler
                0x000000000002558c       0x1c zephyr/libzephyr.a(clock_control_nrf.c.obj)
 .text.generic_hfclk_start
                0x00000000000255a8       0x64 zephyr/libzephyr.a(clock_control_nrf.c.obj)
 .text.generic_hfclk_stop
                0x000000000002560c       0x24 zephyr/libzephyr.a(clock_control_nrf.c.obj)
 .text.api_blocking_start
                0x0000000000025630       0x3c zephyr/libzephyr.a(clock_control_nrf.c.obj)
 .text.z_nrf_clock_control_get_onoff
                0x000000000002566c       0x10 zephyr/libzephyr.a(clock_control_nrf.c.obj)
                0x000000000002566c                z_nrf_clock_control_get_onoff
 .text.z_nrf_clock_control_lf_on
                0x000000000002567c      0x104 zephyr/libzephyr.a(clock_control_nrf.c.obj)
                0x000000000002567c                z_nrf_clock_control_lf_on
 .text.handle_next_cycle_case
                0x0000000000025780       0x28 zephyr/libzephyr.a(nrf_rtc_timer.c.obj)
 .text.rtc_nrf_isr
                0x00000000000257a8       0x2c zephyr/libzephyr.a(nrf_rtc_timer.c.obj)
                0x00000000000257a8                rtc_nrf_isr
 .text.z_clock_driver_init
                0x00000000000257d4       0x54 zephyr/libzephyr.a(nrf_rtc_timer.c.obj)
                0x00000000000257d4                z_clock_driver_init
 .text.z_clock_set_timeout
                0x0000000000025828       0xd0 zephyr/libzephyr.a(nrf_rtc_timer.c.obj)
                0x0000000000025828                z_clock_set_timeout
 .text.z_clock_elapsed
                0x00000000000258f8       0x34 zephyr/libzephyr.a(nrf_rtc_timer.c.obj)
                0x00000000000258f8                z_clock_elapsed
 .text.z_timer_cycle_get_32
                0x000000000002592c       0x34 zephyr/libzephyr.a(nrf_rtc_timer.c.obj)
                0x000000000002592c                z_timer_cycle_get_32
 .text._DoInit  0x0000000000025960       0x60 zephyr/libzephyr.a(SEGGER_RTT.c.obj)
 .text.SEGGER_RTT_WriteSkipNoLock
                0x00000000000259c0       0x98 zephyr/libzephyr.a(SEGGER_RTT.c.obj)
                0x00000000000259c0                SEGGER_RTT_WriteSkipNoLock
 .text.SEGGER_RTT_WriteNoLock
                0x0000000000025a58       0x68 zephyr/libzephyr.a(SEGGER_RTT.c.obj)
                0x0000000000025a58                SEGGER_RTT_WriteNoLock
 .text.SEGGER_RTT_HasDataUp
                0x0000000000025ac0       0x14 zephyr/libzephyr.a(SEGGER_RTT.c.obj)
                0x0000000000025ac0                SEGGER_RTT_HasDataUp
 .text.arch_swap
                0x0000000000025ad4       0x38 zephyr/arch/arch/arm/core/aarch32/libarch__arm__core__aarch32.a(swap.c.obj)
                0x0000000000025ad4                arch_swap
 .text.z_arm_pendsv
                0x0000000000025b0c       0xa4 zephyr/arch/arch/arm/core/aarch32/libarch__arm__core__aarch32.a(swap_helper.S.obj)
                0x0000000000025b0c                z_arm_pendsv
 .text.z_arm_svc
                0x0000000000025bb0       0x20 zephyr/arch/arch/arm/core/aarch32/libarch__arm__core__aarch32.a(swap_helper.S.obj)
                0x0000000000025bb0                z_arm_svc
 .text.arch_irq_enable
                0x0000000000025bd0       0x20 zephyr/arch/arch/arm/core/aarch32/libarch__arm__core__aarch32.a(irq_manage.c.obj)
                0x0000000000025bd0                arch_irq_enable
 .text.arch_irq_disable
                0x0000000000025bf0       0x28 zephyr/arch/arch/arm/core/aarch32/libarch__arm__core__aarch32.a(irq_manage.c.obj)
                0x0000000000025bf0                arch_irq_disable
 .text.arch_irq_is_enabled
                0x0000000000025c18       0x1c zephyr/arch/arch/arm/core/aarch32/libarch__arm__core__aarch32.a(irq_manage.c.obj)
                0x0000000000025c18                arch_irq_is_enabled
 .text.z_arm_irq_priority_set
                0x0000000000025c34       0x2c zephyr/arch/arch/arm/core/aarch32/libarch__arm__core__aarch32.a(irq_manage.c.obj)
                0x0000000000025c34                z_arm_irq_priority_set
 .text._arch_isr_direct_pm
                0x0000000000025c60       0x1c zephyr/arch/arch/arm/core/aarch32/libarch__arm__core__aarch32.a(irq_manage.c.obj)
                0x0000000000025c60                _arch_isr_direct_pm
 .text.arch_new_thread
                0x0000000000025c7c       0x3c zephyr/arch/arch/arm/core/aarch32/libarch__arm__core__aarch32.a(thread.c.obj)
                0x0000000000025c7c                arch_new_thread
 .text.arch_switch_to_main_thread
                0x0000000000025cb8       0x44 zephyr/arch/arch/arm/core/aarch32/libarch__arm__core__aarch32.a(thread.c.obj)
                0x0000000000025cb8                arch_switch_to_main_thread
 .text.z_arm_cpu_idle_init
                0x0000000000025cfc        0xc zephyr/arch/arch/arm/core/aarch32/libarch__arm__core__aarch32.a(cpu_idle.S.obj)
                0x0000000000025cfc                z_arm_cpu_idle_init
 .text.arch_cpu_idle
                0x0000000000025d08       0x1c zephyr/arch/arch/arm/core/aarch32/libarch__arm__core__aarch32.a(cpu_idle.S.obj)
                0x0000000000025d08                arch_cpu_idle
 .text.arch_cpu_atomic_idle
                0x0000000000025d24       0x14 zephyr/arch/arch/arm/core/aarch32/libarch__arm__core__aarch32.a(cpu_idle.S.obj)
                0x0000000000025d24                arch_cpu_atomic_idle
 .text.z_arm_fatal_error
                0x0000000000025d38       0xe8 zephyr/arch/arch/arm/core/aarch32/libarch__arm__core__aarch32.a(fatal.c.obj)
                0x0000000000025d38                z_arm_fatal_error
 .text.z_SysNmiOnReset
                0x0000000000025e20        0x8 zephyr/arch/arch/arm/core/aarch32/libarch__arm__core__aarch32.a(nmi_on_reset.S.obj)
                0x0000000000025e20                z_SysNmiOnReset
 .text.z_arm_prep_c
                0x0000000000025e28       0x5c zephyr/arch/arch/arm/core/aarch32/libarch__arm__core__aarch32.a(prep_c.c.obj)
                0x0000000000025e28                z_arm_prep_c
 .text._isr_wrapper
                0x0000000000025e84       0x40 zephyr/arch/arch/arm/core/aarch32/libarch__arm__core__aarch32.a(isr_wrapper.S.obj)
                0x0000000000025e84                _isr_wrapper
 .text._reset_section
                0x0000000000025ec4       0x60 zephyr/arch/arch/arm/core/aarch32/cortex_m/libarch__arm__core__aarch32__cortex_m.a(reset.S.obj)
                0x0000000000025ec4                z_arm_reset
                0x0000000000025ec4                __start
 .text.__fault  0x0000000000025f24       0x14 zephyr/arch/arch/arm/core/aarch32/cortex_m/libarch__arm__core__aarch32__cortex_m.a(fault_s.S.obj)
                0x0000000000025f24                z_arm_bus_fault
                0x0000000000025f24                z_arm_usage_fault
                0x0000000000025f24                z_arm_mpu_fault
                0x0000000000025f24                z_arm_exc_spurious
                0x0000000000025f24                z_arm_debug_monitor
                0x0000000000025f24                z_arm_hard_fault
 .text.usage_fault.isra.0
                0x0000000000025f38       0xcc zephyr/arch/arch/arm/core/aarch32/cortex_m/libarch__arm__core__aarch32__cortex_m.a(fault.c.obj)
 .text.mem_manage_fault.isra.0
                0x0000000000026004       0xcc zephyr/arch/arch/arm/core/aarch32/cortex_m/libarch__arm__core__aarch32__cortex_m.a(fault.c.obj)
 .text.bus_fault.isra.0
                0x00000000000260d0       0xdc zephyr/arch/arch/arm/core/aarch32/cortex_m/libarch__arm__core__aarch32__cortex_m.a(fault.c.obj)
 .text.z_arm_fault
                0x00000000000261ac      0x1a8 zephyr/arch/arch/arm/core/aarch32/cortex_m/libarch__arm__core__aarch32__cortex_m.a(fault.c.obj)
                0x00000000000261ac                z_arm_fault
 .text.z_arm_fault_init
                0x0000000000026354       0x10 zephyr/arch/arch/arm/core/aarch32/cortex_m/libarch__arm__core__aarch32__cortex_m.a(fault.c.obj)
                0x0000000000026354                z_arm_fault_init
 .text._HandlerModeExit
                0x0000000000026364       0x28 zephyr/arch/arch/arm/core/aarch32/cortex_m/libarch__arm__core__aarch32__cortex_m.a(exc_exit.S.obj)
                0x0000000000026364                z_arm_exc_exit
                0x0000000000026364                z_arm_int_exit
 .text.sys_arch_reboot
                0x000000000002638c       0x24 zephyr/arch/arch/arm/core/aarch32/cortex_m/libarch__arm__core__aarch32__cortex_m.a(scb.c.obj)
                0x000000000002638c                sys_arch_reboot
 .text.z_arm_clear_arm_mpu_config
                0x00000000000263b0       0x20 zephyr/arch/arch/arm/core/aarch32/cortex_m/libarch__arm__core__aarch32__cortex_m.a(scb.c.obj)
                0x00000000000263b0                z_arm_clear_arm_mpu_config
 .text.z_arm_init_arch_hw_at_boot
                0x00000000000263d0       0x4c zephyr/arch/arch/arm/core/aarch32/cortex_m/libarch__arm__core__aarch32__cortex_m.a(scb.c.obj)
                0x00000000000263d0                z_arm_init_arch_hw_at_boot
 .text.z_arm_interrupt_init
                0x000000000002641c       0x18 zephyr/arch/arch/arm/core/aarch32/cortex_m/libarch__arm__core__aarch32__cortex_m.a(irq_init.c.obj)
                0x000000000002641c                z_arm_interrupt_init
 .text.z_impl_k_thread_abort
                0x0000000000026434       0x44 zephyr/arch/arch/arm/core/aarch32/cortex_m/libarch__arm__core__aarch32__cortex_m.a(thread_abort.c.obj)
                0x0000000000026434                z_impl_k_thread_abort
 .text.z_arm_configure_static_mpu_regions
                0x0000000000026478       0x54 zephyr/arch/arch/arm/core/aarch32/cortex_m/mpu/libarch__arm__core__aarch32__cortex_m__mpu.a(arm_core_mpu.c.obj)
                0x0000000000026478                z_arm_configure_static_mpu_regions
 .text.region_init
                0x00000000000264cc       0x30 zephyr/arch/arch/arm/core/aarch32/cortex_m/mpu/libarch__arm__core__aarch32__cortex_m__mpu.a(arm_mpu.c.obj)
 .text.region_allocate_and_init
                0x00000000000264fc       0x34 zephyr/arch/arch/arm/core/aarch32/cortex_m/mpu/libarch__arm__core__aarch32__cortex_m__mpu.a(arm_mpu.c.obj)
 .text.mpu_configure_regions_and_partition.constprop.0
                0x0000000000026530      0x168 zephyr/arch/arch/arm/core/aarch32/cortex_m/mpu/libarch__arm__core__aarch32__cortex_m__mpu.a(arm_mpu.c.obj)
 .text.arm_core_mpu_enable
                0x0000000000026698       0x14 zephyr/arch/arch/arm/core/aarch32/cortex_m/mpu/libarch__arm__core__aarch32__cortex_m__mpu.a(arm_mpu.c.obj)
                0x0000000000026698                arm_core_mpu_enable
 .text.arm_core_mpu_disable
                0x00000000000266ac       0x10 zephyr/arch/arch/arm/core/aarch32/cortex_m/mpu/libarch__arm__core__aarch32__cortex_m__mpu.a(arm_mpu.c.obj)
                0x00000000000266ac                arm_core_mpu_disable
 .text.arm_mpu_init
                0x00000000000266bc       0x4c zephyr/arch/arch/arm/core/aarch32/cortex_m/mpu/libarch__arm__core__aarch32__cortex_m__mpu.a(arm_mpu.c.obj)
 .text.arm_core_mpu_configure_static_mpu_regions
                0x0000000000026708       0x14 zephyr/arch/arch/arm/core/aarch32/cortex_m/mpu/libarch__arm__core__aarch32__cortex_m__mpu.a(arm_mpu.c.obj)
                0x0000000000026708                arm_core_mpu_configure_static_mpu_regions
 .text.arm_core_mpu_mark_areas_for_dynamic_regions
                0x000000000002671c       0xac zephyr/arch/arch/arm/core/aarch32/cortex_m/mpu/libarch__arm__core__aarch32__cortex_m__mpu.a(arm_mpu.c.obj)
                0x000000000002671c                arm_core_mpu_mark_areas_for_dynamic_regions
 .text.__stdout_hook_install
                0x00000000000267c8        0xc zephyr/lib/libc/newlib/liblib__libc__newlib.a(libc-hooks.c.obj)
                0x00000000000267c8                __stdout_hook_install
 .text.z_impl_zephyr_write_stdout
                0x00000000000267d4       0x30 zephyr/lib/libc/newlib/liblib__libc__newlib.a(libc-hooks.c.obj)
                0x00000000000267d4                z_impl_zephyr_write_stdout
 .text._sbrk    0x0000000000026804       0x44 zephyr/lib/libc/newlib/liblib__libc__newlib.a(libc-hooks.c.obj)
                0x0000000000026804                _sbrk
                0x0000000000026804                sbrk
 .text.__chk_fail
                0x0000000000026848       0x1c zephyr/lib/libc/newlib/liblib__libc__newlib.a(libc-hooks.c.obj)
                0x0000000000026848                __chk_fail
 .text.board_circuitdojo_feather_nrf9160_init
                0x0000000000026864       0x34 zephyr/boards/arm/circuitdojo_feather_nrf9160/libboards__arm__circuitdojo_feather_nrf9160.a(board.c.obj)
 .text.net_if_init
                0x0000000000026898       0x2c zephyr/subsys/net/ip/libsubsys__net__ip.a(net_if.c.obj)
                0x0000000000026898                net_if_init
 .text.net_if_post_init
                0x00000000000268c4       0x2c zephyr/subsys/net/ip/libsubsys__net__ip.a(net_if.c.obj)
                0x00000000000268c4                net_if_post_init
 .text.z_impl_net_addr_ntop
                0x00000000000268f0      0x1cc zephyr/subsys/net/ip/libsubsys__net__ip.a(utils.c.obj)
                0x00000000000268f0                z_impl_net_addr_ntop
 .text.http_parser_execute
                0x0000000000026abc     0x130c zephyr/subsys/net/lib/http/libsubsys__net__lib__http.a(http_parser.c.obj)
                0x0000000000026abc                http_parser_execute
 .text.http_method_str
                0x0000000000027dc8       0x18 zephyr/subsys/net/lib/http/libsubsys__net__lib__http.a(http_parser.c.obj)
                0x0000000000027dc8                http_method_str
 .text.parse_url_char
                0x0000000000027de0      0x1a8 zephyr/subsys/net/lib/http/libsubsys__net__lib__http.a(http_parser_url.c.obj)
                0x0000000000027de0                parse_url_char
 .text.http_parser_parse_url
                0x0000000000027f88      0x2ac zephyr/subsys/net/lib/http/libsubsys__net__lib__http.a(http_parser_url.c.obj)
                0x0000000000027f88                http_parser_parse_url
 .text.on_header_field
                0x0000000000028234       0x44 zephyr/subsys/net/lib/http/libsubsys__net__lib__http.a(http_client.c.obj)
 .text.http_client_req
                0x0000000000028278      0x400 zephyr/subsys/net/lib/http/libsubsys__net__lib__http.a(http_client.c.obj)
                0x0000000000028278                http_client_req
 .text.nrf_gpio_cfg_sense_set
                0x0000000000028678       0x20 zephyr/drivers/gpio/libdrivers__gpio.a(gpio_nrfx.c.obj)
 .text.gpio_nrfx_init
                0x0000000000028698       0x30 zephyr/drivers/gpio/libdrivers__gpio.a(gpio_nrfx.c.obj)
 .text.gpio_nrfx_config
                0x00000000000286c8       0xb4 zephyr/drivers/gpio/libdrivers__gpio.a(gpio_nrfx.c.obj)
 .text.gpio_nrfx_pin_interrupt_configure
                0x000000000002877c      0x1e4 zephyr/drivers/gpio/libdrivers__gpio.a(gpio_nrfx.c.obj)
 .text.gpiote_event_handler
                0x0000000000028960      0x11c zephyr/drivers/gpio/libdrivers__gpio.a(gpio_nrfx.c.obj)
 .text.flash_nrf_pages_layout
                0x0000000000028a7c       0x10 zephyr/drivers/flash/libdrivers__flash.a(soc_flash_nrf.c.obj)
 .text.flash_nrf_get_parameters
                0x0000000000028a8c        0x8 zephyr/drivers/flash/libdrivers__flash.a(soc_flash_nrf.c.obj)
 .text.flash_nrf_read
                0x0000000000028a94       0x60 zephyr/drivers/flash/libdrivers__flash.a(soc_flash_nrf.c.obj)
 .text.flash_nrf_erase
                0x0000000000028af4       0xa4 zephyr/drivers/flash/libdrivers__flash.a(soc_flash_nrf.c.obj)
 .text.nrf_flash_init
                0x0000000000028b98       0x28 zephyr/drivers/flash/libdrivers__flash.a(soc_flash_nrf.c.obj)
 .text.flash_nrf_write
                0x0000000000028bc0       0xa8 zephyr/drivers/flash/libdrivers__flash.a(soc_flash_nrf.c.obj)
 .text.uarte_nrfx_configure
                0x0000000000028c68      0x16c zephyr/drivers/serial/libdrivers__serial.a(uart_nrfx_uarte.c.obj)
 .text.uarte_nrfx_poll_out
                0x0000000000028dd4       0xdc zephyr/drivers/serial/libdrivers__serial.a(uart_nrfx_uarte.c.obj)
 .text.uarte_nrfx_isr_async
                0x0000000000028eb0      0x398 zephyr/drivers/serial/libdrivers__serial.a(uart_nrfx_uarte.c.obj)
 .text.uarte_instance_init.isra.0
                0x0000000000029248      0x294 zephyr/drivers/serial/libdrivers__serial.a(uart_nrfx_uarte.c.obj)
 .text.uarte_0_init
                0x00000000000294dc       0x30 zephyr/drivers/serial/libdrivers__serial.a(uart_nrfx_uarte.c.obj)
 .text.uarte_1_init
                0x000000000002950c       0x30 zephyr/drivers/serial/libdrivers__serial.a(uart_nrfx_uarte.c.obj)
 .text.uarte_2_init
                0x000000000002953c       0x30 zephyr/drivers/serial/libdrivers__serial.a(uart_nrfx_uarte.c.obj)
 .text.uarte_nrfx_pins_enable
                0x000000000002956c       0xa4 zephyr/drivers/serial/libdrivers__serial.a(uart_nrfx_uarte.c.obj)
 .text._bsdlib_init
                0x0000000000029610       0x88 modules/nrf/lib/bsdlib/lib..__nrf__lib__bsdlib.a(bsdlib.c.obj)
 .text.bsdlib_shutdown_wait
                0x0000000000029698       0x94 modules/nrf/lib/bsdlib/lib..__nrf__lib__bsdlib.a(bsdlib.c.obj)
                0x0000000000029698                bsdlib_shutdown_wait
 .text.bsdlib_get_init_ret
                0x000000000002972c        0xc modules/nrf/lib/bsdlib/lib..__nrf__lib__bsdlib.a(bsdlib.c.obj)
                0x000000000002972c                bsdlib_get_init_ret
 .text.thread_monitor_entry_get
                0x0000000000029738       0x40 modules/nrf/lib/bsdlib/lib..__nrf__lib__bsdlib.a(bsd_os.c.obj)
 .text.rpc_proxy_irq_handler
                0x0000000000029778       0x50 modules/nrf/lib/bsdlib/lib..__nrf__lib__bsdlib.a(bsd_os.c.obj)
                0x0000000000029778                rpc_proxy_irq_handler
 .text.bsd_os_timedwait
                0x00000000000297c8      0x170 modules/nrf/lib/bsdlib/lib..__nrf__lib__bsdlib.a(bsd_os.c.obj)
                0x00000000000297c8                bsd_os_timedwait
 .text.bsd_os_errno_set
                0x0000000000029938      0x2e8 modules/nrf/lib/bsdlib/lib..__nrf__lib__bsdlib.a(bsd_os.c.obj)
                0x0000000000029938                bsd_os_errno_set
 .text.bsd_os_application_irq_set
                0x0000000000029c20       0x10 modules/nrf/lib/bsdlib/lib..__nrf__lib__bsdlib.a(bsd_os.c.obj)
                0x0000000000029c20                bsd_os_application_irq_set
 .text.bsd_os_application_irq_clear
                0x0000000000029c30       0x10 modules/nrf/lib/bsdlib/lib..__nrf__lib__bsdlib.a(bsd_os.c.obj)
                0x0000000000029c30                bsd_os_application_irq_clear
 .text.bsd_os_trace_irq_set
                0x0000000000029c40       0x10 modules/nrf/lib/bsdlib/lib..__nrf__lib__bsdlib.a(bsd_os.c.obj)
                0x0000000000029c40                bsd_os_trace_irq_set
 .text.bsd_os_trace_irq_clear
                0x0000000000029c50       0x10 modules/nrf/lib/bsdlib/lib..__nrf__lib__bsdlib.a(bsd_os.c.obj)
                0x0000000000029c50                bsd_os_trace_irq_clear
 .text.bsd_os_init
                0x0000000000029c60       0x2c modules/nrf/lib/bsdlib/lib..__nrf__lib__bsdlib.a(bsd_os.c.obj)
                0x0000000000029c60                bsd_os_init
 .text.z_to_nrf_optname
                0x0000000000029c8c      0x148 modules/nrf/lib/bsdlib/lib..__nrf__lib__bsdlib.a(nrf91_sockets.c.obj)
 .text.nrf91_socket_offload_ioctl
                0x0000000000029dd4      0x148 modules/nrf/lib/bsdlib/lib..__nrf__lib__bsdlib.a(nrf91_sockets.c.obj)
 .text.nrf91_socket_iface_init
                0x0000000000029f1c       0x18 modules/nrf/lib/bsdlib/lib..__nrf__lib__bsdlib.a(nrf91_sockets.c.obj)
 .text.nrf91_socket_offload_accept
                0x0000000000029f34       0x9c modules/nrf/lib/bsdlib/lib..__nrf__lib__bsdlib.a(nrf91_sockets.c.obj)
 .text.nrf91_socket_offload_sendmsg
                0x0000000000029fd0      0x108 modules/nrf/lib/bsdlib/lib..__nrf__lib__bsdlib.a(nrf91_sockets.c.obj)
 .text.nrf91_socket_create
                0x000000000002a0d8       0x74 modules/nrf/lib/bsdlib/lib..__nrf__lib__bsdlib.a(nrf91_sockets.c.obj)
 .text.open_socket
                0x000000000002a14c       0x28 modules/nrf/lib/at_cmd/lib..__nrf__lib__at_cmd.a(at_cmd.c.obj)
 .text.at_cmd_driver_init
                0x000000000002a174       0x80 modules/nrf/lib/at_cmd/lib..__nrf__lib__at_cmd.a(at_cmd.c.obj)
 .text.complete_cmd
                0x000000000002a1f4       0x2c modules/nrf/lib/at_cmd/lib..__nrf__lib__at_cmd.a(at_cmd.c.obj)
 .text.load_cmd_and_write
                0x000000000002a220       0xf4 modules/nrf/lib/at_cmd/lib..__nrf__lib__at_cmd.a(at_cmd.c.obj)
 .text.socket_thread_fn
                0x000000000002a314      0x270 modules/nrf/lib/at_cmd/lib..__nrf__lib__at_cmd.a(at_cmd.c.obj)
 .text.at_cmd_write
                0x000000000002a584       0xf4 modules/nrf/lib/at_cmd/lib..__nrf__lib__at_cmd.a(at_cmd.c.obj)
                0x000000000002a584                at_cmd_write
 .text.at_cmd_set_notification_handler
                0x000000000002a678       0x38 modules/nrf/lib/at_cmd/lib..__nrf__lib__at_cmd.a(at_cmd.c.obj)
                0x000000000002a678                at_cmd_set_notification_handler
 .text.find_node
                0x000000000002a6b0       0x44 modules/nrf/lib/at_notif/lib..__nrf__lib__at_notif.a(at_notif.c.obj)
 .text.module_init
                0x000000000002a6f4       0x4c modules/nrf/lib/at_notif/lib..__nrf__lib__at_notif.a(at_notif.c.obj)
 .text.k_mutex_unlock.constprop.0
                0x000000000002a740        0xc modules/nrf/lib/at_notif/lib..__nrf__lib__at_notif.a(at_notif.c.obj)
 .text.notif_dispatch
                0x000000000002a74c       0x4c modules/nrf/lib/at_notif/lib..__nrf__lib__at_notif.a(at_notif.c.obj)
 .text.at_notif_register_handler
                0x000000000002a798       0x94 modules/nrf/lib/at_notif/lib..__nrf__lib__at_notif.a(at_notif.c.obj)
                0x000000000002a798                at_notif_register_handler
 .text.at_notif_deregister_handler
                0x000000000002a82c       0xa4 modules/nrf/lib/at_notif/lib..__nrf__lib__at_notif.a(at_notif.c.obj)
                0x000000000002a82c                at_notif_deregister_handler
 .text.is_valid_notification_char
                0x000000000002a8d0       0x20 modules/nrf/lib/at_cmd_parser/lib..__nrf__lib__at_cmd_parser.a(at_cmd_parser.c.obj)
 .text.at_parse_process_element
                0x000000000002a8f0      0x1bc modules/nrf/lib/at_cmd_parser/lib..__nrf__lib__at_cmd_parser.a(at_cmd_parser.c.obj)
 .text.is_command
                0x000000000002aaac       0x60 modules/nrf/lib/at_cmd_parser/lib..__nrf__lib__at_cmd_parser.a(at_cmd_parser.c.obj)
 .text.at_parse_detect_type
                0x000000000002ab0c       0xc0 modules/nrf/lib/at_cmd_parser/lib..__nrf__lib__at_cmd_parser.a(at_cmd_parser.c.obj)
 .text.at_parser_max_params_from_str
                0x000000000002abcc      0x120 modules/nrf/lib/at_cmd_parser/lib..__nrf__lib__at_cmd_parser.a(at_cmd_parser.c.obj)
                0x000000000002abcc                at_parser_max_params_from_str
 .text.lte_lc_power_off
                0x000000000002acec       0x1c modules/nrf/lib/lte_link_control/lib..__nrf__lib__lte_link_control.a(lte_lc.c.obj)
                0x000000000002acec                lte_lc_power_off
 .text.modem_info_parse.isra.0
                0x000000000002ad08       0x30 modules/nrf/lib/modem_info/lib..__nrf__lib__modem_info.a(modem_info.c.obj)
 .text.modem_info_type_get
                0x000000000002ad38       0x14 modules/nrf/lib/modem_info/lib..__nrf__lib__modem_info.a(modem_info.c.obj)
                0x000000000002ad38                modem_info_type_get
 .text.modem_info_short_get
                0x000000000002ad4c       0x68 modules/nrf/lib/modem_info/lib..__nrf__lib__modem_info.a(modem_info.c.obj)
                0x000000000002ad4c                modem_info_short_get
 .text.modem_info_string_get
                0x000000000002adb4      0x228 modules/nrf/lib/modem_info/lib..__nrf__lib__modem_info.a(modem_info.c.obj)
                0x000000000002adb4                modem_info_string_get
 .text.modem_info_init
                0x000000000002afdc        0xc modules/nrf/lib/modem_info/lib..__nrf__lib__modem_info.a(modem_info.c.obj)
                0x000000000002afdc                modem_info_init
 .text.modem_data_get
                0x000000000002afe8       0x7c modules/nrf/lib/modem_info/lib..__nrf__lib__modem_info.a(modem_info_params.c.obj)
 .text.modem_info_params_init
                0x000000000002b064       0xa4 modules/nrf/lib/modem_info/lib..__nrf__lib__modem_info.a(modem_info_params.c.obj)
                0x000000000002b064                modem_info_params_init
 .text.modem_info_params_get
                0x000000000002b108      0x1c4 modules/nrf/lib/modem_info/lib..__nrf__lib__modem_info.a(modem_info_params.c.obj)
                0x000000000002b108                modem_info_params_get
 .text.k_sys_fatal_error_handler
                0x000000000002b2cc       0x2c modules/nrf/lib/fatal_error/lib..__nrf__lib__fatal_error.a(fatal_error.c.obj)
                0x000000000002b2cc                k_sys_fatal_error_handler
 .text.download_client_init
                0x000000000002b2f8       0x54 modules/nrf/subsys/net/lib/download_client/lib..__nrf__subsys__net__lib__download_client.a(download_client.c.obj)
                0x000000000002b2f8                download_client_init
 .text.download_client_connect
                0x000000000002b34c      0x3c4 modules/nrf/subsys/net/lib/download_client/lib..__nrf__subsys__net__lib__download_client.a(download_client.c.obj)
                0x000000000002b34c                download_client_connect
 .text.download_client_disconnect
                0x000000000002b710       0x54 modules/nrf/subsys/net/lib/download_client/lib..__nrf__subsys__net__lib__download_client.a(download_client.c.obj)
                0x000000000002b710                download_client_disconnect
 .text.reconnect
                0x000000000002b764       0x40 modules/nrf/subsys/net/lib/download_client/lib..__nrf__subsys__net__lib__download_client.a(download_client.c.obj)
 .text.download_thread
                0x000000000002b7a4      0x1f8 modules/nrf/subsys/net/lib/download_client/lib..__nrf__subsys__net__lib__download_client.a(download_client.c.obj)
                0x000000000002b7a4                download_thread
 .text.download_client_start
                0x000000000002b99c       0x74 modules/nrf/subsys/net/lib/download_client/lib..__nrf__subsys__net__lib__download_client.a(download_client.c.obj)
                0x000000000002b99c                download_client_start
 .text.url_parse_proto
                0x000000000002ba10       0x6c modules/nrf/subsys/net/lib/download_client/lib..__nrf__subsys__net__lib__download_client.a(parse.c.obj)
                0x000000000002ba10                url_parse_proto
 .text.url_parse_host
                0x000000000002ba7c       0x54 modules/nrf/subsys/net/lib/download_client/lib..__nrf__subsys__net__lib__download_client.a(parse.c.obj)
                0x000000000002ba7c                url_parse_host
 .text.url_parse_port
                0x000000000002bad0       0x6c modules/nrf/subsys/net/lib/download_client/lib..__nrf__subsys__net__lib__download_client.a(parse.c.obj)
                0x000000000002bad0                url_parse_port
 .text.url_parse_file
                0x000000000002bb3c       0x68 modules/nrf/subsys/net/lib/download_client/lib..__nrf__subsys__net__lib__download_client.a(parse.c.obj)
                0x000000000002bb3c                url_parse_file
 .text.http_get_request_send
                0x000000000002bba4       0x9c modules/nrf/subsys/net/lib/download_client/lib..__nrf__subsys__net__lib__download_client.a(http.c.obj)
                0x000000000002bba4                http_get_request_send
 .text.http_parse
                0x000000000002bc40      0x184 modules/nrf/subsys/net/lib/download_client/lib..__nrf__subsys__net__lib__download_client.a(http.c.obj)
                0x000000000002bc40                http_parse
 .text.send_evt
                0x000000000002bdc4       0x20 modules/nrf/subsys/net/lib/fota_download/lib..__nrf__subsys__net__lib__fota_download.a(fota_download.c.obj)
 .text.send_error_evt
                0x000000000002bde4       0x24 modules/nrf/subsys/net/lib/fota_download/lib..__nrf__subsys__net__lib__fota_download.a(fota_download.c.obj)
 .text.download_with_offset
                0x000000000002be08       0x8c modules/nrf/subsys/net/lib/fota_download/lib..__nrf__subsys__net__lib__fota_download.a(fota_download.c.obj)
 .text.download_client_callback
                0x000000000002be94      0x240 modules/nrf/subsys/net/lib/fota_download/lib..__nrf__subsys__net__lib__fota_download.a(fota_download.c.obj)
 .text.fota_download_start
                0x000000000002c0d4       0x58 modules/nrf/subsys/net/lib/fota_download/lib..__nrf__subsys__net__lib__fota_download.a(fota_download.c.obj)
                0x000000000002c0d4                fota_download_start
 .text.fota_download_init
                0x000000000002c12c       0x38 modules/nrf/subsys/net/lib/fota_download/lib..__nrf__subsys__net__lib__fota_download.a(fota_download.c.obj)
                0x000000000002c12c                fota_download_init
 .text.dfu_target_img_type
                0x000000000002c164       0x4c modules/nrf/subsys/dfu/lib..__nrf__subsys__dfu.a(dfu_target.c.obj)
                0x000000000002c164                dfu_target_img_type
 .text.dfu_target_init
                0x000000000002c1b0       0x64 modules/nrf/subsys/dfu/lib..__nrf__subsys__dfu.a(dfu_target.c.obj)
                0x000000000002c1b0                dfu_target_init
 .text.dfu_target_offset_get
                0x000000000002c214       0x14 modules/nrf/subsys/dfu/lib..__nrf__subsys__dfu.a(dfu_target.c.obj)
                0x000000000002c214                dfu_target_offset_get
 .text.dfu_target_write
                0x000000000002c228       0x18 modules/nrf/subsys/dfu/lib..__nrf__subsys__dfu.a(dfu_target.c.obj)
                0x000000000002c228                dfu_target_write
 .text.dfu_target_done
                0x000000000002c240       0x48 modules/nrf/subsys/dfu/lib..__nrf__subsys__dfu.a(dfu_target.c.obj)
                0x000000000002c240                dfu_target_done
 .text.dfu_target_reset
                0x000000000002c288       0x40 modules/nrf/subsys/dfu/lib..__nrf__subsys__dfu.a(dfu_target.c.obj)
                0x000000000002c288                dfu_target_reset
 .text.get_modem_error
                0x000000000002c2c8       0x54 modules/nrf/subsys/dfu/lib..__nrf__subsys__dfu.a(dfu_target_modem.c.obj)
 .text.delete_banked_modem_fw
                0x000000000002c31c       0xe8 modules/nrf/subsys/dfu/lib..__nrf__subsys__dfu.a(dfu_target_modem.c.obj)
 .text.dfu_target_modem_identify
                0x000000000002c404       0x10 modules/nrf/subsys/dfu/lib..__nrf__subsys__dfu.a(dfu_target_modem.c.obj)
                0x000000000002c404                dfu_target_modem_identify
 .text.dfu_target_modem_init
                0x000000000002c414      0x1c0 modules/nrf/subsys/dfu/lib..__nrf__subsys__dfu.a(dfu_target_modem.c.obj)
                0x000000000002c414                dfu_target_modem_init
 .text.dfu_target_modem_offset_get
                0x000000000002c5d4       0x10 modules/nrf/subsys/dfu/lib..__nrf__subsys__dfu.a(dfu_target_modem.c.obj)
                0x000000000002c5d4                dfu_target_modem_offset_get
 .text.dfu_target_modem_write
                0x000000000002c5e4       0xb4 modules/nrf/subsys/dfu/lib..__nrf__subsys__dfu.a(dfu_target_modem.c.obj)
                0x000000000002c5e4                dfu_target_modem_write
 .text.dfu_target_modem_done
                0x000000000002c698       0x90 modules/nrf/subsys/dfu/lib..__nrf__subsys__dfu.a(dfu_target_modem.c.obj)
                0x000000000002c698                dfu_target_modem_done
 .text.reset_flash_context
                0x000000000002c728       0x34 modules/nrf/subsys/dfu/lib..__nrf__subsys__dfu.a(dfu_target_mcuboot.c.obj)
 .text.dfu_target_mcuboot_identify
                0x000000000002c75c       0x10 modules/nrf/subsys/dfu/lib..__nrf__subsys__dfu.a(dfu_target_mcuboot.c.obj)
                0x000000000002c75c                dfu_target_mcuboot_identify
 .text.dfu_target_mcuboot_init
                0x000000000002c76c       0x64 modules/nrf/subsys/dfu/lib..__nrf__subsys__dfu.a(dfu_target_mcuboot.c.obj)
                0x000000000002c76c                dfu_target_mcuboot_init
 .text.dfu_target_mcuboot_offset_get
                0x000000000002c7d0       0x14 modules/nrf/subsys/dfu/lib..__nrf__subsys__dfu.a(dfu_target_mcuboot.c.obj)
                0x000000000002c7d0                dfu_target_mcuboot_offset_get
 .text.dfu_target_mcuboot_write
                0x000000000002c7e4       0x3c modules/nrf/subsys/dfu/lib..__nrf__subsys__dfu.a(dfu_target_mcuboot.c.obj)
                0x000000000002c7e4                dfu_target_mcuboot_write
 .text.dfu_target_mcuboot_done
                0x000000000002c820       0x7c modules/nrf/subsys/dfu/lib..__nrf__subsys__dfu.a(dfu_target_mcuboot.c.obj)
                0x000000000002c820                dfu_target_mcuboot_done
 .text.check_ext_api_requests
                0x000000000002c89c       0x9c modules/nrf/subsys/fw_info/lib..__nrf__subsys__fw_info.a(fw_info.c.obj)
 .text.packet_free_cb
                0x000000000002c938       0x18 /opt/nordic/ncs/v1.4.99-dev1/nrfxlib/bsdlib/lib/cortex-m33/hard-float/libbsd_nrf9160_xxaa.a(logobj_interface.c.o)
 .text.logobj_event_handler
                0x000000000002c950       0xfc /opt/nordic/ncs/v1.4.99-dev1/nrfxlib/bsdlib/lib/cortex-m33/hard-float/libbsd_nrf9160_xxaa.a(logobj_interface.c.o)
                0x000000000002c950                logobj_event_handler
 .text.logobj_interface_init
                0x000000000002ca4c       0x3c /opt/nordic/ncs/v1.4.99-dev1/nrfxlib/bsdlib/lib/cortex-m33/hard-float/libbsd_nrf9160_xxaa.a(logobj_interface.c.o)
                0x000000000002ca4c                logobj_interface_init
 .text.logobj_interface_open
                0x000000000002ca88      0x188 /opt/nordic/ncs/v1.4.99-dev1/nrfxlib/bsdlib/lib/cortex-m33/hard-float/libbsd_nrf9160_xxaa.a(logobj_interface.c.o)
                0x000000000002ca88                logobj_interface_open
 .text.logobj_interface_read
                0x000000000002cc10       0xfc /opt/nordic/ncs/v1.4.99-dev1/nrfxlib/bsdlib/lib/cortex-m33/hard-float/libbsd_nrf9160_xxaa.a(logobj_interface.c.o)
                0x000000000002cc10                logobj_interface_read
 .text.logobj_interface_write
                0x000000000002cd0c      0x114 /opt/nordic/ncs/v1.4.99-dev1/nrfxlib/bsdlib/lib/cortex-m33/hard-float/libbsd_nrf9160_xxaa.a(logobj_interface.c.o)
                0x000000000002cd0c                logobj_interface_write
 .text.logobj_interface_setopt
                0x000000000002ce20      0x1c0 /opt/nordic/ncs/v1.4.99-dev1/nrfxlib/bsdlib/lib/cortex-m33/hard-float/libbsd_nrf9160_xxaa.a(logobj_interface.c.o)
                0x000000000002ce20                logobj_interface_setopt
 .text.logobj_interface_getopt
                0x000000000002cfe0       0xa4 /opt/nordic/ncs/v1.4.99-dev1/nrfxlib/bsdlib/lib/cortex-m33/hard-float/libbsd_nrf9160_xxaa.a(logobj_interface.c.o)
                0x000000000002cfe0                logobj_interface_getopt
 .text.logobj_interface_close
                0x000000000002d084       0x2c /opt/nordic/ncs/v1.4.99-dev1/nrfxlib/bsdlib/lib/cortex-m33/hard-float/libbsd_nrf9160_xxaa.a(logobj_interface.c.o)
                0x000000000002d084                logobj_interface_close
 .text.rpc_transport_send
                0x000000000002d0b0        0x4 /opt/nordic/ncs/v1.4.99-dev1/nrfxlib/bsdlib/lib/cortex-m33/hard-float/libbsd_nrf9160_xxaa.a(rpc_transport.c.o)
                0x000000000002d0b0                rpc_transport_send
 .text.rpc_transport_rpc_alloc
                0x000000000002d0b4        0x4 /opt/nordic/ncs/v1.4.99-dev1/nrfxlib/bsdlib/lib/cortex-m33/hard-float/libbsd_nrf9160_xxaa.a(rpc_transport.c.o)
                0x000000000002d0b4                rpc_transport_rpc_alloc
 .text.rpc_transport_data_alloc
                0x000000000002d0b8        0x4 /opt/nordic/ncs/v1.4.99-dev1/nrfxlib/bsdlib/lib/cortex-m33/hard-float/libbsd_nrf9160_xxaa.a(rpc_transport.c.o)
                0x000000000002d0b8                rpc_transport_data_alloc
 .text.rpc_transport_rpc_free
                0x000000000002d0bc        0x4 /opt/nordic/ncs/v1.4.99-dev1/nrfxlib/bsdlib/lib/cortex-m33/hard-float/libbsd_nrf9160_xxaa.a(rpc_transport.c.o)
                0x000000000002d0bc                rpc_transport_rpc_free
 .text.rpc_transport_data_free
                0x000000000002d0c0        0x4 /opt/nordic/ncs/v1.4.99-dev1/nrfxlib/bsdlib/lib/cortex-m33/hard-float/libbsd_nrf9160_xxaa.a(rpc_transport.c.o)
                0x000000000002d0c0                rpc_transport_data_free
 .text.ipc_trace_init
                0x000000000002d0c4        0xc /opt/nordic/ncs/v1.4.99-dev1/nrfxlib/bsdlib/lib/cortex-m33/hard-float/libbsd_nrf9160_xxaa.a(ipc_trace.c.o)
                0x000000000002d0c4                ipc_trace_init
 .text.bsd_os_trace_irq_handler
                0x000000000002d0d0      0x1cc /opt/nordic/ncs/v1.4.99-dev1/nrfxlib/bsdlib/lib/cortex-m33/hard-float/libbsd_nrf9160_xxaa.a(ipc_trace.c.o)
                0x000000000002d0d0                bsd_os_trace_irq_handler
 .text.ipc_trace_handle
                0x000000000002d29c      0x2e4 /opt/nordic/ncs/v1.4.99-dev1/nrfxlib/bsdlib/lib/cortex-m33/hard-float/libbsd_nrf9160_xxaa.a(ipc_trace.c.o)
                0x000000000002d29c                ipc_trace_handle
 .text.rpc_trace_coredump_in_progress
                0x000000000002d580        0xc /opt/nordic/ncs/v1.4.99-dev1/nrfxlib/bsdlib/lib/cortex-m33/hard-float/libbsd_nrf9160_xxaa.a(ipc_trace.c.o)
                0x000000000002d580                rpc_trace_coredump_in_progress
 .text.rpc_transport_ipc_data_free
                0x000000000002d58c       0x44 /opt/nordic/ncs/v1.4.99-dev1/nrfxlib/bsdlib/lib/cortex-m33/hard-float/libbsd_nrf9160_xxaa.a(rpc_transport_ipc.c.o)
                0x000000000002d58c                rpc_transport_ipc_data_free
 .text.rpc_transport_ipc_init
                0x000000000002d5d0       0x68 /opt/nordic/ncs/v1.4.99-dev1/nrfxlib/bsdlib/lib/cortex-m33/hard-float/libbsd_nrf9160_xxaa.a(rpc_transport_ipc.c.o)
                0x000000000002d5d0                rpc_transport_ipc_init
 .text.rpc_transport_ipc_shutdown
                0x000000000002d638       0xf8 /opt/nordic/ncs/v1.4.99-dev1/nrfxlib/bsdlib/lib/cortex-m33/hard-float/libbsd_nrf9160_xxaa.a(rpc_transport_ipc_rx.c.o)
                0x000000000002d638                rpc_transport_ipc_shutdown
 .text.bsd_os_application_irq_handler
                0x000000000002d730       0xec /opt/nordic/ncs/v1.4.99-dev1/nrfxlib/bsdlib/lib/cortex-m33/hard-float/libbsd_nrf9160_xxaa.a(rpc_transport_ipc_rx.c.o)
                0x000000000002d730                bsd_os_application_irq_handler
 .text.IPC_IRQHandler
                0x000000000002d81c      0x1c4 /opt/nordic/ncs/v1.4.99-dev1/nrfxlib/bsdlib/lib/cortex-m33/hard-float/libbsd_nrf9160_xxaa.a(rpc_transport_ipc_rx.c.o)
                0x000000000002d81c                IPC_IRQHandler
 .text.rpc_transport_ipc_rx_init
                0x000000000002d9e0      0x24c /opt/nordic/ncs/v1.4.99-dev1/nrfxlib/bsdlib/lib/cortex-m33/hard-float/libbsd_nrf9160_xxaa.a(rpc_transport_ipc_rx.c.o)
                0x000000000002d9e0                rpc_transport_ipc_rx_init
 .text.rpc_transport_ipc_msg_free
                0x000000000002dc2c       0x64 /opt/nordic/ncs/v1.4.99-dev1/nrfxlib/bsdlib/lib/cortex-m33/hard-float/libbsd_nrf9160_xxaa.a(rpc_transport_ipc_rx.c.o)
                0x000000000002dc2c                rpc_transport_ipc_msg_free
 .text.rpc_transport_ipc_tx_init
                0x000000000002dc90      0x1d4 /opt/nordic/ncs/v1.4.99-dev1/nrfxlib/bsdlib/lib/cortex-m33/hard-float/libbsd_nrf9160_xxaa.a(rpc_transport_ipc_tx.c.o)
                0x000000000002dc90                rpc_transport_ipc_tx_init
 .text.rpc_transport_ipc_send
                0x000000000002de64      0x104 /opt/nordic/ncs/v1.4.99-dev1/nrfxlib/bsdlib/lib/cortex-m33/hard-float/libbsd_nrf9160_xxaa.a(rpc_transport_ipc_tx.c.o)
                0x000000000002de64                rpc_transport_ipc_send
 .text.rpc_transport_ipc_tx_rpc_data_alloc
                0x000000000002df68       0x70 /opt/nordic/ncs/v1.4.99-dev1/nrfxlib/bsdlib/lib/cortex-m33/hard-float/libbsd_nrf9160_xxaa.a(rpc_transport_ipc_tx.c.o)
                0x000000000002df68                rpc_transport_ipc_tx_rpc_data_alloc
 .text.rpc_transport_ipc_tx_rpc_ctrl_alloc
                0x000000000002dfd8       0x60 /opt/nordic/ncs/v1.4.99-dev1/nrfxlib/bsdlib/lib/cortex-m33/hard-float/libbsd_nrf9160_xxaa.a(rpc_transport_ipc_tx.c.o)
                0x000000000002dfd8                rpc_transport_ipc_tx_rpc_ctrl_alloc
 .text.rpc_transport_ipc_tx_data_alloc
                0x000000000002e038       0x14 /opt/nordic/ncs/v1.4.99-dev1/nrfxlib/bsdlib/lib/cortex-m33/hard-float/libbsd_nrf9160_xxaa.a(rpc_transport_ipc_tx.c.o)
                0x000000000002e038                rpc_transport_ipc_tx_data_alloc
 .text.rpc_transport_ipc_tx_suspend
                0x000000000002e04c        0xc /opt/nordic/ncs/v1.4.99-dev1/nrfxlib/bsdlib/lib/cortex-m33/hard-float/libbsd_nrf9160_xxaa.a(rpc_transport_ipc_tx.c.o)
                0x000000000002e04c                rpc_transport_ipc_tx_suspend
 .text.secure_client_socket
                0x000000000002e058      0x12c /opt/nordic/ncs/v1.4.99-dev1/nrfxlib/bsdlib/lib/cortex-m33/hard-float/libbsd_nrf9160_xxaa.a(tls_interface.c.o)
 .text.tls_interface_init
                0x000000000002e184       0x10 /opt/nordic/ncs/v1.4.99-dev1/nrfxlib/bsdlib/lib/cortex-m33/hard-float/libbsd_nrf9160_xxaa.a(tls_interface.c.o)
                0x000000000002e184                tls_interface_init
 .text.tls_interface_open
                0x000000000002e194       0x9c /opt/nordic/ncs/v1.4.99-dev1/nrfxlib/bsdlib/lib/cortex-m33/hard-float/libbsd_nrf9160_xxaa.a(tls_interface.c.o)
                0x000000000002e194                tls_interface_open
 .text.tls_interface_close
                0x000000000002e230       0x3c /opt/nordic/ncs/v1.4.99-dev1/nrfxlib/bsdlib/lib/cortex-m33/hard-float/libbsd_nrf9160_xxaa.a(tls_interface.c.o)
                0x000000000002e230                tls_interface_close
 .text.tls_interface_sendto
                0x000000000002e26c      0x128 /opt/nordic/ncs/v1.4.99-dev1/nrfxlib/bsdlib/lib/cortex-m33/hard-float/libbsd_nrf9160_xxaa.a(tls_interface.c.o)
                0x000000000002e26c                tls_interface_sendto
 .text.tls_interface_recvfrom
                0x000000000002e394       0x94 /opt/nordic/ncs/v1.4.99-dev1/nrfxlib/bsdlib/lib/cortex-m33/hard-float/libbsd_nrf9160_xxaa.a(tls_interface.c.o)
                0x000000000002e394                tls_interface_recvfrom
 .text.tls_interface_bind
                0x000000000002e428       0xf4 /opt/nordic/ncs/v1.4.99-dev1/nrfxlib/bsdlib/lib/cortex-m33/hard-float/libbsd_nrf9160_xxaa.a(tls_interface.c.o)
                0x000000000002e428                tls_interface_bind
 .text.tls_interface_connect
                0x000000000002e51c       0x60 /opt/nordic/ncs/v1.4.99-dev1/nrfxlib/bsdlib/lib/cortex-m33/hard-float/libbsd_nrf9160_xxaa.a(tls_interface.c.o)
                0x000000000002e51c                tls_interface_connect
 .text.tls_interface_listen
                0x000000000002e57c      0x128 /opt/nordic/ncs/v1.4.99-dev1/nrfxlib/bsdlib/lib/cortex-m33/hard-float/libbsd_nrf9160_xxaa.a(tls_interface.c.o)
                0x000000000002e57c                tls_interface_listen
 .text.tls_interface_accept
                0x000000000002e6a4       0xc0 /opt/nordic/ncs/v1.4.99-dev1/nrfxlib/bsdlib/lib/cortex-m33/hard-float/libbsd_nrf9160_xxaa.a(tls_interface.c.o)
                0x000000000002e6a4                tls_interface_accept
 .text.tls_interface_setopt
                0x000000000002e764      0x174 /opt/nordic/ncs/v1.4.99-dev1/nrfxlib/bsdlib/lib/cortex-m33/hard-float/libbsd_nrf9160_xxaa.a(tls_interface.c.o)
                0x000000000002e764                tls_interface_setopt
 .text.tls_interface_getopt
                0x000000000002e8d8       0xec /opt/nordic/ncs/v1.4.99-dev1/nrfxlib/bsdlib/lib/cortex-m33/hard-float/libbsd_nrf9160_xxaa.a(tls_interface.c.o)
                0x000000000002e8d8                tls_interface_getopt
 .text.tls_rpc_ip_event_handler
                0x000000000002e9c4      0x104 /opt/nordic/ncs/v1.4.99-dev1/nrfxlib/bsdlib/lib/cortex-m33/hard-float/libbsd_nrf9160_xxaa.a(tls_interface.c.o)
                0x000000000002e9c4                tls_rpc_ip_event_handler
 .text.ip_client_event_handler
                0x000000000002eac8        0xc /opt/nordic/ncs/v1.4.99-dev1/nrfxlib/bsdlib/lib/cortex-m33/hard-float/libbsd_nrf9160_xxaa.a(rpc_ip_client.c.o)
 .text.rpc_ip_client_init
                0x000000000002ead4        0xc /opt/nordic/ncs/v1.4.99-dev1/nrfxlib/bsdlib/lib/cortex-m33/hard-float/libbsd_nrf9160_xxaa.a(rpc_ip_client.c.o)
                0x000000000002ead4                rpc_ip_client_init
 .text.rpc_ip_client_request_alloc
                0x000000000002eae0       0x28 /opt/nordic/ncs/v1.4.99-dev1/nrfxlib/bsdlib/lib/cortex-m33/hard-float/libbsd_nrf9160_xxaa.a(rpc_ip_client.c.o)
                0x000000000002eae0                rpc_ip_client_request_alloc
 .text.rpc_ip_client_request_send
                0x000000000002eb08       0x2c /opt/nordic/ncs/v1.4.99-dev1/nrfxlib/bsdlib/lib/cortex-m33/hard-float/libbsd_nrf9160_xxaa.a(rpc_ip_client.c.o)
                0x000000000002eb08                rpc_ip_client_request_send
 .text.rpc_ip_client_message_free
                0x000000000002eb34       0x10 /opt/nordic/ncs/v1.4.99-dev1/nrfxlib/bsdlib/lib/cortex-m33/hard-float/libbsd_nrf9160_xxaa.a(rpc_ip_client.c.o)
                0x000000000002eb34                rpc_ip_client_message_free
 .text.rpc_ip_client_data_free
                0x000000000002eb44       0x10 /opt/nordic/ncs/v1.4.99-dev1/nrfxlib/bsdlib/lib/cortex-m33/hard-float/libbsd_nrf9160_xxaa.a(rpc_ip_client.c.o)
                0x000000000002eb44                rpc_ip_client_data_free
 .text.ip_recvd_packet_free_cb
                0x000000000002eb54       0x18 /opt/nordic/ncs/v1.4.99-dev1/nrfxlib/bsdlib/lib/cortex-m33/hard-float/libbsd_nrf9160_xxaa.a(ip_interface.c.o)
 .text.rpc_error_to_nrf_bsd_error
                0x000000000002eb6c       0x14 /opt/nordic/ncs/v1.4.99-dev1/nrfxlib/bsdlib/lib/cortex-m33/hard-float/libbsd_nrf9160_xxaa.a(ip_interface.c.o)
                0x000000000002eb6c                rpc_error_to_nrf_bsd_error
 .text.ip_interface_request_create
                0x000000000002eb80       0x40 /opt/nordic/ncs/v1.4.99-dev1/nrfxlib/bsdlib/lib/cortex-m33/hard-float/libbsd_nrf9160_xxaa.a(ip_interface.c.o)
                0x000000000002eb80                ip_interface_request_create
 .text.ip_interface_request_send
                0x000000000002ebc0       0x28 /opt/nordic/ncs/v1.4.99-dev1/nrfxlib/bsdlib/lib/cortex-m33/hard-float/libbsd_nrf9160_xxaa.a(ip_interface.c.o)
                0x000000000002ebc0                ip_interface_request_send
 .text.ip_interface_wait
                0x000000000002ebe8       0x28 /opt/nordic/ncs/v1.4.99-dev1/nrfxlib/bsdlib/lib/cortex-m33/hard-float/libbsd_nrf9160_xxaa.a(ip_interface.c.o)
                0x000000000002ebe8                ip_interface_wait
 .text.ip_interface_init
                0x000000000002ec10       0x3c /opt/nordic/ncs/v1.4.99-dev1/nrfxlib/bsdlib/lib/cortex-m33/hard-float/libbsd_nrf9160_xxaa.a(ip_interface.c.o)
                0x000000000002ec10                ip_interface_init
 .text.ip_interface_open
                0x000000000002ec4c      0x18c /opt/nordic/ncs/v1.4.99-dev1/nrfxlib/bsdlib/lib/cortex-m33/hard-float/libbsd_nrf9160_xxaa.a(ip_interface.c.o)
                0x000000000002ec4c                ip_interface_open
 .text.ip_interface_close
                0x000000000002edd8       0xe4 /opt/nordic/ncs/v1.4.99-dev1/nrfxlib/bsdlib/lib/cortex-m33/hard-float/libbsd_nrf9160_xxaa.a(ip_interface.c.o)
                0x000000000002edd8                ip_interface_close
 .text.ip_interface_sendto
                0x000000000002eebc      0x2f8 /opt/nordic/ncs/v1.4.99-dev1/nrfxlib/bsdlib/lib/cortex-m33/hard-float/libbsd_nrf9160_xxaa.a(ip_interface.c.o)
                0x000000000002eebc                ip_interface_sendto
 .text.ip_interface_recvfrom
                0x000000000002f1b4      0x250 /opt/nordic/ncs/v1.4.99-dev1/nrfxlib/bsdlib/lib/cortex-m33/hard-float/libbsd_nrf9160_xxaa.a(ip_interface.c.o)
                0x000000000002f1b4                ip_interface_recvfrom
 .text.ip_interface_connect
                0x000000000002f404      0x184 /opt/nordic/ncs/v1.4.99-dev1/nrfxlib/bsdlib/lib/cortex-m33/hard-float/libbsd_nrf9160_xxaa.a(ip_interface.c.o)
                0x000000000002f404                ip_interface_connect
 .text.ip_interface_socketoption_get
                0x000000000002f588      0x160 /opt/nordic/ncs/v1.4.99-dev1/nrfxlib/bsdlib/lib/cortex-m33/hard-float/libbsd_nrf9160_xxaa.a(ip_interface.c.o)
                0x000000000002f588                ip_interface_socketoption_get
 .text.ip_interface_socketoption_send
                0x000000000002f6e8       0xec /opt/nordic/ncs/v1.4.99-dev1/nrfxlib/bsdlib/lib/cortex-m33/hard-float/libbsd_nrf9160_xxaa.a(ip_interface.c.o)
                0x000000000002f6e8                ip_interface_socketoption_send
 .text.ip_interface_bind
                0x000000000002f7d4      0x144 /opt/nordic/ncs/v1.4.99-dev1/nrfxlib/bsdlib/lib/cortex-m33/hard-float/libbsd_nrf9160_xxaa.a(ip_interface.c.o)
                0x000000000002f7d4                ip_interface_bind
 .text.ip_interface_listen
                0x000000000002f918       0xf8 /opt/nordic/ncs/v1.4.99-dev1/nrfxlib/bsdlib/lib/cortex-m33/hard-float/libbsd_nrf9160_xxaa.a(ip_interface.c.o)
                0x000000000002f918                ip_interface_listen
 .text.ip_interface_accept
                0x000000000002fa10      0x284 /opt/nordic/ncs/v1.4.99-dev1/nrfxlib/bsdlib/lib/cortex-m33/hard-float/libbsd_nrf9160_xxaa.a(ip_interface.c.o)
                0x000000000002fa10                ip_interface_accept
 .text.ip_interface_setopt
                0x000000000002fc94      0x144 /opt/nordic/ncs/v1.4.99-dev1/nrfxlib/bsdlib/lib/cortex-m33/hard-float/libbsd_nrf9160_xxaa.a(ip_interface.c.o)
                0x000000000002fc94                ip_interface_setopt
 .text.ip_interface_getopt
                0x000000000002fdd8      0x10c /opt/nordic/ncs/v1.4.99-dev1/nrfxlib/bsdlib/lib/cortex-m33/hard-float/libbsd_nrf9160_xxaa.a(ip_interface.c.o)
                0x000000000002fdd8                ip_interface_getopt
 .text.ip_interface_getaddrinfo
                0x000000000002fee4      0x1fc /opt/nordic/ncs/v1.4.99-dev1/nrfxlib/bsdlib/lib/cortex-m33/hard-float/libbsd_nrf9160_xxaa.a(ip_interface.c.o)
                0x000000000002fee4                ip_interface_getaddrinfo
 .text.ip_interface_freeaddrinfo
                0x00000000000300e0       0x38 /opt/nordic/ncs/v1.4.99-dev1/nrfxlib/bsdlib/lib/cortex-m33/hard-float/libbsd_nrf9160_xxaa.a(ip_interface.c.o)
                0x00000000000300e0                ip_interface_freeaddrinfo
 .text.rpc_ip_event_handler
                0x0000000000030118      0x52c /opt/nordic/ncs/v1.4.99-dev1/nrfxlib/bsdlib/lib/cortex-m33/hard-float/libbsd_nrf9160_xxaa.a(ip_interface.c.o)
                0x0000000000030118                rpc_ip_event_handler
 .text.rpc_handle_ctrl_message
                0x0000000000030644       0x30 /opt/nordic/ncs/v1.4.99-dev1/nrfxlib/bsdlib/lib/cortex-m33/hard-float/libbsd_nrf9160_xxaa.a(rpc_framework.c.o)
                0x0000000000030644                rpc_handle_ctrl_message
 .text.rpc_handle_data_message
                0x0000000000030674       0x94 /opt/nordic/ncs/v1.4.99-dev1/nrfxlib/bsdlib/lib/cortex-m33/hard-float/libbsd_nrf9160_xxaa.a(rpc_framework.c.o)
                0x0000000000030674                rpc_handle_data_message
 .text.rpc_framework_init
                0x0000000000030708       0x14 /opt/nordic/ncs/v1.4.99-dev1/nrfxlib/bsdlib/lib/cortex-m33/hard-float/libbsd_nrf9160_xxaa.a(rpc_framework.c.o)
                0x0000000000030708                rpc_framework_init
 .text.rpc_client_register
                0x000000000003071c       0xd4 /opt/nordic/ncs/v1.4.99-dev1/nrfxlib/bsdlib/lib/cortex-m33/hard-float/libbsd_nrf9160_xxaa.a(rpc_framework.c.o)
                0x000000000003071c                rpc_client_register
 .text.rpc_message_send
                0x00000000000307f0       0x20 /opt/nordic/ncs/v1.4.99-dev1/nrfxlib/bsdlib/lib/cortex-m33/hard-float/libbsd_nrf9160_xxaa.a(rpc_framework.c.o)
                0x00000000000307f0                rpc_message_send
 .text.rpc_message_alloc
                0x0000000000030810       0x58 /opt/nordic/ncs/v1.4.99-dev1/nrfxlib/bsdlib/lib/cortex-m33/hard-float/libbsd_nrf9160_xxaa.a(rpc_framework.c.o)
                0x0000000000030810                rpc_message_alloc
 .text.rpc_message_free
                0x0000000000030868       0x18 /opt/nordic/ncs/v1.4.99-dev1/nrfxlib/bsdlib/lib/cortex-m33/hard-float/libbsd_nrf9160_xxaa.a(rpc_framework.c.o)
                0x0000000000030868                rpc_message_free
 .text.rpc_message_data_free
                0x0000000000030880       0x18 /opt/nordic/ncs/v1.4.99-dev1/nrfxlib/bsdlib/lib/cortex-m33/hard-float/libbsd_nrf9160_xxaa.a(rpc_framework.c.o)
                0x0000000000030880                rpc_message_data_free
 .text.packet_free_cb
                0x0000000000030898       0x1c /opt/nordic/ncs/v1.4.99-dev1/nrfxlib/bsdlib/lib/cortex-m33/hard-float/libbsd_nrf9160_xxaa.a(gnss_interface.c.o)
 .text.rpc_gnss_event_handler
                0x00000000000308b4      0x1a4 /opt/nordic/ncs/v1.4.99-dev1/nrfxlib/bsdlib/lib/cortex-m33/hard-float/libbsd_nrf9160_xxaa.a(gnss_interface.c.o)
                0x00000000000308b4                rpc_gnss_event_handler
 .text.gnss_interface_write
                0x0000000000030a58      0x1ec /opt/nordic/ncs/v1.4.99-dev1/nrfxlib/bsdlib/lib/cortex-m33/hard-float/libbsd_nrf9160_xxaa.a(gnss_interface.c.o)
                0x0000000000030a58                gnss_interface_write
 .text.gnss_interface_read
                0x0000000000030c44      0x410 /opt/nordic/ncs/v1.4.99-dev1/nrfxlib/bsdlib/lib/cortex-m33/hard-float/libbsd_nrf9160_xxaa.a(gnss_interface.c.o)
                0x0000000000030c44                gnss_interface_read
 .text.gnss_interface_setopt
                0x0000000000031054      0x304 /opt/nordic/ncs/v1.4.99-dev1/nrfxlib/bsdlib/lib/cortex-m33/hard-float/libbsd_nrf9160_xxaa.a(gnss_interface.c.o)
                0x0000000000031054                gnss_interface_setopt
 .text.gnss_interface_getopt
                0x0000000000031358      0x220 /opt/nordic/ncs/v1.4.99-dev1/nrfxlib/bsdlib/lib/cortex-m33/hard-float/libbsd_nrf9160_xxaa.a(gnss_interface.c.o)
                0x0000000000031358                gnss_interface_getopt
 .text.gnss_interface_init
                0x0000000000031578       0x44 /opt/nordic/ncs/v1.4.99-dev1/nrfxlib/bsdlib/lib/cortex-m33/hard-float/libbsd_nrf9160_xxaa.a(gnss_interface.c.o)
                0x0000000000031578                gnss_interface_init
 .text.gnss_interface_open
                0x00000000000315bc       0x88 /opt/nordic/ncs/v1.4.99-dev1/nrfxlib/bsdlib/lib/cortex-m33/hard-float/libbsd_nrf9160_xxaa.a(gnss_interface.c.o)
                0x00000000000315bc                gnss_interface_open
 .text.gnss_interface_close
                0x0000000000031644       0x64 /opt/nordic/ncs/v1.4.99-dev1/nrfxlib/bsdlib/lib/cortex-m33/hard-float/libbsd_nrf9160_xxaa.a(gnss_interface.c.o)
                0x0000000000031644                gnss_interface_close
 .text.rpc_logobj_client_evt_handler
                0x00000000000316a8       0x10 /opt/nordic/ncs/v1.4.99-dev1/nrfxlib/bsdlib/lib/cortex-m33/hard-float/libbsd_nrf9160_xxaa.a(rpc_logobj_client.c.o)
 .text.rpc_logobj_client_init
                0x00000000000316b8        0xc /opt/nordic/ncs/v1.4.99-dev1/nrfxlib/bsdlib/lib/cortex-m33/hard-float/libbsd_nrf9160_xxaa.a(rpc_logobj_client.c.o)
                0x00000000000316b8                rpc_logobj_client_init
 .text.rpc_logobj_client_request_alloc
                0x00000000000316c4       0x30 /opt/nordic/ncs/v1.4.99-dev1/nrfxlib/bsdlib/lib/cortex-m33/hard-float/libbsd_nrf9160_xxaa.a(rpc_logobj_client.c.o)
                0x00000000000316c4                rpc_logobj_client_request_alloc
 .text.rpc_logobj_client_request_send
                0x00000000000316f4       0x2c /opt/nordic/ncs/v1.4.99-dev1/nrfxlib/bsdlib/lib/cortex-m33/hard-float/libbsd_nrf9160_xxaa.a(rpc_logobj_client.c.o)
                0x00000000000316f4                rpc_logobj_client_request_send
 .text.rpc_logobj_client_message_free
                0x0000000000031720       0x10 /opt/nordic/ncs/v1.4.99-dev1/nrfxlib/bsdlib/lib/cortex-m33/hard-float/libbsd_nrf9160_xxaa.a(rpc_logobj_client.c.o)
                0x0000000000031720                rpc_logobj_client_message_free
 .text.rpc_logobj_client_data_free
                0x0000000000031730       0x10 /opt/nordic/ncs/v1.4.99-dev1/nrfxlib/bsdlib/lib/cortex-m33/hard-float/libbsd_nrf9160_xxaa.a(rpc_logobj_client.c.o)
                0x0000000000031730                rpc_logobj_client_data_free
 .text.dfu_client_event_handler
                0x0000000000031740        0xc /opt/nordic/ncs/v1.4.99-dev1/nrfxlib/bsdlib/lib/cortex-m33/hard-float/libbsd_nrf9160_xxaa.a(rpc_dfu_client.c.o)
 .text.rpc_dfu_client_init
                0x000000000003174c        0xc /opt/nordic/ncs/v1.4.99-dev1/nrfxlib/bsdlib/lib/cortex-m33/hard-float/libbsd_nrf9160_xxaa.a(rpc_dfu_client.c.o)
                0x000000000003174c                rpc_dfu_client_init
 .text.rpc_dfu_client_request_alloc
                0x0000000000031758       0x28 /opt/nordic/ncs/v1.4.99-dev1/nrfxlib/bsdlib/lib/cortex-m33/hard-float/libbsd_nrf9160_xxaa.a(rpc_dfu_client.c.o)
                0x0000000000031758                rpc_dfu_client_request_alloc
 .text.rpc_dfu_client_request_send
                0x0000000000031780       0x28 /opt/nordic/ncs/v1.4.99-dev1/nrfxlib/bsdlib/lib/cortex-m33/hard-float/libbsd_nrf9160_xxaa.a(rpc_dfu_client.c.o)
                0x0000000000031780                rpc_dfu_client_request_send
 .text.rpc_dfu_client_message_free
                0x00000000000317a8       0x10 /opt/nordic/ncs/v1.4.99-dev1/nrfxlib/bsdlib/lib/cortex-m33/hard-float/libbsd_nrf9160_xxaa.a(rpc_dfu_client.c.o)
                0x00000000000317a8                rpc_dfu_client_message_free
 .text.rpc_dfu_client_data_free
                0x00000000000317b8       0x10 /opt/nordic/ncs/v1.4.99-dev1/nrfxlib/bsdlib/lib/cortex-m33/hard-float/libbsd_nrf9160_xxaa.a(rpc_dfu_client.c.o)
                0x00000000000317b8                rpc_dfu_client_data_free
 .text.packet_free_cb
                0x00000000000317c8        0x8 /opt/nordic/ncs/v1.4.99-dev1/nrfxlib/bsdlib/lib/cortex-m33/hard-float/libbsd_nrf9160_xxaa.a(at_interface.c.o)
 .text.at_interface_write
                0x00000000000317d0       0xfc /opt/nordic/ncs/v1.4.99-dev1/nrfxlib/bsdlib/lib/cortex-m33/hard-float/libbsd_nrf9160_xxaa.a(at_interface.c.o)
                0x00000000000317d0                at_interface_write
 .text.at_interface_init
                0x00000000000318cc       0x14 /opt/nordic/ncs/v1.4.99-dev1/nrfxlib/bsdlib/lib/cortex-m33/hard-float/libbsd_nrf9160_xxaa.a(at_interface.c.o)
                0x00000000000318cc                at_interface_init
 .text.at_interface_open
                0x00000000000318e0       0xe0 /opt/nordic/ncs/v1.4.99-dev1/nrfxlib/bsdlib/lib/cortex-m33/hard-float/libbsd_nrf9160_xxaa.a(at_interface.c.o)
                0x00000000000318e0                at_interface_open
 .text.at_interface_close
                0x00000000000319c0       0xb8 /opt/nordic/ncs/v1.4.99-dev1/nrfxlib/bsdlib/lib/cortex-m33/hard-float/libbsd_nrf9160_xxaa.a(at_interface.c.o)
                0x00000000000319c0                at_interface_close
 .text.at_interface_read
                0x0000000000031a78      0x124 /opt/nordic/ncs/v1.4.99-dev1/nrfxlib/bsdlib/lib/cortex-m33/hard-float/libbsd_nrf9160_xxaa.a(at_interface.c.o)
                0x0000000000031a78                at_interface_read
 .text.at_interface_getopt
                0x0000000000031b9c        0x4 /opt/nordic/ncs/v1.4.99-dev1/nrfxlib/bsdlib/lib/cortex-m33/hard-float/libbsd_nrf9160_xxaa.a(at_interface.c.o)
                0x0000000000031b9c                at_interface_getopt
 .text.at_interface_setopt
                0x0000000000031ba0        0x4 /opt/nordic/ncs/v1.4.99-dev1/nrfxlib/bsdlib/lib/cortex-m33/hard-float/libbsd_nrf9160_xxaa.a(at_interface.c.o)
                0x0000000000031ba0                at_interface_setopt
 .text.rpc_at_event_handler
                0x0000000000031ba4       0xa4 /opt/nordic/ncs/v1.4.99-dev1/nrfxlib/bsdlib/lib/cortex-m33/hard-float/libbsd_nrf9160_xxaa.a(at_interface.c.o)
                0x0000000000031ba4                rpc_at_event_handler
 .text.ok_rsp_parser
                0x0000000000031c48        0x4 /opt/nordic/ncs/v1.4.99-dev1/nrfxlib/bsdlib/lib/cortex-m33/hard-float/libbsd_nrf9160_xxaa.a(pdn_interface.c.o)
 .text.pdn_state_get_parser
                0x0000000000031c4c       0x6c /opt/nordic/ncs/v1.4.99-dev1/nrfxlib/bsdlib/lib/cortex-m33/hard-float/libbsd_nrf9160_xxaa.a(pdn_interface.c.o)
 .text.pdn_id_get_parser
                0x0000000000031cb8       0x58 /opt/nordic/ncs/v1.4.99-dev1/nrfxlib/bsdlib/lib/cortex-m33/hard-float/libbsd_nrf9160_xxaa.a(pdn_interface.c.o)
 .text.context_create_parser
                0x0000000000031d10       0x58 /opt/nordic/ncs/v1.4.99-dev1/nrfxlib/bsdlib/lib/cortex-m33/hard-float/libbsd_nrf9160_xxaa.a(pdn_interface.c.o)
 .text.pdn_interface_init
                0x0000000000031d68       0x40 /opt/nordic/ncs/v1.4.99-dev1/nrfxlib/bsdlib/lib/cortex-m33/hard-float/libbsd_nrf9160_xxaa.a(pdn_interface.c.o)
                0x0000000000031d68                pdn_interface_init
 .text.pdn_interface_open
                0x0000000000031da8      0x1c8 /opt/nordic/ncs/v1.4.99-dev1/nrfxlib/bsdlib/lib/cortex-m33/hard-float/libbsd_nrf9160_xxaa.a(pdn_interface.c.o)
                0x0000000000031da8                pdn_interface_open
 .text.pdn_interface_connect
                0x0000000000031f70      0x450 /opt/nordic/ncs/v1.4.99-dev1/nrfxlib/bsdlib/lib/cortex-m33/hard-float/libbsd_nrf9160_xxaa.a(pdn_interface.c.o)
                0x0000000000031f70                pdn_interface_connect
 .text.pdn_interface_close
                0x00000000000323c0      0x1e0 /opt/nordic/ncs/v1.4.99-dev1/nrfxlib/bsdlib/lib/cortex-m33/hard-float/libbsd_nrf9160_xxaa.a(pdn_interface.c.o)
                0x00000000000323c0                pdn_interface_close
 .text.pdn_interface_setopt
                0x00000000000325a0      0x160 /opt/nordic/ncs/v1.4.99-dev1/nrfxlib/bsdlib/lib/cortex-m33/hard-float/libbsd_nrf9160_xxaa.a(pdn_interface.c.o)
                0x00000000000325a0                pdn_interface_setopt
 .text.pdn_interface_getopt
                0x0000000000032700      0x194 /opt/nordic/ncs/v1.4.99-dev1/nrfxlib/bsdlib/lib/cortex-m33/hard-float/libbsd_nrf9160_xxaa.a(pdn_interface.c.o)
                0x0000000000032700                pdn_interface_getopt
 .text.pdn_interface_pdn_id_get
                0x0000000000032894      0x5d0 /opt/nordic/ncs/v1.4.99-dev1/nrfxlib/bsdlib/lib/cortex-m33/hard-float/libbsd_nrf9160_xxaa.a(pdn_interface.c.o)
                0x0000000000032894                pdn_interface_pdn_id_get
 .text.bsd_platform_error_handler
                0x0000000000032e64        0x8 /opt/nordic/ncs/v1.4.99-dev1/nrfxlib/bsdlib/lib/cortex-m33/hard-float/libbsd_nrf9160_xxaa.a(bsd.c.o)
                0x0000000000032e64                bsd_platform_error_handler
 .text.bsd_init
                0x0000000000032e6c       0x28 /opt/nordic/ncs/v1.4.99-dev1/nrfxlib/bsdlib/lib/cortex-m33/hard-float/libbsd_nrf9160_xxaa.a(bsd.c.o)
                0x0000000000032e6c                bsd_init
 .text.unimplemented_method
                0x0000000000032e94       0x18 /opt/nordic/ncs/v1.4.99-dev1/nrfxlib/bsdlib/lib/cortex-m33/hard-float/libbsd_nrf9160_xxaa.a(bsd_platform.c.o)
 .text.rpc_transport_ipc_fault_handler
                0x0000000000032eac        0x4 /opt/nordic/ncs/v1.4.99-dev1/nrfxlib/bsdlib/lib/cortex-m33/hard-float/libbsd_nrf9160_xxaa.a(bsd_platform.c.o)
                0x0000000000032eac                rpc_transport_ipc_fault_handler
 .text.bsd_platform_init
                0x0000000000032eb0      0x108 /opt/nordic/ncs/v1.4.99-dev1/nrfxlib/bsdlib/lib/cortex-m33/hard-float/libbsd_nrf9160_xxaa.a(bsd_platform.c.o)
                0x0000000000032eb0                bsd_platform_init
 .text.bsd_platform_af_method_table_get
                0x0000000000032fb8       0xb0 /opt/nordic/ncs/v1.4.99-dev1/nrfxlib/bsdlib/lib/cortex-m33/hard-float/libbsd_nrf9160_xxaa.a(bsd_platform.c.o)
                0x0000000000032fb8                bsd_platform_af_method_table_get
 .text.bsd_platform_fd_method_table_get
                0x0000000000033068       0xec /opt/nordic/ncs/v1.4.99-dev1/nrfxlib/bsdlib/lib/cortex-m33/hard-float/libbsd_nrf9160_xxaa.a(bsd_platform.c.o)
                0x0000000000033068                bsd_platform_fd_method_table_get
 .text.bsd_platform_getaddrinfo
                0x0000000000033154        0x4 /opt/nordic/ncs/v1.4.99-dev1/nrfxlib/bsdlib/lib/cortex-m33/hard-float/libbsd_nrf9160_xxaa.a(bsd_platform_util.c.o)
                0x0000000000033154                bsd_platform_getaddrinfo
 .text.bsd_platform_freeaddrinfo
                0x0000000000033158        0x4 /opt/nordic/ncs/v1.4.99-dev1/nrfxlib/bsdlib/lib/cortex-m33/hard-float/libbsd_nrf9160_xxaa.a(bsd_platform_util.c.o)
                0x0000000000033158                bsd_platform_freeaddrinfo
 .text.bsd_platform_poll
                0x000000000003315c       0xb4 /opt/nordic/ncs/v1.4.99-dev1/nrfxlib/bsdlib/lib/cortex-m33/hard-float/libbsd_nrf9160_xxaa.a(bsd_platform_util.c.o)